Archive member included to satisfy reference by file (symbol)

..\..\..\arch\armv8-r\libarch-armv8r.a(arch_crt0.S.obj)
                              (Vector)
..\..\..\arch\armv8-r\libarch-armv8r.a(arch_main.c.obj)
                              ..\..\..\arch\armv8-r\libarch-armv8r.a(arch_crt0.S.obj) (arch_main)
..\..\..\arch\armv8-r\libarch-armv8r.a(arch_gic.c.obj)
                              ..\..\..\arch\armv8-r\libarch-armv8r.a(arch_main.c.obj) (arm_gic_init)
..\..\..\module\modules\rcar4-system\libmodule-rcar4-system.a(mod_rcar4_system.c.obj)
                              CMakeFiles/rcar4-bl.dir/__/src/CMSIS-FreeRTOS/Source/tasks.c.obj (vApplicationIdleHook)
..\..\..\module\modules\rcar4-system\libmodule-rcar4-system.a(rcar4_pwc.c.obj)
                              ..\..\..\module\modules\rcar4-system\libmodule-rcar4-system.a(mod_rcar4_system.c.obj) (rcar4_system_off)
..\..\..\module\modules\rcar4-system\libmodule-rcar4-system.a(FreeRTOS_tick_config.c.obj)
                              ..\..\..\module\modules\rcar4-system\libmodule-rcar4-system.a(mod_rcar4_system.c.obj) (vConfigureTickInterrupt)
..\..\..\module\modules\rcar4-system\libmodule-rcar4-system.a(rcar4_iic_dvfs.c.obj)
                              ..\..\..\module\modules\rcar4-system\libmodule-rcar4-system.a(rcar4_pwc.c.obj) (rcar4_iic_dvfs_send)
..\..\..\module\modules\rcar4-system\libmodule-rcar4-system.a(rcar4_common.c.obj)
                              ..\..\..\module\modules\rcar4-system\libmodule-rcar4-system.a(rcar4_iic_dvfs.c.obj) (mstpcr_write)
..\..\..\module\modules\power-domain\libmodule-power-domain.a(power_domain_utils.c.obj)
                              CMakeFiles/rcar4-bl.dir/config_power_domain.c.obj (create_power_domain_element_table)
..\..\..\framework\libframework.a(assert.c.obj)
                              ..\..\..\module\modules\rcar4-system\libmodule-rcar4-system.a(mod_rcar4_system.c.obj) (__assert_func)
..\..\..\framework\libframework.a(fwk_arch.c.obj)
                              ..\..\..\arch\armv8-r\libarch-armv8r.a(arch_main.c.obj) (fwk_arch_init)
..\..\..\framework\libframework.a(fwk_id.c.obj)
                              ..\..\..\module\modules\rcar4-system\libmodule-rcar4-system.a(mod_rcar4_system.c.obj) (fwk_id_is_type)
..\..\..\framework\libframework.a(fwk_interrupt.c.obj)
                              ..\..\..\framework\libframework.a(fwk_arch.c.obj) (fwk_interrupt_init)
..\..\..\framework\libframework.a(fwk_io.c.obj)
                              ..\..\..\framework\libframework.a(fwk_arch.c.obj) (fwk_io_init)
..\..\..\framework\libframework.a(fwk_log.c.obj)
                              ..\..\..\framework\libframework.a(fwk_arch.c.obj) (fwk_log_init)
..\..\..\framework\libframework.a(fwk_mm.c.obj)
                              CMakeFiles/rcar4-bl.dir/config_rcar4_pd_core.c.obj (fwk_mm_alloc)
..\..\..\framework\libframework.a(fwk_module.c.obj)
                              ..\..\..\framework\libframework.a(fwk_arch.c.obj) (fwk_module_init)
..\..\..\framework\libframework.a(fwk_ring.c.obj)
                              ..\..\..\framework\libframework.a(fwk_log.c.obj) (fwk_ring_get_free)
..\..\..\framework\libframework.a(fwk_slist.c.obj)
                              ..\..\..\framework\libframework.a(fwk_module.c.obj) (__fwk_slist_init)
..\..\..\framework\libframework.a(fwk_status.c.obj)
                              ..\..\..\framework\libframework.a(fwk_module.c.obj) (fwk_status_str)
..\..\..\framework\libframework.a(fwk_string.c.obj)
                              ..\..\..\module\modules\power-domain\libmodule-power-domain.a(power_domain_utils.c.obj) (fwk_str_memcpy)
..\..\..\framework\libframework.a(fwk_time.c.obj)
                              ..\..\..\framework\libframework.a(fwk_log.c.obj) (fwk_time_current)
..\..\..\framework\libframework.a(fwk_core.c.obj)
                              ..\..\..\framework\libframework.a(fwk_module.c.obj) (__fwk_init)
..\..\..\framework\libframework.a(fwk_notification.c.obj)
                              ..\..\..\arch\armv8-r\libarch-armv8r.a(arch_crt0.S.obj) (__fwk_notification_reset)
..\..\..\framework\libframework.a(fwk_module_list.c.obj)
                              ..\..\..\framework\libframework.a(fwk_module.c.obj) (module_config_table)
..\..\..\framework\libframework.a(fwk_dlist.c.obj)
                              ..\..\..\framework\libframework.a(fwk_notification.c.obj) (__fwk_dlist_push_tail)
..\..\..\framework\libframework.a(fwk_delayed_resp.c.obj)
                              ..\..\..\framework\libframework.a(fwk_core.c.obj) (__fwk_get_delayed_response_list)
..\..\..\module\modules\rcar4-pd-sysc\libmodule-rcar4-pd-sysc.a(mod_rcar4_pd_sysc.c.obj)
                              ..\..\..\framework\libframework.a(fwk_module_list.c.obj) (module_rcar4_pd_sysc)
..\..\..\module\modules\rcar4-pd-sysc\libmodule-rcar4-pd-sysc.a(rcar4_pd_sysc.c.obj)
[...]
Memory Configuration

Name             Origin             Length             Attributes
mem0             0xe2100000         0x0005f800         xrw
stack            0xe215f808         0x00000800         rw
sram             0xe6302000         0x00001000         xrw
*default*        0x00000000         0xffffffff

Linker script and memory map

LOAD C:/PROGRA~2/ARMGNU~1/133167~1.3RE/bin/../lib/gcc/arm-none-eabi/13.3.1/crti.o
LOAD C:/PROGRA~2/ARMGNU~1/133167~1.3RE/bin/../lib/gcc/arm-none-eabi/13.3.1/crtbegin.o
LOAD C:/PROGRA~2/ARMGNU~1/133167~1.3RE/bin/../lib/gcc/arm-none-eabi/13.3.1/crt0.o
                0x00000001                        ASSERT (0x1, FMW_STACK_SIZE does not fit in MEM0)
                0x00000001                        ASSERT (0x1, FMW_STACK_SIZE is too small)
                0xe2100000                        . = 0xe2100000
                0x00000001                        ASSERT ((. == ALIGN (0x1000)), CR7 dummy rtos address is not aligned on a page boundary.)

ro              0xe2100000    0x1c000
                0xe2100000                        __RO_START__ = .
 *rtos.o(.text*)
 *rtos_main.o(.text*)
                0xe2100000                        . = NEXT (0x8000)
 *(.text*)
 .text.register_tm_clones
                0xe2100000       0x38 C:/PROGRA~2/ARMGNU~1/133167~1.3RE/bin/../lib/gcc/arm-none-eabi/13.3.1/crtbegin.o
 .text.frame_dummy
                0xe2100038       0x34 C:/PROGRA~2/ARMGNU~1/133167~1.3RE/bin/../lib/gcc/arm-none-eabi/13.3.1/crtbegin.o
 .text.rcar4_power_domain_get_element_table
                0xe210006c       0x70 CMakeFiles/rcar4-bl.dir/config_power_domain.c.obj
 .text.rcar4_pd_sysc_get_element_table
                0xe21000dc        0xc CMakeFiles/rcar4-bl.dir/config_rcar4_pd_sysc.c.obj
 .text.rcar4_pd_core_get_element_table
                0xe21000e8      0x1e4 CMakeFiles/rcar4-bl.dir/config_rcar4_pd_core.c.obj
 .text.clock_get_dev_desc_table
                0xe21002cc       0x84 CMakeFiles/rcar4-bl.dir/config_clock.c.obj
 .text.rcar4_clock_get_element_table
                0xe2100350        0xc CMakeFiles/rcar4-bl.dir/config_rcar4_clock.c.obj
 .text.mfismh_get_element_table
                0xe210035c        0xc CMakeFiles/rcar4-bl.dir/config_rcar4_mfismh.c.obj
 .text.transport_get_element_table
                0xe2100368       0x90 CMakeFiles/rcar4-bl.dir/config_transport.c.obj
 .text.get_element_table
                0xe21003f8        0xc CMakeFiles/rcar4-bl.dir/config_scmi.c.obj
 .text.get_element_table
                0xe2100404        0xc CMakeFiles/rcar4-bl.dir/config_rcar4_system.c.obj
 .text.sds_get_element_table
                0xe2100410        0xc CMakeFiles/rcar4-bl.dir/config_sds.c.obj
 .text.rcar4_core_get_count
                0xe210041c        0x8 CMakeFiles/rcar4-bl.dir/__/src/rcar4_core.c.obj
                0xe210041c                rcar4_core_get_count
 .text.rcar4_cluster_get_count
                0xe2100424        0x8 CMakeFiles/rcar4-bl.dir/__/src/rcar4_core.c.obj
                0xe2100424                rcar4_cluster_get_count
 .text._sbrk    0xe210042c       0x4c CMakeFiles/rcar4-bl.dir/__/src/rcar4_syscalls.c.obj
                0xe210042c                _sbrk
 .text.rcar4_reset_get_element_table
                0xe2100478        0xc CMakeFiles/rcar4-bl.dir/config_rcar4_reset.c.obj
 .text.reset_domain_get_element_table
                0xe2100484        0xc CMakeFiles/rcar4-bl.dir/config_reset_domain.c.obj
 *fill*         0xe2100490       0x10 
 .text          0xe21004a0      0x25c ..\..\..\arch\armv8-r\libarch-armv8r.a(arch_crt0.S.obj)
                0xe21004a0                Vector
                0xe21004c0                Start
 .text.panic    0xe21006fc        0x4 ..\..\..\arch\armv8-r\libarch-armv8r.a(arch_main.c.obj)
                0xe21006fc                panic
 .text.arch_main
                0xe2100700       0x24 ..\..\..\arch\armv8-r\libarch-armv8r.a(arch_main.c.obj)
                0xe2100700                arch_main
 .text.GIC_SetEnable
                0xe2100724       0x30 ..\..\..\arch\armv8-r\libarch-armv8r.a(arch_gic.c.obj)
 .text.GIC_SetClearEnable
                0xe2100754       0x30 ..\..\..\arch\armv8-r\libarch-armv8r.a(arch_gic.c.obj)
 .text.GIC_SetConfiguration
                0xe2100784       0x30 ..\..\..\arch\armv8-r\libarch-armv8r.a(arch_gic.c.obj)
 .text.GIC_SetPriority
                0xe21007b4       0x2c ..\..\..\arch\armv8-r\libarch-armv8r.a(arch_gic.c.obj)
 .text.GIC_SetGroup
                0xe21007e0       0x30 ..\..\..\arch\armv8-r\libarch-armv8r.a(arch_gic.c.obj)
 .text.GIC_SetGrpMode
                0xe2100810       0x30 ..\..\..\arch\armv8-r\libarch-armv8r.a(arch_gic.c.obj)
 .text.GIC_EnableFIQ
                0xe2100840       0x7c ..\..\..\arch\armv8-r\libarch-armv8r.a(arch_gic.c.obj)
 .text.GIC_WakeupRedistributor
                0xe21008bc       0x34 ..\..\..\arch\armv8-r\libarch-armv8r.a(arch_gic.c.obj)
 .text.GIC_DisableInterface
                0xe21008f0       0x38 ..\..\..\arch\armv8-r\libarch-armv8r.a(arch_gic.c.obj)
 .text.is_pending
                0xe2100928       0x18 ..\..\..\arch\armv8-r\libarch-armv8r.a(arch_gic.c.obj)
 .text.set_pending
                0xe2100940       0x18 ..\..\..\arch\armv8-r\libarch-armv8r.a(arch_gic.c.obj)
 .text.global_enable
                0xe2100958       0x14 ..\..\..\arch\armv8-r\libarch-armv8r.a(arch_gic.c.obj)
 .text.global_disable
                0xe210096c       0x14 ..\..\..\arch\armv8-r\libarch-armv8r.a(arch_gic.c.obj)
 .text.is_enabled
                0xe2100980       0x18 ..\..\..\arch\armv8-r\libarch-armv8r.a(arch_gic.c.obj)
 .text.enable   0xe2100998       0x24 ..\..\..\arch\armv8-r\libarch-armv8r.a(arch_gic.c.obj)
 .text.disable  0xe21009bc       0x24 ..\..\..\arch\armv8-r\libarch-armv8r.a(arch_gic.c.obj)
 .text.clear_pending
                0xe21009e0       0x18 ..\..\..\arch\armv8-r\libarch-armv8r.a(arch_gic.c.obj)
 .text.set_isr_dummy
                0xe21009f8        0x8 ..\..\..\arch\armv8-r\libarch-armv8r.a(arch_gic.c.obj)
 .text.set_isr_dummy_param
                0xe2100a00        0x8 ..\..\..\arch\armv8-r\libarch-armv8r.a(arch_gic.c.obj)
 .text.get_current
                0xe2100a08       0x28 ..\..\..\arch\armv8-r\libarch-armv8r.a(arch_gic.c.obj)
 .text.is_interrupt_context
                0xe2100a30       0x40 ..\..\..\arch\armv8-r\libarch-armv8r.a(arch_gic.c.obj)
 .text._add     0xe2100a70       0xec ..\..\..\arch\armv8-r\libarch-armv8r.a(arch_gic.c.obj)
 .text.add_entry
                0xe2100b5c       0x20 ..\..\..\arch\armv8-r\libarch-armv8r.a(arch_gic.c.obj)
 .text.set_isr_irq_param
                0xe2100b7c       0x80 ..\..\..\arch\armv8-r\libarch-armv8r.a(arch_gic.c.obj)
 .text.set_isr_irq
                0xe2100bfc       0x80 ..\..\..\arch\armv8-r\libarch-armv8r.a(arch_gic.c.obj)
 .text.init_entry
                0xe2100c7c       0x48 ..\..\..\arch\armv8-r\libarch-armv8r.a(arch_gic.c.obj)
                0xe2100c7c                init_entry
 .text.gic_init
                0xe2100cc4       0x1c ..\..\..\arch\armv8-r\libarch-armv8r.a(arch_gic.c.obj)
                0xe2100cc4                gic_init
 .text.arm_gic_init
                0xe2100ce0       0x48 ..\..\..\arch\armv8-r\libarch-armv8r.a(arch_gic.c.obj)
                0xe2100ce0                arm_gic_init
 .text.rcar4_system_shutdown
                0xe2100d28       0x3c ..\..\..\module\modules\rcar4-system\libmodule-rcar4-system.a(mod_rcar4_system.c.obj)
 .text.rcar4_system_process_bind_request
                0xe2100d64       0x14 ..\..\..\module\modules\rcar4-system\libmodule-rcar4-system.a(mod_rcar4_system.c.obj)
 .text.rcar4_system_element
                0xe2100d78       0x28 ..\..\..\module\modules\rcar4-system\libmodule-rcar4-system.a(mod_rcar4_system.c.obj)
 .text.messaging_stack_ready
                0xe2100da0       0x60 ..\..\..\module\modules\rcar4-system\libmodule-rcar4-system.a(mod_rcar4_system.c.obj)
 .text.rcar4_system_process_notification
                0xe2100e00       0xd8 ..\..\..\module\modules\rcar4-system\libmodule-rcar4-system.a(mod_rcar4_system.c.obj)
 .text.rcar4_system_start
                0xe2100ed8       0x74 ..\..\..\module\modules\rcar4-system\libmodule-rcar4-system.a(mod_rcar4_system.c.obj)
 .text.rcar4_system_bind
                0xe2100f4c       0x74 ..\..\..\module\modules\rcar4-system\libmodule-rcar4-system.a(mod_rcar4_system.c.obj)
 .text.rcar4_system_init
                0xe2100fc0       0x50 ..\..\..\module\modules\rcar4-system\libmodule-rcar4-system.a(mod_rcar4_system.c.obj)
 .text.create_core_cluster_pd_element_table
                0xe2101010      0x2b0 ..\..\..\module\modules\power-domain\libmodule-power-domain.a(power_domain_utils.c.obj)
 .text.create_power_domain_element_table
                0xe21012c0       0xf4 ..\..\..\module\modules\power-domain\libmodule-power-domain.a(power_domain_utils.c.obj)
                0xe21012c0                create_power_domain_element_table
 .text.__assert_func
                0xe21013b4       0x2c ..\..\..\framework\libframework.a(assert.c.obj)
                0xe21013b4                __assert_func
 .text.fwk_arch_interrupt_init
                0xe21013e0       0x4c ..\..\..\framework\libframework.a(fwk_arch.c.obj)
 .text.fwk_arch_init
                0xe210142c       0xbc ..\..\..\framework\libframework.a(fwk_arch.c.obj)
                0xe210142c                fwk_arch_init
 .text.fwk_arch_suspend
                0xe21014e8        0x4 ..\..\..\framework\libframework.a(fwk_arch.c.obj)
                0xe21014e8                fwk_arch_suspend
 .text.fwk_id_format
                0xe21014ec      0x184 ..\..\..\framework\libframework.a(fwk_id.c.obj)
 .text.__fwk_id_str
                0xe2101670       0x5c ..\..\..\framework\libframework.a(fwk_id.c.obj)
                0xe2101670                __fwk_id_str
 .text.fwk_id_is_type
                0xe21016cc       0x64 ..\..\..\framework\libframework.a(fwk_id.c.obj)
                0xe21016cc                fwk_id_is_type
 .text.fwk_id_type_is_valid
                0xe2101730       0x2c ..\..\..\framework\libframework.a(fwk_id.c.obj)
                0xe2101730                fwk_id_type_is_valid
 .text.fwk_id_get_type
                0xe210175c       0x58 ..\..\..\framework\libframework.a(fwk_id.c.obj)
                0xe210175c                fwk_id_get_type
 .text.fwk_id_is_equal
                0xe21017b4       0x64 ..\..\..\framework\libframework.a(fwk_id.c.obj)
                0xe21017b4                fwk_id_is_equal
 .text.fwk_optional_id_is_defined
                0xe2101818       0x3c ..\..\..\framework\libframework.a(fwk_id.c.obj)
                0xe2101818                fwk_optional_id_is_defined
 .text.fwk_id_build_module_id
                0xe2101854       0x68 ..\..\..\framework\libframework.a(fwk_id.c.obj)
                0xe2101854                fwk_id_build_module_id
 .text.fwk_id_build_element_id
                0xe21018bc       0x74 ..\..\..\framework\libframework.a(fwk_id.c.obj)
                0xe21018bc                fwk_id_build_element_id
 .text.fwk_id_get_module_idx
                0xe2101930       0x60 ..\..\..\framework\libframework.a(fwk_id.c.obj)
                0xe2101930                fwk_id_get_module_idx
 .text.fwk_id_get_element_idx
                0xe2101990       0x48 ..\..\..\framework\libframework.a(fwk_id.c.obj)
                0xe2101990                fwk_id_get_element_idx
 .text.fwk_id_get_sub_element_idx
                0xe21019d8       0x38 ..\..\..\framework\libframework.a(fwk_id.c.obj)
                0xe21019d8                fwk_id_get_sub_element_idx
 .text.fwk_id_get_api_idx
                0xe2101a10       0x3c ..\..\..\framework\libframework.a(fwk_id.c.obj)
                0xe2101a10                fwk_id_get_api_idx
 .text.fwk_id_get_event_idx
                0xe2101a4c       0x3c ..\..\..\framework\libframework.a(fwk_id.c.obj)
                0xe2101a4c                fwk_id_get_event_idx
 .text.fwk_id_get_notification_idx
                0xe2101a88       0x3c ..\..\..\framework\libframework.a(fwk_id.c.obj)
                0xe2101a88                fwk_id_get_notification_idx
 .text.fwk_interrupt_init
                0xe2101ac4      0x14c ..\..\..\framework\libframework.a(fwk_interrupt.c.obj)
                0xe2101ac4                fwk_interrupt_init
 .text.fwk_interrupt_enable
                0xe2101c10       0x40 ..\..\..\framework\libframework.a(fwk_interrupt.c.obj)
                0xe2101c10                fwk_interrupt_enable
 .text.fwk_interrupt_set_isr
                0xe2101c50       0x74 ..\..\..\framework\libframework.a(fwk_interrupt.c.obj)
                0xe2101c50                fwk_interrupt_set_isr
 .text.fwk_interrupt_get_current
                0xe2101cc4       0x50 ..\..\..\framework\libframework.a(fwk_interrupt.c.obj)
                0xe2101cc4                fwk_interrupt_get_current
 .text.fwk_is_interrupt_context
                0xe2101d14       0x38 ..\..\..\framework\libframework.a(fwk_interrupt.c.obj)
                0xe2101d14                fwk_is_interrupt_context
 .text.fwk_io_null_open
                0xe2101d4c        0x8 ..\..\..\framework\libframework.a(fwk_io.c.obj)
 .text.fwk_io_null_getch
                0xe2101d54        0x8 ..\..\..\framework\libframework.a(fwk_io.c.obj)
 .text.fwk_io_null_putch
                0xe2101d5c        0x8 ..\..\..\framework\libframework.a(fwk_io.c.obj)
 .text.fwk_io_null_close
                0xe2101d64        0x8 ..\..\..\framework\libframework.a(fwk_io.c.obj)
 .text.fwk_io_open
                0xe2101d6c       0xd8 ..\..\..\framework\libframework.a(fwk_io.c.obj)
                0xe2101d6c                fwk_io_open
 .text.fwk_io_init
                0xe2101e44      0x134 ..\..\..\framework\libframework.a(fwk_io.c.obj)
                0xe2101e44                fwk_io_init
 .text.fwk_io_putch
                0xe2101f78       0x8c ..\..\..\framework\libframework.a(fwk_io.c.obj)
                0xe2101f78                fwk_io_putch
 .text.fwk_io_putch_nowait
                0xe2102004       0x74 ..\..\..\framework\libframework.a(fwk_io.c.obj)
                0xe2102004                fwk_io_putch_nowait
 .text.fwk_io_write
                0xe2102078       0xb0 ..\..\..\framework\libframework.a(fwk_io.c.obj)
                0xe2102078                fwk_io_write
 .text.fwk_io_puts
                0xe2102128       0x48 ..\..\..\framework\libframework.a(fwk_io.c.obj)
                0xe2102128                fwk_io_puts
 .text.fwk_io_vprintf
                0xe2102170       0xb4 ..\..\..\framework\libframework.a(fwk_io.c.obj)
                0xe2102170                fwk_io_vprintf
 .text.fwk_io_printf
                0xe2102224       0x2c ..\..\..\framework\libframework.a(fwk_io.c.obj)
                0xe2102224                fwk_io_printf
 .text.arch_interrupts_enable
                0xe2102250       0x3c ..\..\..\framework\libframework.a(fwk_log.c.obj)
 .text.fwk_log_vsnprintf
                0xe210228c       0xe4 ..\..\..\framework\libframework.a(fwk_log.c.obj)
 .text.fwk_log_snprintf
                0xe2102370       0x30 ..\..\..\framework\libframework.a(fwk_log.c.obj)
 .text.fwk_log_banner
                0xe21023a0       0x8c ..\..\..\framework\libframework.a(fwk_log.c.obj)
 .text.fwk_log_buffer
                0xe210242c       0x70 ..\..\..\framework\libframework.a(fwk_log.c.obj)
 .text.fwk_log_stream_init
                0xe210249c       0x24 ..\..\..\framework\libframework.a(fwk_log.c.obj)
 .text.fwk_log_init
                0xe21024c0       0x98 ..\..\..\framework\libframework.a(fwk_log.c.obj)
                0xe21024c0                fwk_log_init
 .text.fwk_log_printf
                0xe2102558       0xb4 ..\..\..\framework\libframework.a(fwk_log.c.obj)
                0xe2102558                fwk_log_printf
 .text.fwk_log_unbuffer
                0xe210260c      0x13c ..\..\..\framework\libframework.a(fwk_log.c.obj)
                0xe210260c                fwk_log_unbuffer
 .text.fwk_mm_alloc
                0xe2102748       0x20 ..\..\..\framework\libframework.a(fwk_mm.c.obj)
                0xe2102748                fwk_mm_alloc
 .text.fwk_mm_alloc_notrap
                0xe2102768       0x14 ..\..\..\framework\libframework.a(fwk_mm.c.obj)
                0xe2102768                fwk_mm_alloc_notrap
 .text.fwk_mm_calloc
                0xe210277c       0x1c ..\..\..\framework\libframework.a(fwk_mm.c.obj)
                0xe210277c                fwk_mm_calloc
 .text.fwk_mm_free
                0xe2102798       0x10 ..\..\..\framework\libframework.a(fwk_mm.c.obj)
                0xe2102798                fwk_mm_free
 .text.fwk_module_count_elements
                0xe21027a8       0x24 ..\..\..\framework\libframework.a(fwk_module.c.obj)
 .text.fwk_module_init_subscriptions
                0xe21027cc       0x4c ..\..\..\framework\libframework.a(fwk_module.c.obj)
 .text.fwk_module_init_element_ctx
                0xe2102818       0x5c ..\..\..\framework\libframework.a(fwk_module.c.obj)
 .text.fwk_module_init_element_ctxs
                0xe2102874       0x68 ..\..\..\framework\libframework.a(fwk_module.c.obj)
 .text.fwk_module_init_elements
                0xe21028dc       0x9c ..\..\..\framework\libframework.a(fwk_module.c.obj)
 .text.fwk_module_init_module
                0xe2102978      0x108 ..\..\..\framework\libframework.a(fwk_module.c.obj)
 .text.fwk_module_init_modules
                0xe2102a80       0x3c ..\..\..\framework\libframework.a(fwk_module.c.obj)
 .text.fwk_module_bind_elements
                0xe2102abc       0xa0 ..\..\..\framework\libframework.a(fwk_module.c.obj)
 .text.fwk_module_bind_module
                0xe2102b5c       0xa4 ..\..\..\framework\libframework.a(fwk_module.c.obj)
 .text.fwk_module_bind_modules
                0xe2102c00       0x4c ..\..\..\framework\libframework.a(fwk_module.c.obj)
 .text.fwk_module_start_elements
                0xe2102c4c       0x88 ..\..\..\framework\libframework.a(fwk_module.c.obj)
 .text.fwk_module_start_module
                0xe2102cd4       0x68 ..\..\..\framework\libframework.a(fwk_module.c.obj)
 .text.start_modules
                0xe2102d3c       0x44 ..\..\..\framework\libframework.a(fwk_module.c.obj)
 .text.fwk_module_init
                0xe2102d80      0x128 ..\..\..\framework\libframework.a(fwk_module.c.obj)
                0xe2102d80                fwk_module_init
 .text.fwk_module_start
                0xe2102ea8       0xc8 ..\..\..\framework\libframework.a(fwk_module.c.obj)
                0xe2102ea8                fwk_module_start
 .text.fwk_module_get_ctx
                0xe2102f70       0x24 ..\..\..\framework\libframework.a(fwk_module.c.obj)
                0xe2102f70                fwk_module_get_ctx
 .text.fwk_module_get_element_ctx
                0xe2102f94       0x2c ..\..\..\framework\libframework.a(fwk_module.c.obj)
                0xe2102f94                fwk_module_get_element_ctx
 .text.fwk_module_is_valid_module_id
                0xe2102fc0       0x3c ..\..\..\framework\libframework.a(fwk_module.c.obj)
                0xe2102fc0                fwk_module_is_valid_module_id
 .text.fwk_module_is_valid_element_id
                0xe2102ffc       0x64 ..\..\..\framework\libframework.a(fwk_module.c.obj)
                0xe2102ffc                fwk_module_is_valid_element_id
 .text.fwk_module_is_valid_sub_element_id
                0xe2103060       0x9c ..\..\..\framework\libframework.a(fwk_module.c.obj)
                0xe2103060                fwk_module_is_valid_sub_element_id
 .text.fwk_module_is_valid_entity_id
                0xe21030fc       0x54 ..\..\..\framework\libframework.a(fwk_module.c.obj)
                0xe21030fc                fwk_module_is_valid_entity_id
 .text.fwk_module_is_valid_api_id
                0xe2103150       0x68 ..\..\..\framework\libframework.a(fwk_module.c.obj)
                0xe2103150                fwk_module_is_valid_api_id
 .text.fwk_module_is_valid_notification_id
                0xe21031b8       0x68 ..\..\..\framework\libframework.a(fwk_module.c.obj)
                0xe21031b8                fwk_module_is_valid_notification_id
 .text.fwk_module_get_element_count
                0xe2103220       0x30 ..\..\..\framework\libframework.a(fwk_module.c.obj)
                0xe2103220                fwk_module_get_element_count
 .text.fwk_module_get_element_name
                0xe2103250       0x50 ..\..\..\framework\libframework.a(fwk_module.c.obj)
                0xe2103250                fwk_module_get_element_name
 .text.fwk_module_get_data
                0xe21032a0       0x80 ..\..\..\framework\libframework.a(fwk_module.c.obj)
                0xe21032a0                fwk_module_get_data
 .text.fwk_module_bind
                0xe2103320      0x148 ..\..\..\framework\libframework.a(fwk_module.c.obj)
                0xe2103320                fwk_module_bind
 .text.fwk_module_adapter
                0xe2103468       0x60 ..\..\..\framework\libframework.a(fwk_module.c.obj)
                0xe2103468                fwk_module_adapter
 .text.fwk_ring_offset
                0xe21034c8       0x20 ..\..\..\framework\libframework.a(fwk_ring.c.obj)
 .text.fwk_ring_get_length
                0xe21034e8       0x60 ..\..\..\framework\libframework.a(fwk_ring.c.obj)
                0xe21034e8                fwk_ring_get_length
 .text.fwk_ring_get_free
                0xe2103548       0x40 ..\..\..\framework\libframework.a(fwk_ring.c.obj)
                0xe2103548                fwk_ring_get_free
 .text.fwk_ring_peek
                0xe2103588       0xd8 ..\..\..\framework\libframework.a(fwk_ring.c.obj)
                0xe2103588                fwk_ring_peek
 .text.fwk_ring_pop
                0xe2103660       0x88 ..\..\..\framework\libframework.a(fwk_ring.c.obj)
                0xe2103660                fwk_ring_pop
 .text.fwk_ring_push
                0xe21036e8      0x108 ..\..\..\framework\libframework.a(fwk_ring.c.obj)
                0xe21036e8                fwk_ring_push
 .text.fwk_ring_clear
                0xe21037f0       0x40 ..\..\..\framework\libframework.a(fwk_ring.c.obj)
                0xe21037f0                fwk_ring_clear
 .text.fwk_ring_init
                0xe2103830       0x98 ..\..\..\framework\libframework.a(fwk_ring.c.obj)
                0xe2103830                fwk_ring_init
 .text.__fwk_slist_init
                0xe21038c8        0xc ..\..\..\framework\libframework.a(fwk_slist.c.obj)
                0xe21038c8                __fwk_slist_init
 .text.__fwk_slist_is_empty
                0xe21038d4       0x48 ..\..\..\framework\libframework.a(fwk_slist.c.obj)
                0xe21038d4                __fwk_slist_is_empty
 .text.__fwk_slist_head
                0xe210391c       0x28 ..\..\..\framework\libframework.a(fwk_slist.c.obj)
                0xe210391c                __fwk_slist_head
 .text.__fwk_slist_push_tail
                0xe2103944       0x44 ..\..\..\framework\libframework.a(fwk_slist.c.obj)
                0xe2103944                __fwk_slist_push_tail
 .text.__fwk_slist_pop_head
                0xe2103988       0x4c ..\..\..\framework\libframework.a(fwk_slist.c.obj)
                0xe2103988                __fwk_slist_pop_head
 .text.__fwk_slist_remove
                0xe21039d4       0x88 ..\..\..\framework\libframework.a(fwk_slist.c.obj)
                0xe21039d4                __fwk_slist_remove
 .text.__fwk_slist_contains
                0xe2103a5c       0x58 ..\..\..\framework\libframework.a(fwk_slist.c.obj)
                0xe2103a5c                __fwk_slist_contains
 .text.__fwk_slist_next
                0xe2103ab4       0x54 ..\..\..\framework\libframework.a(fwk_slist.c.obj)
                0xe2103ab4                __fwk_slist_next
 .text.fwk_status_str
                0xe2103b08       0x4c ..\..\..\framework\libframework.a(fwk_status.c.obj)
                0xe2103b08                fwk_status_str
 .text.fwk_str_memset
                0xe2103b54       0x2c ..\..\..\framework\libframework.a(fwk_string.c.obj)
                0xe2103b54                fwk_str_memset
 .text.fwk_str_memcpy
                0xe2103b80       0x30 ..\..\..\framework\libframework.a(fwk_string.c.obj)
                0xe2103b80                fwk_str_memcpy
 .text.fwk_str_strncpy
                0xe2103bb0       0x30 ..\..\..\framework\libframework.a(fwk_string.c.obj)
                0xe2103bb0                fwk_str_strncpy
 .text.fwk_str_is_in_boundry
                0xe2103be0       0x2c ..\..\..\framework\libframework.a(fwk_string.c.obj)
                0xe2103be0                fwk_str_is_in_boundry
 .text.fwk_time_current
                0xe2103c0c       0x3c ..\..\..\framework\libframework.a(fwk_time.c.obj)
                0xe2103c0c                fwk_time_current
 .text.fwk_time_stamp_duration
                0xe2103c48        0x4 ..\..\..\framework\libframework.a(fwk_time.c.obj)
                0xe2103c48                fwk_time_stamp_duration
 .text.fwk_time_duration_us
                0xe2103c4c       0x18 ..\..\..\framework\libframework.a(fwk_time.c.obj)
                0xe2103c4c                fwk_time_duration_us
 .text.fwk_time_duration_s
                0xe2103c64       0x1c ..\..\..\framework\libframework.a(fwk_time.c.obj)
                0xe2103c64                fwk_time_duration_s
 .text.fmw_time_driver
                0xe2103c80        0x8 ..\..\..\framework\libframework.a(fwk_time.c.obj)
                0xe2103c80                fmw_time_driver
 .text.fwk_time_init
                0xe2103c88       0x20 ..\..\..\framework\libframework.a(fwk_time.c.obj)
 .text.arch_interrupts_enable
                0xe2103ca8       0x3c ..\..\..\framework\libframework.a(fwk_core.c.obj)
 .text.free_event
                0xe2103ce4       0x44 ..\..\..\framework\libframework.a(fwk_core.c.obj)
 .text.duplicate_event
                0xe2103d28      0x110 ..\..\..\framework\libframework.a(fwk_core.c.obj)
 .text.put_event
                0xe2103e38      0x120 ..\..\..\framework\libframework.a(fwk_core.c.obj)
 .text.process_isr
                0xe2103f58       0x68 ..\..\..\framework\libframework.a(fwk_core.c.obj)
 .text.process_next_event
                0xe2103fc0      0x1a8 ..\..\..\framework\libframework.a(fwk_core.c.obj)
 .text.__fwk_init
                0xe2104168       0x78 ..\..\..\framework\libframework.a(fwk_core.c.obj)
                0xe2104168                __fwk_init
 .text.makeFatihsEvent
                0xe21041e0       0x94 ..\..\..\framework\libframework.a(fwk_core.c.obj)
                0xe21041e0                makeFatihsEvent
 .text.fwk_process_event_queue
                0xe2104274       0x50 ..\..\..\framework\libframework.a(fwk_core.c.obj)
                0xe2104274                fwk_process_event_queue
 .text.__fwk_run_main_loop
                0xe21042c4       0x1c ..\..\..\framework\libframework.a(fwk_core.c.obj)
                0xe21042c4                __fwk_run_main_loop
 .text.__fwk_get_current_event
                0xe21042e0       0x10 ..\..\..\framework\libframework.a(fwk_core.c.obj)
                0xe21042e0                __fwk_get_current_event
 .text.__fwk_put_notification
                0xe21042f0       0x24 ..\..\..\framework\libframework.a(fwk_core.c.obj)
                0xe21042f0                __fwk_put_notification
 .text.__fwk_put_event
                0xe2104314       0x9c ..\..\..\framework\libframework.a(fwk_core.c.obj)
                0xe2104314                __fwk_put_event
 .text.__fwk_put_event_light
                0xe21043b0       0x9c ..\..\..\framework\libframework.a(fwk_core.c.obj)
                0xe21043b0                __fwk_put_event_light
 .text.arch_interrupts_enable
                0xe210444c       0x3c ..\..\..\framework\libframework.a(fwk_notification.c.obj)
 .text.fwk_notification_init
                0xe2104488       0x40 ..\..\..\framework\libframework.a(fwk_notification.c.obj)
 .text.get_subscription_dlist
                0xe21044c8       0x50 ..\..\..\framework\libframework.a(fwk_notification.c.obj)
 .text.search_subscription
                0xe2104518       0x68 ..\..\..\framework\libframework.a(fwk_notification.c.obj)
 .text.send_notifications
                0xe2104580       0x90 ..\..\..\framework\libframework.a(fwk_notification.c.obj)
 .text.__fwk_notification_reset
                0xe2104610       0x10 ..\..\..\framework\libframework.a(fwk_notification.c.obj)
                0xe2104610                __fwk_notification_reset
 .text.fwk_notification_subscribe
                0xe2104620      0x13c ..\..\..\framework\libframework.a(fwk_notification.c.obj)
                0xe2104620                fwk_notification_subscribe
 .text.fwk_notification_unsubscribe
                0xe210475c      0x11c ..\..\..\framework\libframework.a(fwk_notification.c.obj)
                0xe210475c                fwk_notification_unsubscribe
 .text.fwk_notification_notify
                0xe2104878       0xcc ..\..\..\framework\libframework.a(fwk_notification.c.obj)
                0xe2104878                fwk_notification_notify
 .text.__fwk_dlist_push_tail
                0xe2104944       0x44 ..\..\..\framework\libframework.a(fwk_dlist.c.obj)
                0xe2104944                __fwk_dlist_push_tail
 .text.__fwk_dlist_pop_head
                0xe2104988       0x28 ..\..\..\framework\libframework.a(fwk_dlist.c.obj)
                0xe2104988                __fwk_dlist_pop_head
 .text.__fwk_dlist_remove
                0xe21049b0       0xbc ..\..\..\framework\libframework.a(fwk_dlist.c.obj)
                0xe21049b0                __fwk_dlist_remove
 .text.check_api_call
                0xe2104a6c       0x54 ..\..\..\framework\libframework.a(fwk_delayed_resp.c.obj)
 .text.__fwk_get_delayed_response_list
                0xe2104ac0       0x3c ..\..\..\framework\libframework.a(fwk_delayed_resp.c.obj)
                0xe2104ac0                __fwk_get_delayed_response_list
 .text.__fwk_search_delayed_response
                0xe2104afc       0x48 ..\..\..\framework\libframework.a(fwk_delayed_resp.c.obj)
                0xe2104afc                __fwk_search_delayed_response
 .text.fwk_get_delayed_response
                0xe2104b44       0x80 ..\..\..\framework\libframework.a(fwk_delayed_resp.c.obj)
                0xe2104b44                fwk_get_delayed_response
 .text.pd_reset
                0xe2104bc4        0x8 ..\..\..\module\modules\rcar4-pd-sysc\libmodule-rcar4-pd-sysc.a(mod_rcar4_pd_sysc.c.obj)
 .text.rcar4_sysc_process_bind_request
                0xe2104bcc       0xd4 ..\..\..\module\modules\rcar4-pd-sysc\libmodule-rcar4-pd-sysc.a(mod_rcar4_pd_sysc.c.obj)
 .text.pd_get_state
                0xe2104ca0       0x30 ..\..\..\module\modules\rcar4-pd-sysc\libmodule-rcar4-pd-sysc.a(mod_rcar4_pd_sysc.c.obj)
 .text.pd_sys_resume
                0xe2104cd0       0x80 ..\..\..\module\modules\rcar4-pd-sysc\libmodule-rcar4-pd-sysc.a(mod_rcar4_pd_sysc.c.obj)
 .text.rcar4_sysc_pd_init
                0xe2104d50       0xb4 ..\..\..\module\modules\rcar4-pd-sysc\libmodule-rcar4-pd-sysc.a(mod_rcar4_pd_sysc.c.obj)
 .text.pd_set_state
                0xe2104e04       0xbc ..\..\..\module\modules\rcar4-pd-sysc\libmodule-rcar4-pd-sysc.a(mod_rcar4_pd_sysc.c.obj)
 .text.rcar4_sysc_bind
                0xe2104ec0       0xd0 ..\..\..\module\modules\rcar4-pd-sysc\libmodule-rcar4-pd-sysc.a(mod_rcar4_pd_sysc.c.obj)
 .text.rcar4_sysc_mod_init
                0xe2104f90       0x40 ..\..\..\module\modules\rcar4-pd-sysc\libmodule-rcar4-pd-sysc.a(mod_rcar4_pd_sysc.c.obj)
 .text.rcar4_sysc_pwr_on_off
                0xe2104fd0       0xa0 ..\..\..\module\modules\rcar4-pd-sysc\libmodule-rcar4-pd-sysc.a(rcar4_pd_sysc.c.obj)
 .text.rcar4_sysc_power
                0xe2105070      0x114 ..\..\..\module\modules\rcar4-pd-sysc\libmodule-rcar4-pd-sysc.a(rcar4_pd_sysc.c.obj)
                0xe2105070                rcar4_sysc_power
 .text.rcar4_sysc_power_get
                0xe2105184       0x10 ..\..\..\module\modules\rcar4-pd-sysc\libmodule-rcar4-pd-sysc.a(rcar4_pd_sysc.c.obj)
                0xe2105184                rcar4_sysc_power_get
 .text.pll_clk_parent_rate
                0xe2105194       0x24 ..\..\..\module\modules\rcar4-clock\libmodule-rcar4-clock.a(mod_rcar4_clock.c.obj)
 .text.pll0_clk_round_rate
                0xe21051b8       0x78 ..\..\..\module\modules\rcar4-clock\libmodule-rcar4-clock.a(mod_rcar4_clock.c.obj)
 .text.pll0_clk_recalc_rate
                0xe2105230       0x50 ..\..\..\module\modules\rcar4-clock\libmodule-rcar4-clock.a(mod_rcar4_clock.c.obj)
 .text.pll0_clk_set_rate
                0xe2105280       0x60 ..\..\..\module\modules\rcar4-clock\libmodule-rcar4-clock.a(mod_rcar4_clock.c.obj)
 .text.pll2_clk_round_rate
                0xe21052e0       0x78 ..\..\..\module\modules\rcar4-clock\libmodule-rcar4-clock.a(mod_rcar4_clock.c.obj)
 .text.pll2_clk_recalc_rate
                0xe2105358       0x50 ..\..\..\module\modules\rcar4-clock\libmodule-rcar4-clock.a(mod_rcar4_clock.c.obj)
 .text.pll2_clk_set_rate
                0xe21053a8       0x60 ..\..\..\module\modules\rcar4-clock\libmodule-rcar4-clock.a(mod_rcar4_clock.c.obj)
 .text.z_clk_round_rate
                0xe2105408       0xa4 ..\..\..\module\modules\rcar4-clock\libmodule-rcar4-clock.a(mod_rcar4_clock.c.obj)
 .text.z_clk_recalc_rate
                0xe21054ac       0x4c ..\..\..\module\modules\rcar4-clock\libmodule-rcar4-clock.a(mod_rcar4_clock.c.obj)
 .text.z_clk_set_rate
                0xe21054f8       0xb8 ..\..\..\module\modules\rcar4-clock\libmodule-rcar4-clock.a(mod_rcar4_clock.c.obj)
 .text.z2_clk_round_rate
                0xe21055b0       0xa8 ..\..\..\module\modules\rcar4-clock\libmodule-rcar4-clock.a(mod_rcar4_clock.c.obj)
 .text.z2_clk_recalc_rate
                0xe2105658       0x48 ..\..\..\module\modules\rcar4-clock\libmodule-rcar4-clock.a(mod_rcar4_clock.c.obj)
 .text.z2_clk_set_rate
                0xe21056a0       0xbc ..\..\..\module\modules\rcar4-clock\libmodule-rcar4-clock.a(mod_rcar4_clock.c.obj)
 .text.find_opp
                0xe210575c       0x9c ..\..\..\module\modules\rcar4-clock\libmodule-rcar4-clock.a(mod_rcar4_clock.c.obj)
 .text.set_a57_opp
                0xe21057f8       0xa8 ..\..\..\module\modules\rcar4-clock\libmodule-rcar4-clock.a(mod_rcar4_clock.c.obj)
 .text.set_a53_opp
                0xe21058a0       0x88 ..\..\..\module\modules\rcar4-clock\libmodule-rcar4-clock.a(mod_rcar4_clock.c.obj)
 .text.rcar4_clock_process_bind_request
                0xe2105928       0x14 ..\..\..\module\modules\rcar4-clock\libmodule-rcar4-clock.a(mod_rcar4_clock.c.obj)
 .text.rcar4_clock_get_rate
                0xe210593c       0x44 ..\..\..\module\modules\rcar4-clock\libmodule-rcar4-clock.a(mod_rcar4_clock.c.obj)
 .text.do_rcar4_clock_set_rate
                0xe2105980       0x6c ..\..\..\module\modules\rcar4-clock\libmodule-rcar4-clock.a(mod_rcar4_clock.c.obj)
 .text.rcar4_clock_set_rate
                0xe21059ec       0x78 ..\..\..\module\modules\rcar4-clock\libmodule-rcar4-clock.a(mod_rcar4_clock.c.obj)
 .text.rcar4_clock_element_init
                0xe2105a64       0xbc ..\..\..\module\modules\rcar4-clock\libmodule-rcar4-clock.a(mod_rcar4_clock.c.obj)
 .text.rcar4_clock_init
                0xe2105b20       0x5c ..\..\..\module\modules\rcar4-clock\libmodule-rcar4-clock.a(mod_rcar4_clock.c.obj)
 .text.rcar4_dvfs_opp_init
                0xe2105b7c       0xd4 ..\..\..\module\modules\rcar4-clock\libmodule-rcar4-clock.a(mod_rcar4_clock.c.obj)
                0xe2105b7c                rcar4_dvfs_opp_init
 .text.rcar4_clock_start
                0xe2105c50       0x28 ..\..\..\module\modules\rcar4-clock\libmodule-rcar4-clock.a(mod_rcar4_clock.c.obj)
 .text.rcar4_pd_reset
                0xe2105c78        0x8 ..\..\..\module\modules\rcar4-pd-core\libmodule-rcar4-pd-core.a(mod_rcar4_pd_core.c.obj)
 .text.rcar4_core_pd_init
                0xe2105c80        0x8 ..\..\..\module\modules\rcar4-pd-core\libmodule-rcar4-pd-core.a(mod_rcar4_pd_core.c.obj)
 .text.rcar4_core_pd_reset
                0xe2105c88        0x8 ..\..\..\module\modules\rcar4-pd-core\libmodule-rcar4-pd-core.a(mod_rcar4_pd_core.c.obj)
 .text.rcar4_core_pd_prepare_for_system_suspend
                0xe2105c90        0x8 ..\..\..\module\modules\rcar4-pd-core\libmodule-rcar4-pd-core.a(mod_rcar4_pd_core.c.obj)
 .text.rcar4_cluster_pd_init
                0xe2105c98        0x8 ..\..\..\module\modules\rcar4-pd-core\libmodule-rcar4-pd-core.a(mod_rcar4_pd_core.c.obj)
 .text.rcar4_cluster_pd_set_state
                0xe2105ca0        0x8 ..\..\..\module\modules\rcar4-pd-core\libmodule-rcar4-pd-core.a(mod_rcar4_pd_core.c.obj)
 .text.rcar4_post_init
                0xe2105ca8        0x8 ..\..\..\module\modules\rcar4-pd-core\libmodule-rcar4-pd-core.a(mod_rcar4_pd_core.c.obj)
 .text.rcar4_core_process_notification
                0xe2105cb0       0xdc ..\..\..\module\modules\rcar4-pd-core\libmodule-rcar4-pd-core.a(mod_rcar4_pd_core.c.obj)
 .text.rcar4_pd_get_state
                0xe2105d8c       0x34 ..\..\..\module\modules\rcar4-pd-core\libmodule-rcar4-pd-core.a(mod_rcar4_pd_core.c.obj)
 .text.rcar4_core_process_bind_request
                0xe2105dc0      0x17c ..\..\..\module\modules\rcar4-pd-core\libmodule-rcar4-pd-core.a(mod_rcar4_pd_core.c.obj)
 .text.rcar4_pd_set_state
                0xe2105f3c       0x9c ..\..\..\module\modules\rcar4-pd-core\libmodule-rcar4-pd-core.a(mod_rcar4_pd_core.c.obj)
 .text.rcar4_core_pd_set_state
                0xe2105fd8       0xc4 ..\..\..\module\modules\rcar4-pd-core\libmodule-rcar4-pd-core.a(mod_rcar4_pd_core.c.obj)
 .text.rcar4_core_bind
                0xe210609c      0x128 ..\..\..\module\modules\rcar4-pd-core\libmodule-rcar4-pd-core.a(mod_rcar4_pd_core.c.obj)
 .text.rcar4_pd_init
                0xe21061c4       0xe0 ..\..\..\module\modules\rcar4-pd-core\libmodule-rcar4-pd-core.a(mod_rcar4_pd_core.c.obj)
 .text.rcar4_mod_init
                0xe21062a4       0x40 ..\..\..\module\modules\rcar4-pd-core\libmodule-rcar4-pd-core.a(mod_rcar4_pd_core.c.obj)
 .text.rcar4_pwrc_cpuoff
                0xe21062e4        0x4 ..\..\..\module\modules\rcar4-pd-core\libmodule-rcar4-pd-core.a(rcar4_pd_core.c.obj)
                0xe21062e4                rcar4_pwrc_cpuoff
 .text.rcar4_pwrc_cpuon
                0xe21062e8        0x4 ..\..\..\module\modules\rcar4-pd-core\libmodule-rcar4-pd-core.a(rcar4_pd_core.c.obj)
                0xe21062e8                rcar4_pwrc_cpuon
 .text.system_power_set_state
                0xe21062ec        0x8 ..\..\..\module\modules\rcar4-system-power\libmodule-rcar4-system-power.a(mod_rcar4_system_power.c.obj)
 .text.system_power_get_state
                0xe21062f4       0x18 ..\..\..\module\modules\rcar4-system-power\libmodule-rcar4-system-power.a(mod_rcar4_system_power.c.obj)
 .text.system_power_reset
                0xe210630c        0x8 ..\..\..\module\modules\rcar4-system-power\libmodule-rcar4-system-power.a(mod_rcar4_system_power.c.obj)
 .text.system_power_shutdown
                0xe2106314       0x3c ..\..\..\module\modules\rcar4-system-power\libmodule-rcar4-system-power.a(mod_rcar4_system_power.c.obj)
 .text.system_power_process_bind_request
                0xe2106350       0xb0 ..\..\..\module\modules\rcar4-system-power\libmodule-rcar4-system-power.a(mod_rcar4_system_power.c.obj)
 .text.system_power_report_power_state_transition
                0xe2106400       0xec ..\..\..\module\modules\rcar4-system-power\libmodule-rcar4-system-power.a(mod_rcar4_system_power.c.obj)
 .text.soc_wakeup_handler
                0xe21064ec       0x5c ..\..\..\module\modules\rcar4-system-power\libmodule-rcar4-system-power.a(mod_rcar4_system_power.c.obj)
 .text.system_power_bind
                0xe2106548       0x4c ..\..\..\module\modules\rcar4-system-power\libmodule-rcar4-system-power.a(mod_rcar4_system_power.c.obj)
 .text.system_power_mod_init
                0xe2106594       0xac ..\..\..\module\modules\rcar4-system-power\libmodule-rcar4-system-power.a(mod_rcar4_system_power.c.obj)
 .text.raise_interrupt
                0xe2106640        0x4 ..\..\..\module\modules\rcar4-mfismh\libmodule-rcar4-mfismh.a(mod_rcar4_mfismh.c.obj)
 .text.mfismh_process_bind_request
                0xe2106644       0x94 ..\..\..\module\modules\rcar4-mfismh\libmodule-rcar4-mfismh.a(mod_rcar4_mfismh.c.obj)
 .text.mfismh_start
                0xe21066d8       0x80 ..\..\..\module\modules\rcar4-mfismh\libmodule-rcar4-mfismh.a(mod_rcar4_mfismh.c.obj)
 .text.mfismh_isr
                0xe2106758       0xb0 ..\..\..\module\modules\rcar4-mfismh\libmodule-rcar4-mfismh.a(mod_rcar4_mfismh.c.obj)
 .text.mfismh_bind
                0xe2106808       0x9c ..\..\..\module\modules\rcar4-mfismh\libmodule-rcar4-mfismh.a(mod_rcar4_mfismh.c.obj)
 .text.mfismh_device_init
                0xe21068a4       0x6c ..\..\..\module\modules\rcar4-mfismh\libmodule-rcar4-mfismh.a(mod_rcar4_mfismh.c.obj)
 .text.mfismh_init
                0xe2106910       0x4c ..\..\..\module\modules\rcar4-mfismh\libmodule-rcar4-mfismh.a(mod_rcar4_mfismh.c.obj)
 .text.udelay   0xe210695c       0x34 ..\..\..\module\modules\rcar4-reset\libmodule-rcar4-reset.a(mod_rcar4_reset.c.obj)
 .text.reet_process_bind_request
                0xe2106990       0x14 ..\..\..\module\modules\rcar4-reset\libmodule-rcar4-reset.a(mod_rcar4_reset.c.obj)
 .text.rcar4_assert_domain
                0xe21069a4       0x48 ..\..\..\module\modules\rcar4-reset\libmodule-rcar4-reset.a(mod_rcar4_reset.c.obj)
 .text.process_event
                0xe21069ec       0x3c ..\..\..\module\modules\rcar4-reset\libmodule-rcar4-reset.a(mod_rcar4_reset.c.obj)
 .text.rcar4_auto_domain
                0xe2106a28       0x7c ..\..\..\module\modules\rcar4-reset\libmodule-rcar4-reset.a(mod_rcar4_reset.c.obj)
 .text.rcar4_deassert_domain
                0xe2106aa4       0x48 ..\..\..\module\modules\rcar4-reset\libmodule-rcar4-reset.a(mod_rcar4_reset.c.obj)
 .text.rcar4_set_reset_state
                0xe2106aec       0x50 ..\..\..\module\modules\rcar4-reset\libmodule-rcar4-reset.a(mod_rcar4_reset.c.obj)
 .text.reset_element_init
                0xe2106b3c       0x44 ..\..\..\module\modules\rcar4-reset\libmodule-rcar4-reset.a(mod_rcar4_reset.c.obj)
 .text.reset_init
                0xe2106b80       0x50 ..\..\..\module\modules\rcar4-reset\libmodule-rcar4-reset.a(mod_rcar4_reset.c.obj)
 .text.process_request_event
                0xe2106bd0       0x44 ..\..\..\module\modules\clock\libmodule-clock.a(mod_clock.c.obj)
 .text.clock_dev_init
                0xe2106c14       0x2c ..\..\..\module\modules\clock\libmodule-clock.a(mod_clock.c.obj)
 .text.clock_request_complete
                0xe2106c40      0x10c ..\..\..\module\modules\clock\libmodule-clock.a(mod_clock.c.obj)
                0xe2106c40                clock_request_complete
 .text.create_async_request
                0xe2106d4c       0x54 ..\..\..\module\modules\clock\libmodule-clock.a(mod_clock.c.obj)
 .text.create_async_request_set_rate
                0xe2106da0       0x7c ..\..\..\module\modules\clock\libmodule-clock.a(mod_clock.c.obj)
 .text.clock_process_notification_response
                0xe2106e1c       0xfc ..\..\..\module\modules\clock\libmodule-clock.a(mod_clock.c.obj)
 .text.clock_process_pd_transition_notification
                0xe2106f18       0xd8 ..\..\..\module\modules\clock\libmodule-clock.a(mod_clock.c.obj)
 .text.clock_process_pd_pre_transition_notification
                0xe2106ff0      0x134 ..\..\..\module\modules\clock\libmodule-clock.a(mod_clock.c.obj)
 .text.clock_process_notification
                0xe2107124       0xc0 ..\..\..\module\modules\clock\libmodule-clock.a(mod_clock.c.obj)
 .text.notify_rate
                0xe21071e4       0x78 ..\..\..\module\modules\clock\libmodule-clock.a(mod_clock.c.obj)
 .text.process_response_event
                0xe210725c       0xc8 ..\..\..\module\modules\clock\libmodule-clock.a(mod_clock.c.obj)
 .text.clock_process_event
                0xe2107324       0x64 ..\..\..\module\modules\clock\libmodule-clock.a(mod_clock.c.obj)
 .text.clock_process_bind_request
                0xe2107388       0xb0 ..\..\..\module\modules\clock\libmodule-clock.a(mod_clock.c.obj)
 .text.clock_start
                0xe2107438      0x17c ..\..\..\module\modules\clock\libmodule-clock.a(mod_clock.c.obj)
 .text.clock_bind
                0xe21075b4       0x98 ..\..\..\module\modules\clock\libmodule-clock.a(mod_clock.c.obj)
 .text.clock_init
                0xe210764c       0x50 ..\..\..\module\modules\clock\libmodule-clock.a(mod_clock.c.obj)
 .text.clock_get_ctx
                0xe210769c       0x60 ..\..\..\module\modules\clock\libmodule-clock.a(mod_clock.c.obj)
                0xe210769c                clock_get_ctx
 .text.clock_get_info
                0xe21076fc       0x70 ..\..\..\module\modules\clock\libmodule-clock.a(mod_clock.c.obj)
 .text.clock_get_state
                0xe210776c       0x88 ..\..\..\module\modules\clock\libmodule-clock.a(mod_clock.c.obj)
 .text.clock_set_state
                0xe21077f4       0x78 ..\..\..\module\modules\clock\libmodule-clock.a(mod_clock.c.obj)
 .text.clock_get_rate_from_index
                0xe210786c       0x58 ..\..\..\module\modules\clock\libmodule-clock.a(mod_clock.c.obj)
 .text.clock_get_rate
                0xe21078c4       0x88 ..\..\..\module\modules\clock\libmodule-clock.a(mod_clock.c.obj)
 .text.clock_set_rate
                0xe210794c      0x128 ..\..\..\module\modules\clock\libmodule-clock.a(mod_clock.c.obj)
 .text.pd_get_last_core_pd_id
                0xe2107a74       0x44 ..\..\..\module\modules\power-domain\libmodule-power-domain.a(mod_power_domain.c.obj)
 .text.process_reset_request
                0xe2107ab8       0x98 ..\..\..\module\modules\power-domain\libmodule-power-domain.a(mod_power_domain.c.obj)
 .text.perform_shutdown_send_response
                0xe2107b50       0x78 ..\..\..\module\modules\power-domain\libmodule-power-domain.a(mod_power_domain.c.obj)
 .text.send_pd_set_state_delayed_response
                0xe2107bc8       0x60 ..\..\..\module\modules\power-domain\libmodule-power-domain.a(mod_power_domain.c.obj)
 .text.report_power_state_transition
                0xe2107c28       0x74 ..\..\..\module\modules\power-domain\libmodule-power-domain.a(mod_power_domain.c.obj)
 .text.pd_system_shutdown
                0xe2107c9c       0x9c ..\..\..\module\modules\power-domain\libmodule-power-domain.a(mod_power_domain.c.obj)
 .text.pd_report_power_state_transition
                0xe2107d38       0x30 ..\..\..\module\modules\power-domain\libmodule-power-domain.a(mod_power_domain.c.obj)
 .text.process_get_state_request
                0xe2107d68       0x98 ..\..\..\module\modules\power-domain\libmodule-power-domain.a(mod_power_domain.c.obj)
 .text.pd_get_state
                0xe2107e00       0x40 ..\..\..\module\modules\power-domain\libmodule-power-domain.a(mod_power_domain.c.obj)
 .text.pd_process_bind_request
                0xe2107e40      0x160 ..\..\..\module\modules\power-domain\libmodule-power-domain.a(mod_power_domain.c.obj)
 .text.pd_reset
                0xe2107fa0       0x90 ..\..\..\module\modules\power-domain\libmodule-power-domain.a(mod_power_domain.c.obj)
 .text.pd_set_state
                0xe2108030       0xc8 ..\..\..\module\modules\power-domain\libmodule-power-domain.a(mod_power_domain.c.obj)
 .text.pd_system_suspend
                0xe21080f8      0x100 ..\..\..\module\modules\power-domain\libmodule-power-domain.a(mod_power_domain.c.obj)
 .text.pd_get_domain_parent_id
                0xe21081f8       0x84 ..\..\..\module\modules\power-domain\libmodule-power-domain.a(mod_power_domain.c.obj)
 .text.pd_get_domain_type
                0xe210827c       0x64 ..\..\..\module\modules\power-domain\libmodule-power-domain.a(mod_power_domain.c.obj)
 .text.pd_start
                0xe21082e0       0xec ..\..\..\module\modules\power-domain\libmodule-power-domain.a(mod_power_domain.c.obj)
 .text.pd_bind  0xe21083cc       0xe8 ..\..\..\module\modules\power-domain\libmodule-power-domain.a(mod_power_domain.c.obj)
 .text.connect_pd_tree
                0xe21084b4       0x8c ..\..\..\module\modules\power-domain\libmodule-power-domain.a(mod_power_domain.c.obj)
 .text.pd_post_init
                0xe2108540       0x10 ..\..\..\module\modules\power-domain\libmodule-power-domain.a(mod_power_domain.c.obj)
 .text.pd_power_domain_init
                0xe2108550      0x128 ..\..\..\module\modules\power-domain\libmodule-power-domain.a(mod_power_domain.c.obj)
 .text.pd_init  0xe2108678       0x84 ..\..\..\module\modules\power-domain\libmodule-power-domain.a(mod_power_domain.c.obj)
 .text.initiate_power_state_transition
                0xe21086fc       0xdc ..\..\..\module\modules\power-domain\libmodule-power-domain.a(mod_power_domain.c.obj)
                0xe21086fc                initiate_power_state_transition
 .text.process_set_state_request
                0xe21087d8      0x250 ..\..\..\module\modules\power-domain\libmodule-power-domain.a(mod_power_domain.c.obj)
 .text.complete_system_suspend
                0xe2108a28       0xd0 ..\..\..\module\modules\power-domain\libmodule-power-domain.a(mod_power_domain.c.obj)
 .text.process_system_suspend_request
                0xe2108af8      0x118 ..\..\..\module\modules\power-domain\libmodule-power-domain.a(mod_power_domain.c.obj)
 .text.process_power_state_transition_report_deeper_state
                0xe2108c10       0x54 ..\..\..\module\modules\power-domain\libmodule-power-domain.a(mod_power_domain.c.obj)
                0xe2108c10                process_power_state_transition_report_deeper_state
 .text.process_power_state_transition_report_shallower_state
                0xe2108c64       0x7c ..\..\..\module\modules\power-domain\libmodule-power-domain.a(mod_power_domain.c.obj)
                0xe2108c64                process_power_state_transition_report_shallower_state
 .text.process_power_state_transition_report
                0xe2108ce0      0x21c ..\..\..\module\modules\power-domain\libmodule-power-domain.a(mod_power_domain.c.obj)
 .text.perform_shutdown
                0xe2108efc      0x158 ..\..\..\module\modules\power-domain\libmodule-power-domain.a(mod_power_domain.c.obj)
                0xe2108efc                perform_shutdown
 .text.process_system_shutdown_request
                0xe2109054       0xac ..\..\..\module\modules\power-domain\libmodule-power-domain.a(mod_power_domain.c.obj)
 .text.pd_process_event
                0xe2109100      0x170 ..\..\..\module\modules\power-domain\libmodule-power-domain.a(mod_power_domain.c.obj)
 .text.is_valid_state
                0xe2109270       0x30 ..\..\..\module\modules\power-domain\libmodule-power-domain.a(power_domain_state_checks.c.obj)
                0xe2109270                is_valid_state
 .text.normalize_state
                0xe21092a0       0x50 ..\..\..\module\modules\power-domain\libmodule-power-domain.a(power_domain_state_checks.c.obj)
                0xe21092a0                normalize_state
 .text.is_deeper_state
                0xe21092f0       0x2c ..\..\..\module\modules\power-domain\libmodule-power-domain.a(power_domain_state_checks.c.obj)
                0xe21092f0                is_deeper_state
 .text.is_shallower_state
                0xe210931c       0x2c ..\..\..\module\modules\power-domain\libmodule-power-domain.a(power_domain_state_checks.c.obj)
                0xe210931c                is_shallower_state
 .text.is_allowed_by_child
                0xe2109348       0x28 ..\..\..\module\modules\power-domain\libmodule-power-domain.a(power_domain_state_checks.c.obj)
                0xe2109348                is_allowed_by_child
 .text.is_allowed_by_children
                0xe2109370       0x60 ..\..\..\module\modules\power-domain\libmodule-power-domain.a(power_domain_state_checks.c.obj)
                0xe2109370                is_allowed_by_children
 .text.get_state_name
                0xe21093d0       0x40 ..\..\..\module\modules\power-domain\libmodule-power-domain.a(power_domain_state_checks.c.obj)
                0xe21093d0                get_state_name
 .text.number_of_bits_to_shift
                0xe2109410       0x2c ..\..\..\module\modules\power-domain\libmodule-power-domain.a(power_domain_state_checks.c.obj)
                0xe2109410                number_of_bits_to_shift
 .text.retrieve_mapped_state
                0xe210943c       0x20 ..\..\..\module\modules\power-domain\libmodule-power-domain.a(power_domain_state_checks.c.obj)
                0xe210943c                retrieve_mapped_state
 .text.get_level_state_from_composite_state
                0xe210945c       0x24 ..\..\..\module\modules\power-domain\libmodule-power-domain.a(power_domain_state_checks.c.obj)
                0xe210945c                get_level_state_from_composite_state
 .text.get_highest_level_from_composite_state
                0xe2109480       0x8c ..\..\..\module\modules\power-domain\libmodule-power-domain.a(power_domain_state_checks.c.obj)
                0xe2109480                get_highest_level_from_composite_state
 .text.is_valid_composite_state
                0xe210950c      0x110 ..\..\..\module\modules\power-domain\libmodule-power-domain.a(power_domain_state_checks.c.obj)
                0xe210950c                is_valid_composite_state
 .text.is_upwards_transition_propagation
                0xe210961c       0x88 ..\..\..\module\modules\power-domain\libmodule-power-domain.a(power_domain_state_checks.c.obj)
                0xe210961c                is_upwards_transition_propagation
 .text.is_allowed_by_parent_and_children
                0xe21096a4       0x84 ..\..\..\module\modules\power-domain\libmodule-power-domain.a(power_domain_state_checks.c.obj)
                0xe21096a4                is_allowed_by_parent_and_children
 .text.is_state_in_transition
                0xe2109728       0x44 ..\..\..\module\modules\power-domain\libmodule-power-domain.a(power_domain_state_checks.c.obj)
                0xe2109728                is_state_in_transition
 .text.check_power_state_pre_transition_notification
                0xe210976c       0x38 ..\..\..\module\modules\power-domain\libmodule-power-domain.a(power_domain_notifications.c.obj)
 .text.process_pre_shutdown_notification_response
                0xe21097a4       0x54 ..\..\..\module\modules\power-domain\libmodule-power-domain.a(power_domain_notifications.c.obj)
                0xe21097a4                process_pre_shutdown_notification_response
 .text.process_power_state_transition_notification_response
                0xe21097f8      0x11c ..\..\..\module\modules\power-domain\libmodule-power-domain.a(power_domain_notifications.c.obj)
                0xe21097f8                process_power_state_transition_notification_response
 .text.initiate_power_state_pre_transition_notification
                0xe2109914       0xf4 ..\..\..\module\modules\power-domain\libmodule-power-domain.a(power_domain_notifications.c.obj)
                0xe2109914                initiate_power_state_pre_transition_notification
 .text.process_power_state_pre_transition_notification_response
                0xe2109a08       0xd4 ..\..\..\module\modules\power-domain\libmodule-power-domain.a(power_domain_notifications.c.obj)
                0xe2109a08                process_power_state_pre_transition_notification_response
 .text.pd_process_notification
                0xe2109adc       0xc8 ..\..\..\module\modules\power-domain\libmodule-power-domain.a(power_domain_notifications.c.obj)
                0xe2109adc                pd_process_notification
 .text.check_and_notify_system_shutdown
                0xe2109ba4       0xb0 ..\..\..\module\modules\power-domain\libmodule-power-domain.a(power_domain_notifications.c.obj)
                0xe2109ba4                check_and_notify_system_shutdown
 .text.notify_warm_reset
                0xe2109c54       0x88 ..\..\..\module\modules\power-domain\libmodule-power-domain.a(power_domain_notifications.c.obj)
                0xe2109c54                notify_warm_reset
 .text.reset_issued_notify
                0xe2109cdc       0xd4 ..\..\..\module\modules\reset-domain\libmodule-reset-domain.a(mod_reset_domain.c.obj)
 .text.rd_process_event
                0xe2109db0       0x3c ..\..\..\module\modules\reset-domain\libmodule-reset-domain.a(mod_reset_domain.c.obj)
 .text.rd_process_bind_request
                0xe2109dec       0x38 ..\..\..\module\modules\reset-domain\libmodule-reset-domain.a(mod_reset_domain.c.obj)
 .text.set_reset_state
                0xe2109e24       0x50 ..\..\..\module\modules\reset-domain\libmodule-reset-domain.a(mod_reset_domain.c.obj)
 .text.rd_element_init
                0xe2109e74       0x28 ..\..\..\module\modules\reset-domain\libmodule-reset-domain.a(mod_reset_domain.c.obj)
 .text.rd_bind  0xe2109e9c       0x64 ..\..\..\module\modules\reset-domain\libmodule-reset-domain.a(mod_reset_domain.c.obj)
 .text.rd_init  0xe2109f00       0x34 ..\..\..\module\modules\reset-domain\libmodule-reset-domain.a(mod_reset_domain.c.obj)
 .text.scmi_message_header
                0xe2109f34       0x18 ..\..\..\module\modules\scmi\libmodule-scmi.a(mod_scmi.c.obj)
 .text.read_message_id
                0xe2109f4c        0x8 ..\..\..\module\modules\scmi\libmodule-scmi.a(mod_scmi.c.obj)
 .text.read_message_type
                0xe2109f54        0xc ..\..\..\module\modules\scmi\libmodule-scmi.a(mod_scmi.c.obj)
 .text.read_protocol_id
                0xe2109f60        0xc ..\..\..\module\modules\scmi\libmodule-scmi.a(mod_scmi.c.obj)
 .text.read_token
                0xe2109f6c       0x10 ..\..\..\module\modules\scmi\libmodule-scmi.a(mod_scmi.c.obj)
 .text.get_message_type_str
                0xe2109f7c       0x7c ..\..\..\module\modules\scmi\libmodule-scmi.a(mod_scmi.c.obj)
 .text.is_message_type_valid
                0xe2109ff8       0x34 ..\..\..\module\modules\scmi\libmodule-scmi.a(mod_scmi.c.obj)
 .text.get_agent_count
                0xe210a02c       0x30 ..\..\..\module\modules\scmi\libmodule-scmi.a(mod_scmi.c.obj)
 .text.get_agent_type
                0xe210a05c       0x54 ..\..\..\module\modules\scmi\libmodule-scmi.a(mod_scmi.c.obj)
 .text.response_message_handler
                0xe210a0b0       0x38 ..\..\..\module\modules\scmi\libmodule-scmi.a(mod_scmi.c.obj)
                0xe210a0b0                response_message_handler
 .text.get_agent_id
                0xe210a0e8       0x40 ..\..\..\module\modules\scmi\libmodule-scmi.a(mod_scmi.c.obj)
 .text.signal_error
                0xe210a128       0x4c ..\..\..\module\modules\scmi\libmodule-scmi.a(mod_scmi.c.obj)
 .text.scmi_notify
                0xe210a174       0xc8 ..\..\..\module\modules\scmi\libmodule-scmi.a(mod_scmi.c.obj)
 .text.write_payload
                0xe210a23c       0x50 ..\..\..\module\modules\scmi\libmodule-scmi.a(mod_scmi.c.obj)
 .text.get_max_payload_size
                0xe210a28c       0x4c ..\..\..\module\modules\scmi\libmodule-scmi.a(mod_scmi.c.obj)
 .text.scmi_service_init
                0xe210a2d8       0x60 ..\..\..\module\modules\scmi\libmodule-scmi.a(mod_scmi.c.obj)
 .text.scmi_send_message
                0xe210a338       0xe8 ..\..\..\module\modules\scmi\libmodule-scmi.a(mod_scmi.c.obj)
                0xe210a338                scmi_send_message
 .text.respond  0xe210a420       0xf4 ..\..\..\module\modules\scmi\libmodule-scmi.a(mod_scmi.c.obj)
 .text.scmi_message_validation
                0xe210a514       0xa8 ..\..\..\module\modules\scmi\libmodule-scmi.a(mod_scmi.c.obj)
 .text.scmi_process_notification
                0xe210a5bc       0xec ..\..\..\module\modules\scmi\libmodule-scmi.a(mod_scmi.c.obj)
 .text.scmi_process_bind_request
                0xe210a6a8      0x17c ..\..\..\module\modules\scmi\libmodule-scmi.a(mod_scmi.c.obj)
 .text.signal_message
                0xe210a824       0x74 ..\..\..\module\modules\scmi\libmodule-scmi.a(mod_scmi.c.obj)
 .text.scmi_start
                0xe210a898       0xac ..\..\..\module\modules\scmi\libmodule-scmi.a(mod_scmi.c.obj)
 .text.scmi_bind
                0xe210a944      0x2b4 ..\..\..\module\modules\scmi\libmodule-scmi.a(mod_scmi.c.obj)
 .text.scmi_init
                0xe210abf8       0xf0 ..\..\..\module\modules\scmi\libmodule-scmi.a(mod_scmi.c.obj)
 .text.send_to_message_handler
                0xe210ace8       0x38 ..\..\..\module\modules\scmi\libmodule-scmi.a(mod_scmi.c.obj)
                0xe210ace8                send_to_message_handler
 .text.scmi_process_event
                0xe210ad20      0x38c ..\..\..\module\modules\scmi\libmodule-scmi.a(mod_scmi.c.obj)
 .text.scmi_base_protocol_version_handler
                0xe210b0ac       0x44 ..\..\..\module\modules\scmi\libmodule-scmi.a(mod_scmi_base.c.obj)
 .text.scmi_base_protocol_message_attributes_handler
                0xe210b0f0       0x80 ..\..\..\module\modules\scmi\libmodule-scmi.a(mod_scmi_base.c.obj)
 .text.scmi_base_discover_implementation_version_handler
                0xe210b170       0x48 ..\..\..\module\modules\scmi\libmodule-scmi.a(mod_scmi_base.c.obj)
 .text.scmi_base_discover_list_protocols_handler
                0xe210b1b8      0x2dc ..\..\..\module\modules\scmi\libmodule-scmi.a(mod_scmi_base.c.obj)
 .text.scmi_base_protocol_attributes_handler
                0xe210b494      0x108 ..\..\..\module\modules\scmi\libmodule-scmi.a(mod_scmi_base.c.obj)
 .text.scmi_base_discover_agent_handler
                0xe210b59c      0x164 ..\..\..\module\modules\scmi\libmodule-scmi.a(mod_scmi_base.c.obj)
 .text.scmi_base_discover_sub_vendor_handler
                0xe210b700       0x78 ..\..\..\module\modules\scmi\libmodule-scmi.a(mod_scmi_base.c.obj)
 .text.scmi_base_discover_vendor_handler
                0xe210b778       0x78 ..\..\..\module\modules\scmi\libmodule-scmi.a(mod_scmi_base.c.obj)
 .text.scmi_base_message_handler
                0xe210b7f0       0xac ..\..\..\module\modules\scmi\libmodule-scmi.a(mod_scmi_base.c.obj)
                0xe210b7f0                scmi_base_message_handler
 .text.scmi_base_set_api
                0xe210b89c       0x10 ..\..\..\module\modules\scmi\libmodule-scmi.a(mod_scmi_base.c.obj)
                0xe210b89c                scmi_base_set_api
 .text.scmi_base_set_shared_ctx
                0xe210b8ac       0x10 ..\..\..\module\modules\scmi\libmodule-scmi.a(mod_scmi_base.c.obj)
                0xe210b8ac                scmi_base_set_shared_ctx
 .text.protocol_version_handler
                0xe210b8bc       0x44 ..\..\..\module\modules\scmi-reset-domain\libmodule-scmi-reset-domain.a(mod_scmi_reset_domain.c.obj)
 .text.protocol_attributes_handler
                0xe210b900       0x9c ..\..\..\module\modules\scmi-reset-domain\libmodule-scmi-reset-domain.a(mod_scmi_reset_domain.c.obj)
 .text.protocol_message_attributes_handler
                0xe210b99c       0x80 ..\..\..\module\modules\scmi-reset-domain\libmodule-scmi-reset-domain.a(mod_scmi_reset_domain.c.obj)
 .text.get_agent_id
                0xe210ba1c       0x50 ..\..\..\module\modules\scmi-reset-domain\libmodule-scmi-reset-domain.a(mod_scmi_reset_domain.c.obj)
 .text.get_agent_entry
                0xe210ba6c       0x4c ..\..\..\module\modules\scmi-reset-domain\libmodule-scmi-reset-domain.a(mod_scmi_reset_domain.c.obj)
 .text.scmi_reset_get_scmi_protocol_id
                0xe210bab8       0x10 ..\..\..\module\modules\scmi-reset-domain\libmodule-scmi-reset-domain.a(mod_scmi_reset_domain.c.obj)
 .text.scmi_reset_message_handler
                0xe210bac8       0xa8 ..\..\..\module\modules\scmi-reset-domain\libmodule-scmi-reset-domain.a(mod_scmi_reset_domain.c.obj)
 .text.scmi_reset_init
                0xe210bb70       0x38 ..\..\..\module\modules\scmi-reset-domain\libmodule-scmi-reset-domain.a(mod_scmi_reset_domain.c.obj)
 .text.scmi_reset_process_bind_request
                0xe210bba8       0x38 ..\..\..\module\modules\scmi-reset-domain\libmodule-scmi-reset-domain.a(mod_scmi_reset_domain.c.obj)
 .text.get_reset_device
                0xe210bbe0       0xa8 ..\..\..\module\modules\scmi-reset-domain\libmodule-scmi-reset-domain.a(mod_scmi_reset_domain.c.obj)
 .text.reset_attributes_handler
                0xe210bc88       0xe4 ..\..\..\module\modules\scmi-reset-domain\libmodule-scmi-reset-domain.a(mod_scmi_reset_domain.c.obj)
 .text.scmi_reset_bind
                0xe210bd6c       0x70 ..\..\..\module\modules\scmi-reset-domain\libmodule-scmi-reset-domain.a(mod_scmi_reset_domain.c.obj)
 .text.scmi_reset_domain_reset_request_policy
                0xe210bddc       0x10 ..\..\..\module\modules\scmi-reset-domain\libmodule-scmi-reset-domain.a(mod_scmi_reset_domain.c.obj)
                0xe210bddc                scmi_reset_domain_reset_request_policy
 .text.reset_request_handler
                0xe210bdec      0x220 ..\..\..\module\modules\scmi-reset-domain\libmodule-scmi-reset-domain.a(mod_scmi_reset_domain.c.obj)
 .text.header_is_valid
                0xe210c00c       0x94 ..\..\..\module\modules\sds\libmodule-sds.a(mod_sds.c.obj)
 .text.validate_structure_access
                0xe210c0a0       0x40 ..\..\..\module\modules\sds\libmodule-sds.a(mod_sds.c.obj)
 .text.reinitialize_memory_region
                0xe210c0e0       0xfc ..\..\..\module\modules\sds\libmodule-sds.a(mod_sds.c.obj)
 .text.sds_element_init
                0xe210c1dc        0x8 ..\..\..\module\modules\sds\libmodule-sds.a(mod_sds.c.obj)
 .text.create_memory_region
                0xe210c1e4       0xb0 ..\..\..\module\modules\sds\libmodule-sds.a(mod_sds.c.obj)
 .text.get_structure_info
                0xe210c294      0x12c ..\..\..\module\modules\sds\libmodule-sds.a(mod_sds.c.obj)
 .text.structure_exists
                0xe210c3c0       0x28 ..\..\..\module\modules\sds\libmodule-sds.a(mod_sds.c.obj)
 .text.struct_finalize
                0xe210c3e8       0x34 ..\..\..\module\modules\sds\libmodule-sds.a(mod_sds.c.obj)
 .text.sds_struct_finalize
                0xe210c41c       0x10 ..\..\..\module\modules\sds\libmodule-sds.a(mod_sds.c.obj)
 .text.sds_struct_read
                0xe210c42c       0x98 ..\..\..\module\modules\sds\libmodule-sds.a(mod_sds.c.obj)
 .text.struct_alloc
                0xe210c4c4      0x170 ..\..\..\module\modules\sds\libmodule-sds.a(mod_sds.c.obj)
 .text.struct_write
                0xe210c634       0xc8 ..\..\..\module\modules\sds\libmodule-sds.a(mod_sds.c.obj)
 .text.struct_init
                0xe210c6fc       0x74 ..\..\..\module\modules\sds\libmodule-sds.a(mod_sds.c.obj)
 .text.sds_struct_write
                0xe210c770       0x30 ..\..\..\module\modules\sds\libmodule-sds.a(mod_sds.c.obj)
 .text.mod_sds_clock_changed
                0xe210c7a0       0x60 ..\..\..\module\modules\sds\libmodule-sds.a(mod_sds.c.obj)
 .text.init_sds
                0xe210c800      0x10c ..\..\..\module\modules\sds\libmodule-sds.a(mod_sds.c.obj)
 .text.sds_process_notification
                0xe210c90c      0x120 ..\..\..\module\modules\sds\libmodule-sds.a(mod_sds.c.obj)
 .text.sds_process_bind_request
                0xe210ca2c       0x34 ..\..\..\module\modules\sds\libmodule-sds.a(mod_sds.c.obj)
 .text.sds_start
                0xe210ca60      0x128 ..\..\..\module\modules\sds\libmodule-sds.a(mod_sds.c.obj)
 .text.sds_init
                0xe210cb88       0x84 ..\..\..\module\modules\sds\libmodule-sds.a(mod_sds.c.obj)
 .text.arch_interrupts_enable
                0xe210cc0c       0x3c ..\..\..\module\modules\transport\libmodule-transport.a(mod_transport.c.obj)
 .text.transport_trigger_interrupt
                0xe210cc48       0x6c ..\..\..\module\modules\transport\libmodule-transport.a(mod_transport.c.obj)
 .text.transport_release_channel_lock
                0xe210ccb4       0x30 ..\..\..\module\modules\transport\libmodule-transport.a(mod_transport.c.obj)
 .text.transport_get_payload
                0xe210cce4       0xb8 ..\..\..\module\modules\transport\libmodule-transport.a(mod_transport.c.obj)
 .text.transport_get_message_header
                0xe210cd9c       0x9c ..\..\..\module\modules\transport\libmodule-transport.a(mod_transport.c.obj)
 .text.transport_get_max_payload_size
                0xe210ce38       0x5c ..\..\..\module\modules\transport\libmodule-transport.a(mod_transport.c.obj)
 .text.transport_get_secure
                0xe210ce94       0x64 ..\..\..\module\modules\transport\libmodule-transport.a(mod_transport.c.obj)
 .text.transport_mailbox_init
                0xe210cef8       0xb0 ..\..\..\module\modules\transport\libmodule-transport.a(mod_transport.c.obj)
 .text.transport_process_notification
                0xe210cfa8      0x140 ..\..\..\module\modules\transport\libmodule-transport.a(mod_transport.c.obj)
 .text.transport_process_bind_request
                0xe210d0e8      0x138 ..\..\..\module\modules\transport\libmodule-transport.a(mod_transport.c.obj)
 .text.transport_transmit
                0xe210d220      0x13c ..\..\..\module\modules\transport\libmodule-transport.a(mod_transport.c.obj)
 .text.transport_respond
                0xe210d35c      0x134 ..\..\..\module\modules\transport\libmodule-transport.a(mod_transport.c.obj)
 .text.transport_message_handler
                0xe210d490      0x1c4 ..\..\..\module\modules\transport\libmodule-transport.a(mod_transport.c.obj)
 .text.transport_signal_message
                0xe210d654       0x84 ..\..\..\module\modules\transport\libmodule-transport.a(mod_transport.c.obj)
 .text.transport_write_payload
                0xe210d6d8       0xcc ..\..\..\module\modules\transport\libmodule-transport.a(mod_transport.c.obj)
 .text.transport_start
                0xe210d7a4      0x138 ..\..\..\module\modules\transport\libmodule-transport.a(mod_transport.c.obj)
 .text.transport_bind
                0xe210d8dc      0x104 ..\..\..\module\modules\transport\libmodule-transport.a(mod_transport.c.obj)
 .text.transport_channel_init
                0xe210d9e0      0x118 ..\..\..\module\modules\transport\libmodule-transport.a(mod_transport.c.obj)
 .text.transport_init
                0xe210daf8       0x30 ..\..\..\module\modules\transport\libmodule-transport.a(mod_transport.c.obj)
 .text          0xe210db28      0x114 C:/PROGRA~2/ARMGNU~1/133167~1.3RE/bin/../lib/gcc/arm-none-eabi/13.3.1\libgcc.a(_udivsi3.o)
                0xe210db28                __aeabi_uidiv
                0xe210db28                __udivsi3
                0xe210dc1c                __aeabi_uidivmod
 .text          0xe210dc3c        0x4 C:/PROGRA~2/ARMGNU~1/133167~1.3RE/bin/../lib/gcc/arm-none-eabi/13.3.1\libgcc.a(_dvmd_tls.o)
                0xe210dc3c                __aeabi_idiv0
                0xe210dc3c                __aeabi_ldiv0
 .text          0xe210dc40       0x3c C:/PROGRA~2/ARMGNU~1/133167~1.3RE/bin/../lib/gcc/arm-none-eabi/13.3.1\libgcc.a(_aeabi_uldivmod.o)
                0xe210dc40                __aeabi_uldivmod
 .text.__udivmoddi4
                0xe210dc7c      0x128 C:/PROGRA~2/ARMGNU~1/133167~1.3RE/bin/../lib/gcc/arm-none-eabi/13.3.1\libgcc.a(_udivmoddi4.o)
                0xe210dc7c                __udivmoddi4
 .text          0xe210dda4       0x28 C:/PROGRA~2/ARMGNU~1/133167~1.3RE/bin/../lib/gcc/arm-none-eabi/13.3.1\libgcc.a(_clzdi2.o)
                0xe210dda4                __clzdi2
 .text          0xe210ddcc       0x48 C:/PROGRA~2/ARMGNU~1/133167~1.3RE/bin/../lib/gcc/arm-none-eabi/13.3.1\libgcc.a(_clzsi2.o)
                0xe210ddcc                __clzsi2
 .text.calloc   0xe210de14       0x28 C:/PROGRA~2/ARMGNU~1/133167~1.3RE/bin/../lib/gcc/arm-none-eabi/13.3.1\libg.a(libc_a-calloc.o)
                0xe210de14                calloc
 .text._calloc_r
                0xe210de3c       0xd0 C:/PROGRA~2/ARMGNU~1/133167~1.3RE/bin/../lib/gcc/arm-none-eabi/13.3.1\libg.a(libc_a-callocr.o)
                0xe210de3c                _calloc_r
 .text.malloc   0xe210df0c       0x20 C:/PROGRA~2/ARMGNU~1/133167~1.3RE/bin/../lib/gcc/arm-none-eabi/13.3.1\libg.a(libc_a-malloc.o)
                0xe210df0c                malloc
 .text.free     0xe210df2c       0x20 C:/PROGRA~2/ARMGNU~1/133167~1.3RE/bin/../lib/gcc/arm-none-eabi/13.3.1\libg.a(libc_a-malloc.o)
                0xe210df2c                free
 .text._malloc_r
                0xe210df4c      0x7b4 C:/PROGRA~2/ARMGNU~1/133167~1.3RE/bin/../lib/gcc/arm-none-eabi/13.3.1\libg.a(libc_a-mallocr.o)
                0xe210df4c                _malloc_r
 .text.__malloc_lock
                0xe210e700       0x18 C:/PROGRA~2/ARMGNU~1/133167~1.3RE/bin/../lib/gcc/arm-none-eabi/13.3.1\libg.a(libc_a-mlock.o)
                0xe210e700                __malloc_lock
 .text.__malloc_unlock
                0xe210e718       0x18 C:/PROGRA~2/ARMGNU~1/133167~1.3RE/bin/../lib/gcc/arm-none-eabi/13.3.1\libg.a(libc_a-mlock.o)
                0xe210e718                __malloc_unlock
 .text._realloc_r
                0xe210e730      0x4b8 C:/PROGRA~2/ARMGNU~1/133167~1.3RE/bin/../lib/gcc/arm-none-eabi/13.3.1\libg.a(libc_a-reallocr.o)
                0xe210e730                _realloc_r
 .text.snprintf
                0xe210ebe8       0xd8 C:/PROGRA~2/ARMGNU~1/133167~1.3RE/bin/../lib/gcc/arm-none-eabi/13.3.1\libg.a(libc_a-snprintf.o)
                0xe210ebe8                snprintf
 .text.vsnprintf
                0xe210ecc0       0xb8 C:/PROGRA~2/ARMGNU~1/133167~1.3RE/bin/../lib/gcc/arm-none-eabi/13.3.1\libg.a(libc_a-vsnprintf.o)
                0xe210ecc0                vsnprintf
 .text.memmove  0xe210ed78      0x154 C:/PROGRA~2/ARMGNU~1/133167~1.3RE/bin/../lib/gcc/arm-none-eabi/13.3.1\libg.a(libc_a-memmove.o)
                0xe210ed78                memmove
 .text.memset   0xe210eecc       0xfc C:/PROGRA~2/ARMGNU~1/133167~1.3RE/bin/../lib/gcc/arm-none-eabi/13.3.1\libg.a(libc_a-memset.o)
                0xe210eecc                memset
 .text.strncpy  0xe210efc8       0xd0 C:/PROGRA~2/ARMGNU~1/133167~1.3RE/bin/../lib/gcc/arm-none-eabi/13.3.1\libg.a(libc_a-strncpy.o)
                0xe210efc8                strncpy
 .text._sbrk_r  0xe210f098       0x44 C:/PROGRA~2/ARMGNU~1/133167~1.3RE/bin/../lib/gcc/arm-none-eabi/13.3.1\libg.a(libc_a-sbrkr.o)
                0xe210f098                _sbrk_r
 .text.__errno  0xe210f0dc       0x10 C:/PROGRA~2/ARMGNU~1/133167~1.3RE/bin/../lib/gcc/arm-none-eabi/13.3.1\libg.a(libc_a-errno.o)
                0xe210f0dc                __errno
 .text.__retarget_lock_acquire_recursive
                0xe210f0ec        0x4 C:/PROGRA~2/ARMGNU~1/133167~1.3RE/bin/../lib/gcc/arm-none-eabi/13.3.1\libg.a(libc_a-lock.o)
                0xe210f0ec                __retarget_lock_acquire_recursive
 .text.__retarget_lock_release_recursive
                0xe210f0f0        0x4 C:/PROGRA~2/ARMGNU~1/133167~1.3RE/bin/../lib/gcc/arm-none-eabi/13.3.1\libg.a(libc_a-lock.o)
                0xe210f0f0                __retarget_lock_release_recursive
 .text.sysconf  0xe210f0f4       0x30 C:/PROGRA~2/ARMGNU~1/133167~1.3RE/bin/../lib/gcc/arm-none-eabi/13.3.1\libg.a(libc_a-sysconf.o)
                0xe210f0f4                sysconf
 .text.memcpy   0xe210f124      0x114 C:/PROGRA~2/ARMGNU~1/133167~1.3RE/bin/../lib/gcc/arm-none-eabi/13.3.1\libg.a(libc_a-memcpy-stub.o)
                0xe210f124                memcpy
 .text.strlen   0xe210f238       0x60 C:/PROGRA~2/ARMGNU~1/133167~1.3RE/bin/../lib/gcc/arm-none-eabi/13.3.1\libg.a(libc_a-strlen-stub.o)
                0xe210f238                strlen
 .text.startup.register_fini
                0xe210f298       0x28 C:/PROGRA~2/ARMGNU~1/133167~1.3RE/bin/../lib/gcc/arm-none-eabi/13.3.1\libg.a(libc_a-__call_atexit.o)
 .text.atexit   0xe210f2c0       0x20 C:/PROGRA~2/ARMGNU~1/133167~1.3RE/bin/../lib/gcc/arm-none-eabi/13.3.1\libg.a(libc_a-atexit.o)
                0xe210f2c0                atexit
 .text._malloc_trim_r
                0xe210f2e0      0x114 C:/PROGRA~2/ARMGNU~1/133167~1.3RE/bin/../lib/gcc/arm-none-eabi/13.3.1\libg.a(libc_a-freer.o)
                0xe210f2e0                _malloc_trim_r
 .text._free_r  0xe210f3f4      0x2e8 C:/PROGRA~2/ARMGNU~1/133167~1.3RE/bin/../lib/gcc/arm-none-eabi/13.3.1\libg.a(libc_a-freer.o)
                0xe210f3f4                _free_r
 .text._svfprintf_r
                0xe210f6dc     0x2bf4 C:/PROGRA~2/ARMGNU~1/133167~1.3RE/bin/../lib/gcc/arm-none-eabi/13.3.1\libg.a(libc_a-svfprintf.o)
                0xe210f6dc                _svfprintf_r
 .text.__ssprint_r
                0xe21122d0       0xa8 C:/PROGRA~2/ARMGNU~1/133167~1.3RE/bin/../lib/gcc/arm-none-eabi/13.3.1\libg.a(libc_a-ssprint_r.o)
                0xe21122d0                __ssprint_r
 .text.__locale_mb_cur_max
                0xe2112378       0x10 C:/PROGRA~2/ARMGNU~1/133167~1.3RE/bin/../lib/gcc/arm-none-eabi/13.3.1\libg.a(libc_a-locale.o)
                0xe2112378                __locale_mb_cur_max
 .text._localeconv_r
                0xe2112388        0xc C:/PROGRA~2/ARMGNU~1/133167~1.3RE/bin/../lib/gcc/arm-none-eabi/13.3.1\libg.a(libc_a-localeconv.o)
                0xe2112388                _localeconv_r
 .text.__libc_fini_array
                0xe2112394       0x44 C:/PROGRA~2/ARMGNU~1/133167~1.3RE/bin/../lib/gcc/arm-none-eabi/13.3.1\libg.a(libc_a-fini.o)
                0xe2112394                __libc_fini_array
 .text.memchr   0xe21123d8       0xf0 C:/PROGRA~2/ARMGNU~1/133167~1.3RE/bin/../lib/gcc/arm-none-eabi/13.3.1\libg.a(libc_a-memchr-stub.o)
                0xe21123d8                memchr
 .text.frexp    0xe21124c8       0xa4 C:/PROGRA~2/ARMGNU~1/133167~1.3RE/bin/../lib/gcc/arm-none-eabi/13.3.1\libg.a(libm_a-s_frexp.o)
                0xe21124c8                frexp
 .text.__register_exitproc
                0xe211256c       0xb8 C:/PROGRA~2/ARMGNU~1/133167~1.3RE/bin/../lib/gcc/arm-none-eabi/13.3.1\libg.a(libc_a-__atexit.o)
                0xe211256c                __register_exitproc
 .text.quorem   0xe2112624      0x1d8 C:/PROGRA~2/ARMGNU~1/133167~1.3RE/bin/../lib/gcc/arm-none-eabi/13.3.1\libg.a(libc_a-dtoa.o)
 *fill*         0xe21127fc        0x4 
 .text._dtoa_r  0xe2112800     0x16cc C:/PROGRA~2/ARMGNU~1/133167~1.3RE/bin/../lib/gcc/arm-none-eabi/13.3.1\libg.a(libc_a-dtoa.o)
                0xe2112800                _dtoa_r
 .text.__ascii_mbtowc
                0xe2113ecc       0x44 C:/PROGRA~2/ARMGNU~1/133167~1.3RE/bin/../lib/gcc/arm-none-eabi/13.3.1\libg.a(libc_a-mbtowc_r.o)
                0xe2113ecc                __ascii_mbtowc
 .text._Balloc  0xe2113f10       0x8c C:/PROGRA~2/ARMGNU~1/133167~1.3RE/bin/../lib/gcc/arm-none-eabi/13.3.1\libg.a(libc_a-mprec.o)
                0xe2113f10                _Balloc
 .text._Bfree   0xe2113f9c       0x1c C:/PROGRA~2/ARMGNU~1/133167~1.3RE/bin/../lib/gcc/arm-none-eabi/13.3.1\libg.a(libc_a-mprec.o)
                0xe2113f9c                _Bfree
 .text.__multadd
                0xe2113fb8      0x100 C:/PROGRA~2/ARMGNU~1/133167~1.3RE/bin/../lib/gcc/arm-none-eabi/13.3.1\libg.a(libc_a-mprec.o)
                0xe2113fb8                __multadd
 .text.__hi0bits
                0xe21140b8       0x60 C:/PROGRA~2/ARMGNU~1/133167~1.3RE/bin/../lib/gcc/arm-none-eabi/13.3.1\libg.a(libc_a-mprec.o)
                0xe21140b8                __hi0bits
 .text.__lo0bits
                0xe2114118       0xa0 C:/PROGRA~2/ARMGNU~1/133167~1.3RE/bin/../lib/gcc/arm-none-eabi/13.3.1\libg.a(libc_a-mprec.o)
                0xe2114118                __lo0bits
 .text.__i2b    0xe21141b8       0xac C:/PROGRA~2/ARMGNU~1/133167~1.3RE/bin/../lib/gcc/arm-none-eabi/13.3.1\libg.a(libc_a-mprec.o)
                0xe21141b8                __i2b
 .text.__multiply
                0xe2114264      0x218 C:/PROGRA~2/ARMGNU~1/133167~1.3RE/bin/../lib/gcc/arm-none-eabi/13.3.1\libg.a(libc_a-mprec.o)
                0xe2114264                __multiply
 .text.__pow5mult
                0xe211447c      0x12c C:/PROGRA~2/ARMGNU~1/133167~1.3RE/bin/../lib/gcc/arm-none-eabi/13.3.1\libg.a(libc_a-mprec.o)
                0xe211447c                __pow5mult
 .text.__lshift
                0xe21145a8      0x144 C:/PROGRA~2/ARMGNU~1/133167~1.3RE/bin/../lib/gcc/arm-none-eabi/13.3.1\libg.a(libc_a-mprec.o)
                0xe21145a8                __lshift
 .text.__mcmp   0xe21146ec       0x54 C:/PROGRA~2/ARMGNU~1/133167~1.3RE/bin/../lib/gcc/arm-none-eabi/13.3.1\libg.a(libc_a-mprec.o)
                0xe21146ec                __mcmp
 .text.__mdiff  0xe2114740      0x214 C:/PROGRA~2/ARMGNU~1/133167~1.3RE/bin/../lib/gcc/arm-none-eabi/13.3.1\libg.a(libc_a-mprec.o)
                0xe2114740                __mdiff
 .text.__d2b    0xe2114954      0x128 C:/PROGRA~2/ARMGNU~1/133167~1.3RE/bin/../lib/gcc/arm-none-eabi/13.3.1\libg.a(libc_a-mprec.o)
                0xe2114954                __d2b
 .text.__ascii_wctomb
                0xe2114a7c       0x30 C:/PROGRA~2/ARMGNU~1/133167~1.3RE/bin/../lib/gcc/arm-none-eabi/13.3.1\libg.a(libc_a-wctomb_r.o)
                0xe2114a7c                __ascii_wctomb
 .text._wcrtomb_r
                0xe2114aac       0x5c C:/PROGRA~2/ARMGNU~1/133167~1.3RE/bin/../lib/gcc/arm-none-eabi/13.3.1\libg.a(libc_a-wcrtomb.o)
                0xe2114aac                _wcrtomb_r
 .text._wcsrtombs_r
                0xe2114b08       0x2c C:/PROGRA~2/ARMGNU~1/133167~1.3RE/bin/../lib/gcc/arm-none-eabi/13.3.1\libg.a(libc_a-wcsrtombs.o)
                0xe2114b08                _wcsrtombs_r
 .text.__ssputs_r
                0xe2114b34      0x12c C:/PROGRA~2/ARMGNU~1/133167~1.3RE/bin/../lib/gcc/arm-none-eabi/13.3.1\libg.a(libc_a-ssputs_r.o)
                0xe2114b34                __ssputs_r
 .text._wcsnrtombs_l
                0xe2114c60      0x198 C:/PROGRA~2/ARMGNU~1/133167~1.3RE/bin/../lib/gcc/arm-none-eabi/13.3.1\libg.a(libc_a-wcsnrtombs.o)
                0xe2114c60                _wcsnrtombs_l
 .text._wcsnrtombs_r
                0xe2114df8       0x40 C:/PROGRA~2/ARMGNU~1/133167~1.3RE/bin/../lib/gcc/arm-none-eabi/13.3.1\libg.a(libc_a-wcsnrtombs.o)
                0xe2114df8                _wcsnrtombs_r
 .text          0xe2114e38      0x424 C:/PROGRA~2/ARMGNU~1/133167~1.3RE/bin/../lib/gcc/arm-none-eabi/13.3.1\libgcc.a(_arm_addsubdf3.o)
                0xe2114e38                __aeabi_drsub
                0xe2114e40                __aeabi_dsub
                0xe2114e40                __subdf3
                0xe2114e44                __aeabi_dadd
                0xe2114e44                __adddf3
                0xe2115154                __floatunsidf
                0xe2115154                __aeabi_ui2d
                0xe2115178                __floatsidf
                0xe2115178                __aeabi_i2d
                0xe21151a0                __aeabi_f2d
                0xe21151a0                __extendsfdf2
                0xe21151e8                __floatundidf
                0xe21151e8                __aeabi_ul2d
                0xe21151fc                __floatdidf
                0xe21151fc                __aeabi_l2d
 .text          0xe211525c      0x49c C:/PROGRA~2/ARMGNU~1/133167~1.3RE/bin/../lib/gcc/arm-none-eabi/13.3.1\libgcc.a(_arm_muldivdf3.o)
                0xe211525c                __aeabi_dmul
                0xe211525c                __muldf3
                0xe21154ec                __divdf3
                0xe21154ec                __aeabi_ddiv
 .text          0xe21156f8      0x144 C:/PROGRA~2/ARMGNU~1/133167~1.3RE/bin/../lib/gcc/arm-none-eabi/13.3.1\libgcc.a(_arm_cmpdf2.o)
                0xe21156f8                __gtdf2
                0xe21156f8                __gedf2
                0xe2115700                __ltdf2
                0xe2115700                __ledf2
                0xe2115708                __nedf2
                0xe2115708                __eqdf2
                0xe2115708                __cmpdf2
                0xe2115790                __aeabi_cdrcmple
                0xe21157ac                __aeabi_cdcmpeq
                0xe21157ac                __aeabi_cdcmple
                0xe21157c4                __aeabi_dcmpeq
                0xe21157dc                __aeabi_dcmplt
                0xe21157f4                __aeabi_dcmple
                0xe211580c                __aeabi_dcmpge
                0xe2115824                __aeabi_dcmpgt
 .text          0xe211583c       0x38 C:/PROGRA~2/ARMGNU~1/133167~1.3RE/bin/../lib/gcc/arm-none-eabi/13.3.1\libgcc.a(_arm_unorddf2.o)
                0xe211583c                __unorddf2
                0xe211583c                __aeabi_dcmpun
 .text          0xe2115874       0x5c C:/PROGRA~2/ARMGNU~1/133167~1.3RE/bin/../lib/gcc/arm-none-eabi/13.3.1\libgcc.a(_arm_fixdfsi.o)
                0xe2115874                __aeabi_d2iz
                0xe2115874                __fixdfsi
 *(.rodata*)
 .rodata.str1.4
                0xe21158d0     0x1ee6 CMakeFiles/rcar4-bl.dir/config_power_domain.c.obj
                                 0x5f (size before relaxing)
 *fill*         0xe21177b6        0x2 
 .rodata.rcar4_power_domain_config
                0xe21177b8        0xc CMakeFiles/rcar4-bl.dir/config_power_domain.c.obj
 .rodata.core_pd_allowed_state_mask_table
                0xe21177c4        0xc CMakeFiles/rcar4-bl.dir/config_power_domain.c.obj
 .rodata.cluster_pd_allowed_state_mask_table
                0xe21177d0       0x20 CMakeFiles/rcar4-bl.dir/config_power_domain.c.obj
 .rodata.toplevel_allowed_state_mask_table
                0xe21177f0       0x20 CMakeFiles/rcar4-bl.dir/config_power_domain.c.obj
 .rodata.systop_allowed_state_mask_table
                0xe2117810        0x4 CMakeFiles/rcar4-bl.dir/config_power_domain.c.obj
 .rodata.config_rcar4_pd_sysc
                0xe2117814        0xc CMakeFiles/rcar4-bl.dir/config_rcar4_pd_sysc.c.obj
                0xe2117814                config_rcar4_pd_sysc
 .rodata.str1.4
                0xe2117820       0x56 CMakeFiles/rcar4-bl.dir/config_rcar4_pd_sysc.c.obj
 .rodata.config_rcar4_pd_core
                0xe2117820        0xc CMakeFiles/rcar4-bl.dir/config_rcar4_pd_core.c.obj
                0xe2117820                config_rcar4_pd_core
 .rodata.str1.4
                0xe211782c       0x7f CMakeFiles/rcar4-bl.dir/config_rcar4_pd_core.c.obj
 .rodata.cluster_pd_name_table
                0xe211782c        0x8 CMakeFiles/rcar4-bl.dir/config_rcar4_pd_core.c.obj
 .rodata.core_pd_name_table
                0xe2117834       0x20 CMakeFiles/rcar4-bl.dir/config_rcar4_pd_core.c.obj
 .rodata.str1.4
                0xe2117854       0x21 CMakeFiles/rcar4-bl.dir/config_clock.c.obj
 .rodata.str1.4
                0xe2117854       0x2b CMakeFiles/rcar4-bl.dir/config_rcar4_clock.c.obj
 .rodata.rcar4_clock_element_table
                0xe2117854       0x48 CMakeFiles/rcar4-bl.dir/config_rcar4_clock.c.obj
 .rodata.str1.4
                0xe211789c       0x3c CMakeFiles/rcar4-bl.dir/config_rcar4_mfismh.c.obj
 .rodata.mfismh_element_table
                0xe211789c       0x48 CMakeFiles/rcar4-bl.dir/config_rcar4_mfismh.c.obj
 .rodata.str1.4
                0xe21178e4       0x1c CMakeFiles/rcar4-bl.dir/config_transport.c.obj
 .rodata.transport_element_table
                0xe21178e4       0x48 CMakeFiles/rcar4-bl.dir/config_transport.c.obj
 .rodata.str1.4
                0xe211792c       0x24 CMakeFiles/rcar4-bl.dir/config_scmi.c.obj
 .rodata.agent_table
                0xe211792c       0x30 CMakeFiles/rcar4-bl.dir/config_scmi.c.obj
 .rodata.element_table
                0xe211795c       0x48 CMakeFiles/rcar4-bl.dir/config_scmi.c.obj
 .rodata.config_rcar4_system_power
                0xe21179a4        0xc CMakeFiles/rcar4-bl.dir/config_rcar4_system_power.c.obj
                0xe21179a4                config_rcar4_system_power
 .rodata.str1.4
                0xe21179b0        0x8 CMakeFiles/rcar4-bl.dir/config_rcar4_system.c.obj
 .rodata.str1.4
                0xe21179b0       0x21 CMakeFiles/rcar4-bl.dir/config_sds.c.obj
 .rodata.sds_element_table
                0xe21179b0       0x24 CMakeFiles/rcar4-bl.dir/config_sds.c.obj
 .rodata.sds_module_config
                0xe21179d4       0x14 CMakeFiles/rcar4-bl.dir/config_sds.c.obj
                0xe21179d4                sds_module_config
 .rodata.sds_module_regions
                0xe21179e8        0x8 CMakeFiles/rcar4-bl.dir/config_sds.c.obj
 .rodata.version_packed
                0xe21179f0        0x4 CMakeFiles/rcar4-bl.dir/config_sds.c.obj
 .rodata.feature_flags
                0xe21179f4        0x4 CMakeFiles/rcar4-bl.dir/config_sds.c.obj
 .rodata.rcar4_reset_config
                0xe21179f8        0x4 CMakeFiles/rcar4-bl.dir/config_rcar4_reset.c.obj
 .rodata.str1.4
                0xe21179fc        0x6 CMakeFiles/rcar4-bl.dir/config_rcar4_reset.c.obj
 .rodata.rcar4_reset_element_table
                0xe21179fc       0x18 CMakeFiles/rcar4-bl.dir/config_rcar4_reset.c.obj
                0xe21179fc                rcar4_reset_element_table
 .rodata.reset_domain_config
                0xe2117a14        0x4 CMakeFiles/rcar4-bl.dir/config_reset_domain.c.obj
 .rodata.str1.4
                0xe2117a18        0x6 CMakeFiles/rcar4-bl.dir/config_reset_domain.c.obj
 .rodata.reset_domain_element_table
                0xe2117a18       0x18 CMakeFiles/rcar4-bl.dir/config_reset_domain.c.obj
                0xe2117a18                reset_domain_element_table
 .rodata.config_scmi_reset_domain
                0xe2117a30        0xc CMakeFiles/rcar4-bl.dir/config_scmi_reset_domain.c.obj
                0xe2117a30                config_scmi_reset_domain
 .rodata.agent_table
                0xe2117a3c       0x30 CMakeFiles/rcar4-bl.dir/config_scmi_reset_domain.c.obj
 .rodata.agent_device_table_ospm
                0xe2117a6c        0x8 CMakeFiles/rcar4-bl.dir/config_scmi_reset_domain.c.obj
 .rodata.arm_gic_driver
                0xe2117a74       0x3c ..\..\..\arch\armv8-r\libarch-armv8r.a(arch_gic.c.obj)
 .rodata.rcar4_system_process_notification.str1.4
                0xe2117ab0       0xb7 ..\..\..\module\modules\rcar4-system\libmodule-rcar4-system.a(mod_rcar4_system.c.obj)
 .rodata.__func__.2
                0xe2117ab0       0x22 ..\..\..\module\modules\rcar4-system\libmodule-rcar4-system.a(mod_rcar4_system.c.obj)
 *fill*         0xe2117ad2        0x2 
 .rodata.module_rcar4_system
                0xe2117ad4       0x44 ..\..\..\module\modules\rcar4-system\libmodule-rcar4-system.a(mod_rcar4_system.c.obj)
                0xe2117ad4                module_rcar4_system
 .rodata.rcar4_system_system_power_driver_api
                0xe2117b18        0x8 ..\..\..\module\modules\rcar4-system\libmodule-rcar4-system.a(mod_rcar4_system.c.obj)
 .rodata.scmi_notification_table
                0xe2117b20       0x14 ..\..\..\module\modules\rcar4-system\libmodule-rcar4-system.a(mod_rcar4_system.c.obj)
 .rodata.create_core_cluster_pd_element_table.str1.4
                0xe2117b34       0x17 ..\..\..\module\modules\power-domain\libmodule-power-domain.a(power_domain_utils.c.obj)
 .rodata.__assert_func.str1.4
                0xe2117b34       0x21 ..\..\..\framework\libframework.a(assert.c.obj)
 .rodata.fwk_arch_init.str1.4
                0xe2117b34       0x6b ..\..\..\framework\libframework.a(fwk_arch.c.obj)
 .rodata.__func__.1
                0xe2117b34        0xe ..\..\..\framework\libframework.a(fwk_arch.c.obj)
 .rodata.fwk_id_format.str1.4
                0xe2117b42       0x8a ..\..\..\framework\libframework.a(fwk_id.c.obj)
 .rodata.fwk_id_is_type.str1.4
                0xe2117b42       0x4d ..\..\..\framework\libframework.a(fwk_id.c.obj)
 .rodata.fwk_id_is_equal.str1.4
                0xe2117b42       0x53 ..\..\..\framework\libframework.a(fwk_id.c.obj)
 .rodata.fwk_id_get_element_idx.str1.4
                0xe2117b42       0x6b ..\..\..\framework\libframework.a(fwk_id.c.obj)
 .rodata.fwk_id_get_sub_element_idx.str1.4
                0xe2117b42       0x38 ..\..\..\framework\libframework.a(fwk_id.c.obj)
 .rodata.fwk_id_get_api_idx.str1.4
                0xe2117b42       0x28 ..\..\..\framework\libframework.a(fwk_id.c.obj)
 .rodata.fwk_id_get_event_idx.str1.4
                0xe2117b42       0x2c ..\..\..\framework\libframework.a(fwk_id.c.obj)
 .rodata.fwk_id_get_notification_idx.str1.4
                0xe2117b42       0x3a ..\..\..\framework\libframework.a(fwk_id.c.obj)
 *fill*         0xe2117b42        0x2 
 .rodata.__func__.0
                0xe2117b44       0x1c ..\..\..\framework\libframework.a(fwk_id.c.obj)
 .rodata.__func__.1
                0xe2117b60       0x15 ..\..\..\framework\libframework.a(fwk_id.c.obj)
 *fill*         0xe2117b75        0x3 
 .rodata.__func__.2
                0xe2117b78       0x13 ..\..\..\framework\libframework.a(fwk_id.c.obj)
 *fill*         0xe2117b8b        0x1 
 .rodata.__func__.3
                0xe2117b8c       0x1b ..\..\..\framework\libframework.a(fwk_id.c.obj)
 *fill*         0xe2117ba7        0x1 
 .rodata.__func__.4
                0xe2117ba8       0x17 ..\..\..\framework\libframework.a(fwk_id.c.obj)
 *fill*         0xe2117bbf        0x1 
 .rodata.__func__.5
                0xe2117bc0       0x16 ..\..\..\framework\libframework.a(fwk_id.c.obj)
 *fill*         0xe2117bd6        0x2 
 .rodata.__func__.8
                0xe2117bd8       0x18 ..\..\..\framework\libframework.a(fwk_id.c.obj)
 .rodata.__func__.9
                0xe2117bf0       0x17 ..\..\..\framework\libframework.a(fwk_id.c.obj)
 *fill*         0xe2117c07        0x1 
 .rodata.__func__.10
                0xe2117c08       0x1b ..\..\..\framework\libframework.a(fwk_id.c.obj)
 *fill*         0xe2117c23        0x1 
 .rodata.__func__.11
                0xe2117c24       0x10 ..\..\..\framework\libframework.a(fwk_id.c.obj)
 .rodata.__func__.12
                0xe2117c34       0x10 ..\..\..\framework\libframework.a(fwk_id.c.obj)
 .rodata.__func__.13
                0xe2117c44        0xf ..\..\..\framework\libframework.a(fwk_id.c.obj)
 .rodata.str1.4
                0xe2117c53       0x1c ..\..\..\framework\libframework.a(fwk_id.c.obj)
 *fill*         0xe2117c53        0x1 
 .rodata.types.14
                0xe2117c54       0x20 ..\..\..\framework\libframework.a(fwk_id.c.obj)
 .rodata.__func__.15
                0xe2117c74        0xe ..\..\..\framework\libframework.a(fwk_id.c.obj)
 *fill*         0xe2117c82        0x2 
 .rodata        0xe2117c84       0x14 ..\..\..\framework\libframework.a(fwk_id.c.obj)
 .rodata.fwk_io_init.str1.4
                0xe2117c98       0x69 ..\..\..\framework\libframework.a(fwk_io.c.obj)
 .rodata.__func__.1
                0xe2117c98        0xc ..\..\..\framework\libframework.a(fwk_io.c.obj)
 .rodata.__compound_literal.0
                0xe2117ca4       0x10 ..\..\..\framework\libframework.a(fwk_io.c.obj)
 .rodata.fwk_log_vsnprintf.str1.4
                0xe2117cb4       0x8b ..\..\..\framework\libframework.a(fwk_log.c.obj)
 .rodata.fwk_log_banner.str1.4
                0xe2117cb4        0x3 ..\..\..\framework\libframework.a(fwk_log.c.obj)
 .rodata.fwk_log_init.str1.4
                0xe2117cb4        0xc ..\..\..\framework\libframework.a(fwk_log.c.obj)
 .rodata.fwk_log_unbuffer.str1.4
                0xe2117cb4       0x3c ..\..\..\framework\libframework.a(fwk_log.c.obj)
 .rodata.__func__.0