Archive member included to satisfy reference by file (symbol)

..\..\..\arch\armv8-r\libarch-armv8r.a(arch_crt0.S.obj)
                              (Vector)
..\..\..\arch\armv8-r\libarch-armv8r.a(arch_main.c.obj)
                              ..\..\..\arch\armv8-r\libarch-armv8r.a(arch_crt0.S.obj) (arch_main)
..\..\..\arch\armv8-r\libarch-armv8r.a(arch_gic.c.obj)
                              ..\..\..\arch\armv8-r\libarch-armv8r.a(arch_main.c.obj) (arm_gic_init)
..\..\..\module\modules\rcar4-system\libmodule-rcar4-system.a(mod_rcar4_system.c.obj)
                              CMakeFiles/rcar4-bl.dir/__/src/CMSIS-FreeRTOS/Source/tasks.c.obj (vApplicationIdleHook)
..\..\..\module\modules\rcar4-system\libmodule-rcar4-system.a(rcar4_pwc.c.obj)
                              ..\..\..\module\modules\rcar4-system\libmodule-rcar4-system.a(mod_rcar4_system.c.obj) (rcar4_system_off)
..\..\..\module\modules\rcar4-system\libmodule-rcar4-system.a(FreeRTOS_tick_config.c.obj)
                              ..\..\..\module\modules\rcar4-system\libmodule-rcar4-system.a(mod_rcar4_system.c.obj) (vConfigureTickInterrupt)
..\..\..\module\modules\rcar4-system\libmodule-rcar4-system.a(rcar4_iic_dvfs.c.obj)
                              ..\..\..\module\modules\rcar4-system\libmodule-rcar4-system.a(rcar4_pwc.c.obj) (rcar4_iic_dvfs_send)
..\..\..\module\modules\rcar4-system\libmodule-rcar4-system.a(rcar4_common.c.obj)
                              ..\..\..\module\modules\rcar4-system\libmodule-rcar4-system.a(rcar4_iic_dvfs.c.obj) (mstpcr_write)
..\..\..\module\modules\power-domain\libmodule-power-domain.a(power_domain_utils.c.obj)
                              CMakeFiles/rcar4-bl.dir/config_power_domain.c.obj (create_power_domain_element_table)
..\..\..\framework\libframework.a(assert.c.obj)
                              ..\..\..\module\modules\rcar4-system\libmodule-rcar4-system.a(mod_rcar4_system.c.obj) (__assert_func)
..\..\..\framework\libframework.a(fwk_arch.c.obj)
                              ..\..\..\arch\armv8-r\libarch-armv8r.a(arch_main.c.obj) (fwk_arch_init)
..\..\..\framework\libframework.a(fwk_id.c.obj)
                              ..\..\..\module\modules\rcar4-system\libmodule-rcar4-system.a(mod_rcar4_system.c.obj) (fwk_id_is_type)
..\..\..\framework\libframework.a(fwk_interrupt.c.obj)
                              ..\..\..\framework\libframework.a(fwk_arch.c.obj) (fwk_interrupt_init)
..\..\..\framework\libframework.a(fwk_io.c.obj)
                              ..\..\..\framework\libframework.a(fwk_arch.c.obj) (fwk_io_init)
..\..\..\framework\libframework.a(fwk_log.c.obj)
                              ..\..\..\framework\libframework.a(fwk_arch.c.obj) (fwk_log_init)
..\..\..\framework\libframework.a(fwk_mm.c.obj)
                              CMakeFiles/rcar4-bl.dir/config_rcar4_pd_core.c.obj (fwk_mm_alloc)
..\..\..\framework\libframework.a(fwk_module.c.obj)
                              ..\..\..\framework\libframework.a(fwk_arch.c.obj) (fwk_module_init)
..\..\..\framework\libframework.a(fwk_slist.c.obj)
                              ..\..\..\framework\libframework.a(fwk_module.c.obj) (__fwk_slist_init)
..\..\..\framework\libframework.a(fwk_status.c.obj)
                              ..\..\..\framework\libframework.a(fwk_module.c.obj) (fwk_status_str)
..\..\..\framework\libframework.a(fwk_string.c.obj)
                              ..\..\..\module\modules\power-domain\libmodule-power-domain.a(power_domain_utils.c.obj) (fwk_str_memcpy)
..\..\..\framework\libframework.a(fwk_time.c.obj)
                              ..\..\..\framework\libframework.a(fwk_log.c.obj) (fwk_time_current)
..\..\..\framework\libframework.a(fwk_core.c.obj)
                              ..\..\..\framework\libframework.a(fwk_module.c.obj) (__fwk_init)
..\..\..\framework\libframework.a(fwk_notification.c.obj)
                              ..\..\..\arch\armv8-r\libarch-armv8r.a(arch_crt0.S.obj) (__fwk_notification_reset)
..\..\..\framework\libframework.a(fwk_module_list.c.obj)
                              ..\..\..\framework\libframework.a(fwk_module.c.obj) (module_config_table)
..\..\..\framework\libframework.a(fwk_dlist.c.obj)
                              ..\..\..\framework\libframework.a(fwk_notification.c.obj) (__fwk_dlist_push_tail)
..\..\..\framework\libframework.a(fwk_delayed_resp.c.obj)
                              ..\..\..\framework\libframework.a(fwk_core.c.obj) (__fwk_get_delayed_response_list)
..\..\..\module\modules\rcar4-pd-sysc\libmodule-rcar4-pd-sysc.a(mod_rcar4_pd_sysc.c.obj)
                              ..\..\..\framework\libframework.a(fwk_module_list.c.obj) (module_rcar4_pd_sysc)
..\..\..\module\modules\rcar4-pd-sysc\libmodule-rcar4-pd-sysc.a(rcar4_pd_sysc.c.obj)
                              ..\..\..\module\modules\rcar4-pd-sysc\libmodule-rcar4-pd-sysc.a(mod_rcar4_pd_sysc.c.obj) (rcar4_sysc_power)
..\..\..\module\modules\rcar4-clock\libmodule-rcar4-clock.a(mod_rcar4_clock.c.obj)
[...]
Memory Configuration

Name             Origin             Length             Attributes
mem0             0xe2100000         0x0005f800         xrw
stack            0xe215f808         0x00000800         rw
sram             0xe6302000         0x00001000         xrw
*default*        0x00000000         0xffffffff

Linker script and memory map

LOAD C:/PROGRA~2/ARMGNU~1/133167~1.3RE/bin/../lib/gcc/arm-none-eabi/13.3.1/crti.o
LOAD C:/PROGRA~2/ARMGNU~1/133167~1.3RE/bin/../lib/gcc/arm-none-eabi/13.3.1/crtbegin.o
LOAD C:/PROGRA~2/ARMGNU~1/133167~1.3RE/bin/../lib/gcc/arm-none-eabi/13.3.1/crt0.o
                0x00000001                        ASSERT (0x1, FMW_STACK_SIZE does not fit in MEM0)
                0x00000001                        ASSERT (0x1, FMW_STACK_SIZE is too small)
                0xe2100000                        . = 0xe2100000
                0x00000001                        ASSERT ((. == ALIGN (0x1000)), CR7 dummy rtos address is not aligned on a page boundary.)

ro              0xe2100000    0x1c000
                0xe2100000                        __RO_START__ = .
 *rtos.o(.text*)
 *rtos_main.o(.text*)
                0xe2100000                        . = NEXT (0x8000)
 *(.text*)
 .text.register_tm_clones
                0xe2100000       0x38 C:/PROGRA~2/ARMGNU~1/133167~1.3RE/bin/../lib/gcc/arm-none-eabi/13.3.1/crtbegin.o
 .text.frame_dummy
                0xe2100038       0x34 C:/PROGRA~2/ARMGNU~1/133167~1.3RE/bin/../lib/gcc/arm-none-eabi/13.3.1/crtbegin.o
 .text.rcar4_power_domain_get_element_table
                0xe210006c       0x70 CMakeFiles/rcar4-bl.dir/config_power_domain.c.obj
 .text.rcar4_pd_sysc_get_element_table
                0xe21000dc        0xc CMakeFiles/rcar4-bl.dir/config_rcar4_pd_sysc.c.obj
 .text.rcar4_pd_core_get_element_table
                0xe21000e8      0x1e4 CMakeFiles/rcar4-bl.dir/config_rcar4_pd_core.c.obj
 .text.clock_get_dev_desc_table
                0xe21002cc       0x84 CMakeFiles/rcar4-bl.dir/config_clock.c.obj
 .text.rcar4_clock_get_element_table
                0xe2100350        0xc CMakeFiles/rcar4-bl.dir/config_rcar4_clock.c.obj
 .text.mfismh_get_element_table
                0xe210035c        0xc CMakeFiles/rcar4-bl.dir/config_rcar4_mfismh.c.obj
 .text.transport_get_element_table
                0xe2100368       0x90 CMakeFiles/rcar4-bl.dir/config_transport.c.obj
 .text.get_element_table
                0xe21003f8        0xc CMakeFiles/rcar4-bl.dir/config_scmi.c.obj
 .text.get_element_table
                0xe2100404        0xc CMakeFiles/rcar4-bl.dir/config_rcar4_system.c.obj
 .text.sds_get_element_table
                0xe2100410        0xc CMakeFiles/rcar4-bl.dir/config_sds.c.obj
 .text.rcar4_core_get_count
                0xe210041c        0x8 CMakeFiles/rcar4-bl.dir/__/src/rcar4_core.c.obj
                0xe210041c                rcar4_core_get_count
 .text.rcar4_cluster_get_count
                0xe2100424        0x8 CMakeFiles/rcar4-bl.dir/__/src/rcar4_core.c.obj
                0xe2100424                rcar4_cluster_get_count
 .text._sbrk    0xe210042c       0x4c CMakeFiles/rcar4-bl.dir/__/src/rcar4_syscalls.c.obj
                0xe210042c                _sbrk
 .text.rcar4_reset_get_element_table
                0xe2100478        0xc CMakeFiles/rcar4-bl.dir/config_rcar4_reset.c.obj
 .text.reset_domain_get_element_table
                0xe2100484        0xc CMakeFiles/rcar4-bl.dir/config_reset_domain.c.obj
 *fill*         0xe2100490       0x10 
 .text          0xe21004a0      0x25c ..\..\..\arch\armv8-r\libarch-armv8r.a(arch_crt0.S.obj)
                0xe21004a0                Vector
                0xe21004c0                Start
 .text.panic    0xe21006fc        0x4 ..\..\..\arch\armv8-r\libarch-armv8r.a(arch_main.c.obj)
                0xe21006fc                panic
 .text.arch_main
                0xe2100700       0x24 ..\..\..\arch\armv8-r\libarch-armv8r.a(arch_main.c.obj)
                0xe2100700                arch_main
 .text.gicd_set_ipriorityr
                0xe2100724       0x10 ..\..\..\arch\armv8-r\libarch-armv8r.a(arch_gic.c.obj)
 .text.gicd_write_isenabler
                0xe2100734       0x10 ..\..\..\arch\armv8-r\libarch-armv8r.a(arch_gic.c.obj)
 .text.gicd_set_isenabler
                0xe2100744       0x1c ..\..\..\arch\armv8-r\libarch-armv8r.a(arch_gic.c.obj)
 .text.gicc_write_pmr
                0xe2100760        0x8 ..\..\..\arch\armv8-r\libarch-armv8r.a(arch_gic.c.obj)
 .text.gicc_write_ctlr
                0xe2100768        0x8 ..\..\..\arch\armv8-r\libarch-armv8r.a(arch_gic.c.obj)
 .text.gicd_read_isenabler
                0xe2100770       0x10 ..\..\..\arch\armv8-r\libarch-armv8r.a(arch_gic.c.obj)
 .text.gicd_get_isenabler
                0xe2100780       0x1c ..\..\..\arch\armv8-r\libarch-armv8r.a(arch_gic.c.obj)
 .text.gicd_write_icenabler
                0xe210079c       0x10 ..\..\..\arch\armv8-r\libarch-armv8r.a(arch_gic.c.obj)
 .text.gicd_set_icenabler
                0xe21007ac       0x1c ..\..\..\arch\armv8-r\libarch-armv8r.a(arch_gic.c.obj)
 .text.gicd_read_ispendr
                0xe21007c8       0x10 ..\..\..\arch\armv8-r\libarch-armv8r.a(arch_gic.c.obj)
 .text.gicd_write_ispendr
                0xe21007d8       0x10 ..\..\..\arch\armv8-r\libarch-armv8r.a(arch_gic.c.obj)
 .text.is_pending
                0xe21007e8       0x40 ..\..\..\arch\armv8-r\libarch-armv8r.a(arch_gic.c.obj)
 .text.set_pending
                0xe2100828       0x34 ..\..\..\arch\armv8-r\libarch-armv8r.a(arch_gic.c.obj)
 .text.global_enable
                0xe210085c       0x14 ..\..\..\arch\armv8-r\libarch-armv8r.a(arch_gic.c.obj)
 .text.global_disable
                0xe2100870       0x14 ..\..\..\arch\armv8-r\libarch-armv8r.a(arch_gic.c.obj)
 .text.is_enabled
                0xe2100884       0x38 ..\..\..\arch\armv8-r\libarch-armv8r.a(arch_gic.c.obj)
 .text.enable   0xe21008bc       0x28 ..\..\..\arch\armv8-r\libarch-armv8r.a(arch_gic.c.obj)
 .text.disable  0xe21008e4       0x28 ..\..\..\arch\armv8-r\libarch-armv8r.a(arch_gic.c.obj)
 .text.gicd_write_icpendr
                0xe210090c       0x10 ..\..\..\arch\armv8-r\libarch-armv8r.a(arch_gic.c.obj)
 .text.clear_pending
                0xe210091c       0x34 ..\..\..\arch\armv8-r\libarch-armv8r.a(arch_gic.c.obj)
 .text.set_isr_dummy
                0xe2100950        0x8 ..\..\..\arch\armv8-r\libarch-armv8r.a(arch_gic.c.obj)
 .text.set_isr_dummy_param
                0xe2100958        0x8 ..\..\..\arch\armv8-r\libarch-armv8r.a(arch_gic.c.obj)
 .text.get_current
                0xe2100960       0x28 ..\..\..\arch\armv8-r\libarch-armv8r.a(arch_gic.c.obj)
 .text.is_interrupt_context
                0xe2100988       0x40 ..\..\..\arch\armv8-r\libarch-armv8r.a(arch_gic.c.obj)
 .text._add     0xe21009c8       0xec ..\..\..\arch\armv8-r\libarch-armv8r.a(arch_gic.c.obj)
 .text.add_entry
                0xe2100ab4       0x20 ..\..\..\arch\armv8-r\libarch-armv8r.a(arch_gic.c.obj)
 .text.set_isr_irq_param
                0xe2100ad4       0x80 ..\..\..\arch\armv8-r\libarch-armv8r.a(arch_gic.c.obj)
 .text.set_isr_irq
                0xe2100b54       0x80 ..\..\..\arch\armv8-r\libarch-armv8r.a(arch_gic.c.obj)
 .text.init_entry
                0xe2100bd4       0x48 ..\..\..\arch\armv8-r\libarch-armv8r.a(arch_gic.c.obj)
                0xe2100bd4                init_entry
 .text.gic_cpuif_enable
                0xe2100c1c       0x30 ..\..\..\arch\armv8-r\libarch-armv8r.a(arch_gic.c.obj)
                0xe2100c1c                gic_cpuif_enable
 .text.gic_init
                0xe2100c4c       0x48 ..\..\..\arch\armv8-r\libarch-armv8r.a(arch_gic.c.obj)
                0xe2100c4c                gic_init
 .text.arm_gic_init
                0xe2100c94       0x48 ..\..\..\arch\armv8-r\libarch-armv8r.a(arch_gic.c.obj)
                0xe2100c94                arm_gic_init
 .text.rcar4_system_shutdown
                0xe2100cdc       0x3c ..\..\..\module\modules\rcar4-system\libmodule-rcar4-system.a(mod_rcar4_system.c.obj)
 .text.rcar4_system_process_bind_request
                0xe2100d18       0x14 ..\..\..\module\modules\rcar4-system\libmodule-rcar4-system.a(mod_rcar4_system.c.obj)
 .text.rcar4_system_element
                0xe2100d2c       0x28 ..\..\..\module\modules\rcar4-system\libmodule-rcar4-system.a(mod_rcar4_system.c.obj)
 .text.messaging_stack_ready
                0xe2100d54       0x60 ..\..\..\module\modules\rcar4-system\libmodule-rcar4-system.a(mod_rcar4_system.c.obj)
 .text.rcar4_system_process_notification
                0xe2100db4       0xd8 ..\..\..\module\modules\rcar4-system\libmodule-rcar4-system.a(mod_rcar4_system.c.obj)
 .text.rcar4_system_start
                0xe2100e8c       0x74 ..\..\..\module\modules\rcar4-system\libmodule-rcar4-system.a(mod_rcar4_system.c.obj)
 .text.rcar4_system_bind
                0xe2100f00       0x74 ..\..\..\module\modules\rcar4-system\libmodule-rcar4-system.a(mod_rcar4_system.c.obj)
 .text.rcar4_system_init
                0xe2100f74       0x50 ..\..\..\module\modules\rcar4-system\libmodule-rcar4-system.a(mod_rcar4_system.c.obj)
 .text.create_core_cluster_pd_element_table
                0xe2100fc4      0x2b0 ..\..\..\module\modules\power-domain\libmodule-power-domain.a(power_domain_utils.c.obj)
 .text.create_power_domain_element_table
                0xe2101274       0xf4 ..\..\..\module\modules\power-domain\libmodule-power-domain.a(power_domain_utils.c.obj)
                0xe2101274                create_power_domain_element_table
 .text.__assert_func
                0xe2101368       0x2c ..\..\..\framework\libframework.a(assert.c.obj)
                0xe2101368                __assert_func
 .text.fwk_arch_interrupt_init
                0xe2101394       0x4c ..\..\..\framework\libframework.a(fwk_arch.c.obj)
 .text.fwk_arch_init
                0xe21013e0       0xbc ..\..\..\framework\libframework.a(fwk_arch.c.obj)
                0xe21013e0                fwk_arch_init
 .text.fwk_arch_suspend
                0xe210149c        0x4 ..\..\..\framework\libframework.a(fwk_arch.c.obj)
                0xe210149c                fwk_arch_suspend
 .text.fwk_id_format
                0xe21014a0      0x184 ..\..\..\framework\libframework.a(fwk_id.c.obj)
 .text.__fwk_id_str
                0xe2101624       0x5c ..\..\..\framework\libframework.a(fwk_id.c.obj)
                0xe2101624                __fwk_id_str
 .text.fwk_id_is_type
                0xe2101680       0x64 ..\..\..\framework\libframework.a(fwk_id.c.obj)
                0xe2101680                fwk_id_is_type
 .text.fwk_id_type_is_valid
                0xe21016e4       0x2c ..\..\..\framework\libframework.a(fwk_id.c.obj)
                0xe21016e4                fwk_id_type_is_valid
 .text.fwk_id_get_type
                0xe2101710       0x58 ..\..\..\framework\libframework.a(fwk_id.c.obj)
                0xe2101710                fwk_id_get_type
 .text.fwk_id_is_equal
                0xe2101768       0x64 ..\..\..\framework\libframework.a(fwk_id.c.obj)
                0xe2101768                fwk_id_is_equal
 .text.fwk_optional_id_is_defined
                0xe21017cc       0x3c ..\..\..\framework\libframework.a(fwk_id.c.obj)
                0xe21017cc                fwk_optional_id_is_defined
 .text.fwk_id_build_module_id
                0xe2101808       0x68 ..\..\..\framework\libframework.a(fwk_id.c.obj)
                0xe2101808                fwk_id_build_module_id
 .text.fwk_id_build_element_id
                0xe2101870       0x74 ..\..\..\framework\libframework.a(fwk_id.c.obj)
                0xe2101870                fwk_id_build_element_id
 .text.fwk_id_get_module_idx
                0xe21018e4       0x60 ..\..\..\framework\libframework.a(fwk_id.c.obj)
                0xe21018e4                fwk_id_get_module_idx
 .text.fwk_id_get_element_idx
                0xe2101944       0x48 ..\..\..\framework\libframework.a(fwk_id.c.obj)
                0xe2101944                fwk_id_get_element_idx
 .text.fwk_id_get_sub_element_idx
                0xe210198c       0x38 ..\..\..\framework\libframework.a(fwk_id.c.obj)
                0xe210198c                fwk_id_get_sub_element_idx
 .text.fwk_id_get_api_idx
                0xe21019c4       0x3c ..\..\..\framework\libframework.a(fwk_id.c.obj)
                0xe21019c4                fwk_id_get_api_idx
 .text.fwk_id_get_event_idx
                0xe2101a00       0x3c ..\..\..\framework\libframework.a(fwk_id.c.obj)
                0xe2101a00                fwk_id_get_event_idx
 .text.fwk_id_get_notification_idx
                0xe2101a3c       0x3c ..\..\..\framework\libframework.a(fwk_id.c.obj)
                0xe2101a3c                fwk_id_get_notification_idx
 .text.fwk_interrupt_init
                0xe2101a78      0x14c ..\..\..\framework\libframework.a(fwk_interrupt.c.obj)
                0xe2101a78                fwk_interrupt_init
 .text.fwk_interrupt_enable
                0xe2101bc4       0x40 ..\..\..\framework\libframework.a(fwk_interrupt.c.obj)
                0xe2101bc4                fwk_interrupt_enable
 .text.fwk_interrupt_set_isr
                0xe2101c04       0x74 ..\..\..\framework\libframework.a(fwk_interrupt.c.obj)
                0xe2101c04                fwk_interrupt_set_isr
 .text.fwk_interrupt_get_current
                0xe2101c78       0x50 ..\..\..\framework\libframework.a(fwk_interrupt.c.obj)
                0xe2101c78                fwk_interrupt_get_current
 .text.fwk_is_interrupt_context
                0xe2101cc8       0x38 ..\..\..\framework\libframework.a(fwk_interrupt.c.obj)
                0xe2101cc8                fwk_is_interrupt_context
 .text.fwk_io_null_open
                0xe2101d00        0x8 ..\..\..\framework\libframework.a(fwk_io.c.obj)
 .text.fwk_io_null_getch
                0xe2101d08        0x8 ..\..\..\framework\libframework.a(fwk_io.c.obj)
 .text.fwk_io_null_putch
                0xe2101d10        0x8 ..\..\..\framework\libframework.a(fwk_io.c.obj)
 .text.fwk_io_null_close
                0xe2101d18        0x8 ..\..\..\framework\libframework.a(fwk_io.c.obj)
 .text.fwk_io_open
                0xe2101d20       0xd8 ..\..\..\framework\libframework.a(fwk_io.c.obj)
                0xe2101d20                fwk_io_open
 .text.fwk_io_init
                0xe2101df8      0x134 ..\..\..\framework\libframework.a(fwk_io.c.obj)
                0xe2101df8                fwk_io_init
 .text.fwk_io_putch
                0xe2101f2c       0x8c ..\..\..\framework\libframework.a(fwk_io.c.obj)
                0xe2101f2c                fwk_io_putch
 .text.fwk_io_write
                0xe2101fb8       0xb0 ..\..\..\framework\libframework.a(fwk_io.c.obj)
                0xe2101fb8                fwk_io_write
 .text.fwk_io_puts
                0xe2102068       0x48 ..\..\..\framework\libframework.a(fwk_io.c.obj)
                0xe2102068                fwk_io_puts
 .text.fwk_io_vprintf
                0xe21020b0       0xb4 ..\..\..\framework\libframework.a(fwk_io.c.obj)
                0xe21020b0                fwk_io_vprintf
 .text.fwk_io_printf
                0xe2102164       0x2c ..\..\..\framework\libframework.a(fwk_io.c.obj)
                0xe2102164                fwk_io_printf
 .text.arch_interrupts_enable
                0xe2102190       0x3c ..\..\..\framework\libframework.a(fwk_log.c.obj)
 .text.fwk_log_vsnprintf
                0xe21021cc       0xe4 ..\..\..\framework\libframework.a(fwk_log.c.obj)
 .text.fwk_log_snprintf
                0xe21022b0       0x30 ..\..\..\framework\libframework.a(fwk_log.c.obj)
 .text.fwk_log_banner
                0xe21022e0       0x8c ..\..\..\framework\libframework.a(fwk_log.c.obj)
 .text.fwk_log_init
                0xe210236c       0x98 ..\..\..\framework\libframework.a(fwk_log.c.obj)
                0xe210236c                fwk_log_init
 .text.fwk_log_printf
                0xe2102404       0xb0 ..\..\..\framework\libframework.a(fwk_log.c.obj)
                0xe2102404                fwk_log_printf
 .text.fwk_log_unbuffer
                0xe21024b4        0x8 ..\..\..\framework\libframework.a(fwk_log.c.obj)
                0xe21024b4                fwk_log_unbuffer
 .text.fwk_mm_alloc
                0xe21024bc       0x20 ..\..\..\framework\libframework.a(fwk_mm.c.obj)
                0xe21024bc                fwk_mm_alloc
 .text.fwk_mm_alloc_notrap
                0xe21024dc       0x14 ..\..\..\framework\libframework.a(fwk_mm.c.obj)
                0xe21024dc                fwk_mm_alloc_notrap
 .text.fwk_mm_calloc
                0xe21024f0       0x1c ..\..\..\framework\libframework.a(fwk_mm.c.obj)
                0xe21024f0                fwk_mm_calloc
 .text.fwk_mm_free
                0xe210250c       0x10 ..\..\..\framework\libframework.a(fwk_mm.c.obj)
                0xe210250c                fwk_mm_free
 .text.fwk_module_count_elements
                0xe210251c       0x24 ..\..\..\framework\libframework.a(fwk_module.c.obj)
 .text.fwk_module_init_subscriptions
                0xe2102540       0x4c ..\..\..\framework\libframework.a(fwk_module.c.obj)
 .text.fwk_module_init_element_ctx
                0xe210258c       0x5c ..\..\..\framework\libframework.a(fwk_module.c.obj)
 .text.fwk_module_init_element_ctxs
                0xe21025e8       0x68 ..\..\..\framework\libframework.a(fwk_module.c.obj)
 .text.fwk_module_init_elements
                0xe2102650       0x9c ..\..\..\framework\libframework.a(fwk_module.c.obj)
 .text.fwk_module_init_module
                0xe21026ec      0x108 ..\..\..\framework\libframework.a(fwk_module.c.obj)
 .text.fwk_module_init_modules
                0xe21027f4       0x3c ..\..\..\framework\libframework.a(fwk_module.c.obj)
 .text.fwk_module_bind_elements
                0xe2102830       0xa0 ..\..\..\framework\libframework.a(fwk_module.c.obj)
 .text.fwk_module_bind_module
                0xe21028d0       0xa4 ..\..\..\framework\libframework.a(fwk_module.c.obj)
 .text.fwk_module_bind_modules
                0xe2102974       0x4c ..\..\..\framework\libframework.a(fwk_module.c.obj)
 .text.fwk_module_start_elements
                0xe21029c0       0x88 ..\..\..\framework\libframework.a(fwk_module.c.obj)
 .text.fwk_module_start_module
                0xe2102a48       0x68 ..\..\..\framework\libframework.a(fwk_module.c.obj)
 .text.start_modules
                0xe2102ab0       0x44 ..\..\..\framework\libframework.a(fwk_module.c.obj)
 .text.fwk_module_init
                0xe2102af4      0x128 ..\..\..\framework\libframework.a(fwk_module.c.obj)
                0xe2102af4                fwk_module_init
 .text.fwk_module_start
                0xe2102c1c       0xc8 ..\..\..\framework\libframework.a(fwk_module.c.obj)
                0xe2102c1c                fwk_module_start
 .text.fwk_module_get_ctx
                0xe2102ce4       0x24 ..\..\..\framework\libframework.a(fwk_module.c.obj)
                0xe2102ce4                fwk_module_get_ctx
 .text.fwk_module_get_element_ctx
                0xe2102d08       0x2c ..\..\..\framework\libframework.a(fwk_module.c.obj)
                0xe2102d08                fwk_module_get_element_ctx
 .text.fwk_module_is_valid_module_id
                0xe2102d34       0x3c ..\..\..\framework\libframework.a(fwk_module.c.obj)
                0xe2102d34                fwk_module_is_valid_module_id
 .text.fwk_module_is_valid_element_id
                0xe2102d70       0x64 ..\..\..\framework\libframework.a(fwk_module.c.obj)
                0xe2102d70                fwk_module_is_valid_element_id
 .text.fwk_module_is_valid_sub_element_id
                0xe2102dd4       0x9c ..\..\..\framework\libframework.a(fwk_module.c.obj)
                0xe2102dd4                fwk_module_is_valid_sub_element_id
 .text.fwk_module_is_valid_entity_id
                0xe2102e70       0x54 ..\..\..\framework\libframework.a(fwk_module.c.obj)
                0xe2102e70                fwk_module_is_valid_entity_id
 .text.fwk_module_is_valid_api_id
                0xe2102ec4       0x68 ..\..\..\framework\libframework.a(fwk_module.c.obj)
                0xe2102ec4                fwk_module_is_valid_api_id
 .text.fwk_module_is_valid_event_id
                0xe2102f2c       0x68 ..\..\..\framework\libframework.a(fwk_module.c.obj)
                0xe2102f2c                fwk_module_is_valid_event_id
 .text.fwk_module_is_valid_notification_id
                0xe2102f94       0x68 ..\..\..\framework\libframework.a(fwk_module.c.obj)
                0xe2102f94                fwk_module_is_valid_notification_id
 .text.fwk_module_get_element_count
                0xe2102ffc       0x30 ..\..\..\framework\libframework.a(fwk_module.c.obj)
                0xe2102ffc                fwk_module_get_element_count
 .text.fwk_module_get_element_name
                0xe210302c       0x50 ..\..\..\framework\libframework.a(fwk_module.c.obj)
                0xe210302c                fwk_module_get_element_name
 .text.fwk_module_get_data
                0xe210307c       0x80 ..\..\..\framework\libframework.a(fwk_module.c.obj)
                0xe210307c                fwk_module_get_data
 .text.fwk_module_bind
                0xe21030fc      0x148 ..\..\..\framework\libframework.a(fwk_module.c.obj)
                0xe21030fc                fwk_module_bind
 .text.fwk_module_adapter
                0xe2103244       0x60 ..\..\..\framework\libframework.a(fwk_module.c.obj)
                0xe2103244                fwk_module_adapter
 .text.__fwk_slist_init
                0xe21032a4        0xc ..\..\..\framework\libframework.a(fwk_slist.c.obj)
                0xe21032a4                __fwk_slist_init
 .text.__fwk_slist_is_empty
                0xe21032b0       0x48 ..\..\..\framework\libframework.a(fwk_slist.c.obj)
                0xe21032b0                __fwk_slist_is_empty
 .text.__fwk_slist_head
                0xe21032f8       0x28 ..\..\..\framework\libframework.a(fwk_slist.c.obj)
                0xe21032f8                __fwk_slist_head
 .text.__fwk_slist_push_tail
                0xe2103320       0x44 ..\..\..\framework\libframework.a(fwk_slist.c.obj)
                0xe2103320                __fwk_slist_push_tail
 .text.__fwk_slist_pop_head
                0xe2103364       0x4c ..\..\..\framework\libframework.a(fwk_slist.c.obj)
                0xe2103364                __fwk_slist_pop_head
 .text.__fwk_slist_remove
                0xe21033b0       0x88 ..\..\..\framework\libframework.a(fwk_slist.c.obj)
                0xe21033b0                __fwk_slist_remove
 .text.__fwk_slist_contains
                0xe2103438       0x58 ..\..\..\framework\libframework.a(fwk_slist.c.obj)
                0xe2103438                __fwk_slist_contains
 .text.__fwk_slist_next
                0xe2103490       0x54 ..\..\..\framework\libframework.a(fwk_slist.c.obj)
                0xe2103490                __fwk_slist_next
 .text.fwk_status_str
                0xe21034e4       0x4c ..\..\..\framework\libframework.a(fwk_status.c.obj)
                0xe21034e4                fwk_status_str
 .text.fwk_str_memset
                0xe2103530       0x2c ..\..\..\framework\libframework.a(fwk_string.c.obj)
                0xe2103530                fwk_str_memset
 .text.fwk_str_memcpy
                0xe210355c       0x30 ..\..\..\framework\libframework.a(fwk_string.c.obj)
                0xe210355c                fwk_str_memcpy
 .text.fwk_str_strncpy
                0xe210358c       0x30 ..\..\..\framework\libframework.a(fwk_string.c.obj)
                0xe210358c                fwk_str_strncpy
 .text.fwk_str_is_in_boundry
                0xe21035bc       0x2c ..\..\..\framework\libframework.a(fwk_string.c.obj)
                0xe21035bc                fwk_str_is_in_boundry
 .text.fwk_time_current
                0xe21035e8       0x3c ..\..\..\framework\libframework.a(fwk_time.c.obj)
                0xe21035e8                fwk_time_current
 .text.fwk_time_stamp_duration
                0xe2103624        0x4 ..\..\..\framework\libframework.a(fwk_time.c.obj)
                0xe2103624                fwk_time_stamp_duration
 .text.fwk_time_duration_us
                0xe2103628       0x18 ..\..\..\framework\libframework.a(fwk_time.c.obj)
                0xe2103628                fwk_time_duration_us
 .text.fwk_time_duration_s
                0xe2103640       0x1c ..\..\..\framework\libframework.a(fwk_time.c.obj)
                0xe2103640                fwk_time_duration_s
 .text.fmw_time_driver
                0xe210365c        0x8 ..\..\..\framework\libframework.a(fwk_time.c.obj)
                0xe210365c                fmw_time_driver
 .text.fwk_time_init
                0xe2103664       0x20 ..\..\..\framework\libframework.a(fwk_time.c.obj)
 .text.arch_interrupts_enable
                0xe2103684       0x3c ..\..\..\framework\libframework.a(fwk_core.c.obj)
 .text.free_event
                0xe21036c0       0x44 ..\..\..\framework\libframework.a(fwk_core.c.obj)
 .text.process_isr
                0xe2103704       0x68 ..\..\..\framework\libframework.a(fwk_core.c.obj)
 .text.duplicate_event
                0xe210376c      0x110 ..\..\..\framework\libframework.a(fwk_core.c.obj)
 .text.put_event
                0xe210387c      0x120 ..\..\..\framework\libframework.a(fwk_core.c.obj)
 .text.process_next_event
                0xe210399c      0x1a8 ..\..\..\framework\libframework.a(fwk_core.c.obj)
 .text.__fwk_init
                0xe2103b44       0x78 ..\..\..\framework\libframework.a(fwk_core.c.obj)
                0xe2103b44                __fwk_init
 .text.__fwk_get_current_event
                0xe2103bbc       0x10 ..\..\..\framework\libframework.a(fwk_core.c.obj)
                0xe2103bbc                __fwk_get_current_event
 .text.__fwk_put_notification
                0xe2103bcc       0x24 ..\..\..\framework\libframework.a(fwk_core.c.obj)
                0xe2103bcc                __fwk_put_notification
 .text.__fwk_put_event
                0xe2103bf0      0x1bc ..\..\..\framework\libframework.a(fwk_core.c.obj)
                0xe2103bf0                __fwk_put_event
 .text.__fwk_put_event_light
                0xe2103dac      0x108 ..\..\..\framework\libframework.a(fwk_core.c.obj)
                0xe2103dac                __fwk_put_event_light
 .text.makeFatihsEvent
                0xe2103eb4       0x90 ..\..\..\framework\libframework.a(fwk_core.c.obj)
                0xe2103eb4                makeFatihsEvent
 .text.fwk_process_event_queue
                0xe2103f44       0x50 ..\..\..\framework\libframework.a(fwk_core.c.obj)
                0xe2103f44                fwk_process_event_queue
 .text.__fwk_run_main_loop
                0xe2103f94       0x1c ..\..\..\framework\libframework.a(fwk_core.c.obj)
                0xe2103f94                __fwk_run_main_loop
 .text.arch_interrupts_enable
                0xe2103fb0       0x3c ..\..\..\framework\libframework.a(fwk_notification.c.obj)
 .text.fwk_notification_init
                0xe2103fec       0x40 ..\..\..\framework\libframework.a(fwk_notification.c.obj)
 .text.get_subscription_dlist
                0xe210402c       0x50 ..\..\..\framework\libframework.a(fwk_notification.c.obj)
 .text.search_subscription
                0xe210407c       0x68 ..\..\..\framework\libframework.a(fwk_notification.c.obj)
 .text.send_notifications
                0xe21040e4       0x90 ..\..\..\framework\libframework.a(fwk_notification.c.obj)
 .text.__fwk_notification_reset
                0xe2104174       0x10 ..\..\..\framework\libframework.a(fwk_notification.c.obj)
                0xe2104174                __fwk_notification_reset
 .text.fwk_notification_subscribe
                0xe2104184      0x13c ..\..\..\framework\libframework.a(fwk_notification.c.obj)
                0xe2104184                fwk_notification_subscribe
 .text.fwk_notification_unsubscribe
                0xe21042c0      0x11c ..\..\..\framework\libframework.a(fwk_notification.c.obj)
                0xe21042c0                fwk_notification_unsubscribe
 .text.fwk_notification_notify
                0xe21043dc       0xcc ..\..\..\framework\libframework.a(fwk_notification.c.obj)
                0xe21043dc                fwk_notification_notify
 .text.__fwk_dlist_push_tail
                0xe21044a8       0x44 ..\..\..\framework\libframework.a(fwk_dlist.c.obj)
                0xe21044a8                __fwk_dlist_push_tail
 .text.__fwk_dlist_pop_head
                0xe21044ec       0x28 ..\..\..\framework\libframework.a(fwk_dlist.c.obj)
                0xe21044ec                __fwk_dlist_pop_head
 .text.__fwk_dlist_remove
                0xe2104514       0xbc ..\..\..\framework\libframework.a(fwk_dlist.c.obj)
                0xe2104514                __fwk_dlist_remove
 .text.check_api_call
                0xe21045d0       0x54 ..\..\..\framework\libframework.a(fwk_delayed_resp.c.obj)
 .text.__fwk_get_delayed_response_list
                0xe2104624       0x3c ..\..\..\framework\libframework.a(fwk_delayed_resp.c.obj)
                0xe2104624                __fwk_get_delayed_response_list
 .text.__fwk_search_delayed_response
                0xe2104660       0x48 ..\..\..\framework\libframework.a(fwk_delayed_resp.c.obj)
                0xe2104660                __fwk_search_delayed_response
 .text.fwk_get_delayed_response
                0xe21046a8       0x80 ..\..\..\framework\libframework.a(fwk_delayed_resp.c.obj)
                0xe21046a8                fwk_get_delayed_response
 .text.pd_reset
                0xe2104728        0x8 ..\..\..\module\modules\rcar4-pd-sysc\libmodule-rcar4-pd-sysc.a(mod_rcar4_pd_sysc.c.obj)
 .text.rcar4_sysc_process_bind_request
                0xe2104730       0xd4 ..\..\..\module\modules\rcar4-pd-sysc\libmodule-rcar4-pd-sysc.a(mod_rcar4_pd_sysc.c.obj)
 .text.pd_get_state
                0xe2104804       0x30 ..\..\..\module\modules\rcar4-pd-sysc\libmodule-rcar4-pd-sysc.a(mod_rcar4_pd_sysc.c.obj)
 .text.pd_sys_resume
                0xe2104834       0x80 ..\..\..\module\modules\rcar4-pd-sysc\libmodule-rcar4-pd-sysc.a(mod_rcar4_pd_sysc.c.obj)
 .text.rcar4_sysc_pd_init
                0xe21048b4       0xb4 ..\..\..\module\modules\rcar4-pd-sysc\libmodule-rcar4-pd-sysc.a(mod_rcar4_pd_sysc.c.obj)
 .text.pd_set_state
                0xe2104968       0xbc ..\..\..\module\modules\rcar4-pd-sysc\libmodule-rcar4-pd-sysc.a(mod_rcar4_pd_sysc.c.obj)
 .text.rcar4_sysc_bind
                0xe2104a24       0xd0 ..\..\..\module\modules\rcar4-pd-sysc\libmodule-rcar4-pd-sysc.a(mod_rcar4_pd_sysc.c.obj)
 .text.rcar4_sysc_mod_init
                0xe2104af4       0x40 ..\..\..\module\modules\rcar4-pd-sysc\libmodule-rcar4-pd-sysc.a(mod_rcar4_pd_sysc.c.obj)
 .text.rcar4_sysc_pwr_on_off
                0xe2104b34       0xa0 ..\..\..\module\modules\rcar4-pd-sysc\libmodule-rcar4-pd-sysc.a(rcar4_pd_sysc.c.obj)
 .text.rcar4_sysc_power
                0xe2104bd4      0x114 ..\..\..\module\modules\rcar4-pd-sysc\libmodule-rcar4-pd-sysc.a(rcar4_pd_sysc.c.obj)
                0xe2104bd4                rcar4_sysc_power
 .text.rcar4_sysc_power_get
                0xe2104ce8       0x10 ..\..\..\module\modules\rcar4-pd-sysc\libmodule-rcar4-pd-sysc.a(rcar4_pd_sysc.c.obj)
                0xe2104ce8                rcar4_sysc_power_get
 .text.pll_clk_parent_rate
                0xe2104cf8       0x24 ..\..\..\module\modules\rcar4-clock\libmodule-rcar4-clock.a(mod_rcar4_clock.c.obj)
 .text.pll0_clk_round_rate
                0xe2104d1c       0x78 ..\..\..\module\modules\rcar4-clock\libmodule-rcar4-clock.a(mod_rcar4_clock.c.obj)
 .text.pll0_clk_recalc_rate
                0xe2104d94       0x50 ..\..\..\module\modules\rcar4-clock\libmodule-rcar4-clock.a(mod_rcar4_clock.c.obj)
 .text.pll0_clk_set_rate
                0xe2104de4       0x60 ..\..\..\module\modules\rcar4-clock\libmodule-rcar4-clock.a(mod_rcar4_clock.c.obj)
 .text.pll2_clk_round_rate
                0xe2104e44       0x78 ..\..\..\module\modules\rcar4-clock\libmodule-rcar4-clock.a(mod_rcar4_clock.c.obj)
 .text.pll2_clk_recalc_rate
                0xe2104ebc       0x50 ..\..\..\module\modules\rcar4-clock\libmodule-rcar4-clock.a(mod_rcar4_clock.c.obj)
 .text.pll2_clk_set_rate
                0xe2104f0c       0x60 ..\..\..\module\modules\rcar4-clock\libmodule-rcar4-clock.a(mod_rcar4_clock.c.obj)
 .text.z_clk_round_rate
                0xe2104f6c       0xa4 ..\..\..\module\modules\rcar4-clock\libmodule-rcar4-clock.a(mod_rcar4_clock.c.obj)
 .text.z_clk_recalc_rate
                0xe2105010       0x4c ..\..\..\module\modules\rcar4-clock\libmodule-rcar4-clock.a(mod_rcar4_clock.c.obj)
 .text.z_clk_set_rate
                0xe210505c       0xb8 ..\..\..\module\modules\rcar4-clock\libmodule-rcar4-clock.a(mod_rcar4_clock.c.obj)
 .text.z2_clk_round_rate
                0xe2105114       0xa8 ..\..\..\module\modules\rcar4-clock\libmodule-rcar4-clock.a(mod_rcar4_clock.c.obj)
 .text.z2_clk_recalc_rate
                0xe21051bc       0x48 ..\..\..\module\modules\rcar4-clock\libmodule-rcar4-clock.a(mod_rcar4_clock.c.obj)
 .text.z2_clk_set_rate
                0xe2105204       0xbc ..\..\..\module\modules\rcar4-clock\libmodule-rcar4-clock.a(mod_rcar4_clock.c.obj)
 .text.find_opp
                0xe21052c0       0x9c ..\..\..\module\modules\rcar4-clock\libmodule-rcar4-clock.a(mod_rcar4_clock.c.obj)
 .text.set_a57_opp
                0xe210535c       0xa8 ..\..\..\module\modules\rcar4-clock\libmodule-rcar4-clock.a(mod_rcar4_clock.c.obj)
 .text.set_a53_opp
                0xe2105404       0x88 ..\..\..\module\modules\rcar4-clock\libmodule-rcar4-clock.a(mod_rcar4_clock.c.obj)
 .text.rcar4_clock_process_bind_request
                0xe210548c       0x14 ..\..\..\module\modules\rcar4-clock\libmodule-rcar4-clock.a(mod_rcar4_clock.c.obj)
 .text.rcar4_clock_get_rate
                0xe21054a0       0x44 ..\..\..\module\modules\rcar4-clock\libmodule-rcar4-clock.a(mod_rcar4_clock.c.obj)
 .text.do_rcar4_clock_set_rate
                0xe21054e4       0x6c ..\..\..\module\modules\rcar4-clock\libmodule-rcar4-clock.a(mod_rcar4_clock.c.obj)
 .text.rcar4_clock_set_rate
                0xe2105550       0x78 ..\..\..\module\modules\rcar4-clock\libmodule-rcar4-clock.a(mod_rcar4_clock.c.obj)
 .text.rcar4_clock_element_init
                0xe21055c8       0xbc ..\..\..\module\modules\rcar4-clock\libmodule-rcar4-clock.a(mod_rcar4_clock.c.obj)
 .text.rcar4_clock_init
                0xe2105684       0x5c ..\..\..\module\modules\rcar4-clock\libmodule-rcar4-clock.a(mod_rcar4_clock.c.obj)
 .text.rcar4_dvfs_opp_init
                0xe21056e0       0xd4 ..\..\..\module\modules\rcar4-clock\libmodule-rcar4-clock.a(mod_rcar4_clock.c.obj)
                0xe21056e0                rcar4_dvfs_opp_init
 .text.rcar4_clock_start
                0xe21057b4       0x28 ..\..\..\module\modules\rcar4-clock\libmodule-rcar4-clock.a(mod_rcar4_clock.c.obj)
 .text.rcar4_pd_reset
                0xe21057dc        0x8 ..\..\..\module\modules\rcar4-pd-core\libmodule-rcar4-pd-core.a(mod_rcar4_pd_core.c.obj)
 .text.rcar4_core_pd_init
                0xe21057e4        0x8 ..\..\..\module\modules\rcar4-pd-core\libmodule-rcar4-pd-core.a(mod_rcar4_pd_core.c.obj)
 .text.rcar4_core_pd_reset
                0xe21057ec        0x8 ..\..\..\module\modules\rcar4-pd-core\libmodule-rcar4-pd-core.a(mod_rcar4_pd_core.c.obj)
 .text.rcar4_core_pd_prepare_for_system_suspend
                0xe21057f4        0x8 ..\..\..\module\modules\rcar4-pd-core\libmodule-rcar4-pd-core.a(mod_rcar4_pd_core.c.obj)
 .text.rcar4_cluster_pd_init
                0xe21057fc        0x8 ..\..\..\module\modules\rcar4-pd-core\libmodule-rcar4-pd-core.a(mod_rcar4_pd_core.c.obj)
 .text.rcar4_cluster_pd_set_state
                0xe2105804        0x8 ..\..\..\module\modules\rcar4-pd-core\libmodule-rcar4-pd-core.a(mod_rcar4_pd_core.c.obj)
 .text.rcar4_post_init
                0xe210580c        0x8 ..\..\..\module\modules\rcar4-pd-core\libmodule-rcar4-pd-core.a(mod_rcar4_pd_core.c.obj)
 .text.rcar4_core_process_notification
                0xe2105814       0xdc ..\..\..\module\modules\rcar4-pd-core\libmodule-rcar4-pd-core.a(mod_rcar4_pd_core.c.obj)
 .text.rcar4_pd_get_state
                0xe21058f0       0x34 ..\..\..\module\modules\rcar4-pd-core\libmodule-rcar4-pd-core.a(mod_rcar4_pd_core.c.obj)
 .text.rcar4_core_process_bind_request
                0xe2105924      0x17c ..\..\..\module\modules\rcar4-pd-core\libmodule-rcar4-pd-core.a(mod_rcar4_pd_core.c.obj)
 .text.rcar4_pd_set_state
                0xe2105aa0       0x9c ..\..\..\module\modules\rcar4-pd-core\libmodule-rcar4-pd-core.a(mod_rcar4_pd_core.c.obj)
 .text.rcar4_core_pd_set_state
                0xe2105b3c       0xc4 ..\..\..\module\modules\rcar4-pd-core\libmodule-rcar4-pd-core.a(mod_rcar4_pd_core.c.obj)
 .text.rcar4_core_bind
                0xe2105c00      0x128 ..\..\..\module\modules\rcar4-pd-core\libmodule-rcar4-pd-core.a(mod_rcar4_pd_core.c.obj)
 .text.rcar4_pd_init
                0xe2105d28       0xe0 ..\..\..\module\modules\rcar4-pd-core\libmodule-rcar4-pd-core.a(mod_rcar4_pd_core.c.obj)
 .text.rcar4_mod_init
                0xe2105e08       0x40 ..\..\..\module\modules\rcar4-pd-core\libmodule-rcar4-pd-core.a(mod_rcar4_pd_core.c.obj)
 .text.rcar4_pwrc_cpuoff
                0xe2105e48        0x4 ..\..\..\module\modules\rcar4-pd-core\libmodule-rcar4-pd-core.a(rcar4_pd_core.c.obj)
                0xe2105e48                rcar4_pwrc_cpuoff
 .text.SCU_power_up
                0xe2105e4c       0xb8 ..\..\..\module\modules\rcar4-pd-core\libmodule-rcar4-pd-core.a(rcar4_pd_core.c.obj)
                0xe2105e4c                SCU_power_up
 .text.rcar4_pwrc_cpuon
                0xe2105f04       0x30 ..\..\..\module\modules\rcar4-pd-core\libmodule-rcar4-pd-core.a(rcar4_pd_core.c.obj)
                0xe2105f04                rcar4_pwrc_cpuon
 .text.system_power_set_state
                0xe2105f34        0x8 ..\..\..\module\modules\rcar4-system-power\libmodule-rcar4-system-power.a(mod_rcar4_system_power.c.obj)
 .text.system_power_get_state
                0xe2105f3c       0x18 ..\..\..\module\modules\rcar4-system-power\libmodule-rcar4-system-power.a(mod_rcar4_system_power.c.obj)
 .text.system_power_reset
                0xe2105f54        0x8 ..\..\..\module\modules\rcar4-system-power\libmodule-rcar4-system-power.a(mod_rcar4_system_power.c.obj)
 .text.system_power_shutdown
                0xe2105f5c       0x3c ..\..\..\module\modules\rcar4-system-power\libmodule-rcar4-system-power.a(mod_rcar4_system_power.c.obj)
 .text.system_power_process_bind_request
                0xe2105f98       0xb0 ..\..\..\module\modules\rcar4-system-power\libmodule-rcar4-system-power.a(mod_rcar4_system_power.c.obj)
 .text.system_power_report_power_state_transition
                0xe2106048       0xec ..\..\..\module\modules\rcar4-system-power\libmodule-rcar4-system-power.a(mod_rcar4_system_power.c.obj)
 .text.soc_wakeup_handler
                0xe2106134       0x5c ..\..\..\module\modules\rcar4-system-power\libmodule-rcar4-system-power.a(mod_rcar4_system_power.c.obj)
 .text.system_power_bind
                0xe2106190       0x4c ..\..\..\module\modules\rcar4-system-power\libmodule-rcar4-system-power.a(mod_rcar4_system_power.c.obj)
 .text.system_power_mod_init
                0xe21061dc       0xac ..\..\..\module\modules\rcar4-system-power\libmodule-rcar4-system-power.a(mod_rcar4_system_power.c.obj)
 .text.raise_interrupt
                0xe2106288        0x4 ..\..\..\module\modules\rcar4-mfismh\libmodule-rcar4-mfismh.a(mod_rcar4_mfismh.c.obj)
 .text.mfismh_process_bind_request
                0xe210628c       0x94 ..\..\..\module\modules\rcar4-mfismh\libmodule-rcar4-mfismh.a(mod_rcar4_mfismh.c.obj)
 .text.mfismh_start
                0xe2106320       0x80 ..\..\..\module\modules\rcar4-mfismh\libmodule-rcar4-mfismh.a(mod_rcar4_mfismh.c.obj)
 .text.mfismh_isr
                0xe21063a0       0xd0 ..\..\..\module\modules\rcar4-mfismh\libmodule-rcar4-mfismh.a(mod_rcar4_mfismh.c.obj)
 .text.mfismh_bind
                0xe2106470       0x9c ..\..\..\module\modules\rcar4-mfismh\libmodule-rcar4-mfismh.a(mod_rcar4_mfismh.c.obj)
 .text.mfismh_device_init
                0xe210650c       0x6c ..\..\..\module\modules\rcar4-mfismh\libmodule-rcar4-mfismh.a(mod_rcar4_mfismh.c.obj)
 .text.mfismh_init
                0xe2106578       0x4c ..\..\..\module\modules\rcar4-mfismh\libmodule-rcar4-mfismh.a(mod_rcar4_mfismh.c.obj)
 .text.udelay   0xe21065c4       0x34 ..\..\..\module\modules\rcar4-reset\libmodule-rcar4-reset.a(mod_rcar4_reset.c.obj)
 .text.reet_process_bind_request
                0xe21065f8       0x14 ..\..\..\module\modules\rcar4-reset\libmodule-rcar4-reset.a(mod_rcar4_reset.c.obj)
 .text.process_event
                0xe210660c        0x8 ..\..\..\module\modules\rcar4-reset\libmodule-rcar4-reset.a(mod_rcar4_reset.c.obj)
 .text.rcar4_auto_domain
                0xe2106614       0x7c ..\..\..\module\modules\rcar4-reset\libmodule-rcar4-reset.a(mod_rcar4_reset.c.obj)
 .text.rcar4_assert_domain
                0xe2106690       0x48 ..\..\..\module\modules\rcar4-reset\libmodule-rcar4-reset.a(mod_rcar4_reset.c.obj)
 .text.rcar4_deassert_domain
                0xe21066d8       0x48 ..\..\..\module\modules\rcar4-reset\libmodule-rcar4-reset.a(mod_rcar4_reset.c.obj)
 .text.rcar4_set_reset_state
                0xe2106720       0x50 ..\..\..\module\modules\rcar4-reset\libmodule-rcar4-reset.a(mod_rcar4_reset.c.obj)
 .text.reset_element_init
                0xe2106770       0x44 ..\..\..\module\modules\rcar4-reset\libmodule-rcar4-reset.a(mod_rcar4_reset.c.obj)
 .text.reset_init
                0xe21067b4       0x50 ..\..\..\module\modules\rcar4-reset\libmodule-rcar4-reset.a(mod_rcar4_reset.c.obj)
 .text.process_request_event
                0xe2106804       0x44 ..\..\..\module\modules\clock\libmodule-clock.a(mod_clock.c.obj)
 .text.clock_dev_init
                0xe2106848       0x2c ..\..\..\module\modules\clock\libmodule-clock.a(mod_clock.c.obj)
 .text.clock_request_complete
                0xe2106874      0x10c ..\..\..\module\modules\clock\libmodule-clock.a(mod_clock.c.obj)
                0xe2106874                clock_request_complete
 .text.create_async_request
                0xe2106980       0x54 ..\..\..\module\modules\clock\libmodule-clock.a(mod_clock.c.obj)
 .text.create_async_request_set_rate
                0xe21069d4       0x7c ..\..\..\module\modules\clock\libmodule-clock.a(mod_clock.c.obj)
 .text.clock_process_notification_response
                0xe2106a50       0xfc ..\..\..\module\modules\clock\libmodule-clock.a(mod_clock.c.obj)
 .text.clock_process_pd_transition_notification
                0xe2106b4c       0xd8 ..\..\..\module\modules\clock\libmodule-clock.a(mod_clock.c.obj)
 .text.clock_process_pd_pre_transition_notification
                0xe2106c24      0x134 ..\..\..\module\modules\clock\libmodule-clock.a(mod_clock.c.obj)
 .text.clock_process_notification
                0xe2106d58       0xc0 ..\..\..\module\modules\clock\libmodule-clock.a(mod_clock.c.obj)
 .text.notify_rate
                0xe2106e18       0x78 ..\..\..\module\modules\clock\libmodule-clock.a(mod_clock.c.obj)
 .text.process_response_event
                0xe2106e90       0xc8 ..\..\..\module\modules\clock\libmodule-clock.a(mod_clock.c.obj)
 .text.clock_process_event
                0xe2106f58       0x64 ..\..\..\module\modules\clock\libmodule-clock.a(mod_clock.c.obj)
 .text.clock_process_bind_request
                0xe2106fbc       0xb0 ..\..\..\module\modules\clock\libmodule-clock.a(mod_clock.c.obj)
 .text.clock_start
                0xe210706c      0x17c ..\..\..\module\modules\clock\libmodule-clock.a(mod_clock.c.obj)
 .text.clock_bind
                0xe21071e8       0x98 ..\..\..\module\modules\clock\libmodule-clock.a(mod_clock.c.obj)
 .text.clock_init
                0xe2107280       0x50 ..\..\..\module\modules\clock\libmodule-clock.a(mod_clock.c.obj)
 .text.clock_get_ctx
                0xe21072d0       0x60 ..\..\..\module\modules\clock\libmodule-clock.a(mod_clock.c.obj)
                0xe21072d0                clock_get_ctx
 .text.clock_get_info
                0xe2107330       0x70 ..\..\..\module\modules\clock\libmodule-clock.a(mod_clock.c.obj)
 .text.clock_get_state
                0xe21073a0       0x88 ..\..\..\module\modules\clock\libmodule-clock.a(mod_clock.c.obj)
 .text.clock_set_state
                0xe2107428       0x78 ..\..\..\module\modules\clock\libmodule-clock.a(mod_clock.c.obj)
 .text.clock_get_rate_from_index
                0xe21074a0       0x58 ..\..\..\module\modules\clock\libmodule-clock.a(mod_clock.c.obj)
 .text.clock_get_rate
                0xe21074f8       0x88 ..\..\..\module\modules\clock\libmodule-clock.a(mod_clock.c.obj)
 .text.clock_set_rate
                0xe2107580      0x128 ..\..\..\module\modules\clock\libmodule-clock.a(mod_clock.c.obj)
 .text.pd_get_last_core_pd_id
                0xe21076a8       0x44 ..\..\..\module\modules\power-domain\libmodule-power-domain.a(mod_power_domain.c.obj)
 .text.process_reset_request
                0xe21076ec       0x98 ..\..\..\module\modules\power-domain\libmodule-power-domain.a(mod_power_domain.c.obj)
 .text.perform_shutdown_send_response
                0xe2107784       0x78 ..\..\..\module\modules\power-domain\libmodule-power-domain.a(mod_power_domain.c.obj)
 .text.send_pd_set_state_delayed_response
                0xe21077fc       0x60 ..\..\..\module\modules\power-domain\libmodule-power-domain.a(mod_power_domain.c.obj)
 .text.report_power_state_transition
                0xe210785c       0x74 ..\..\..\module\modules\power-domain\libmodule-power-domain.a(mod_power_domain.c.obj)
 .text.pd_system_shutdown
                0xe21078d0       0x9c ..\..\..\module\modules\power-domain\libmodule-power-domain.a(mod_power_domain.c.obj)
 .text.pd_report_power_state_transition
                0xe210796c       0x30 ..\..\..\module\modules\power-domain\libmodule-power-domain.a(mod_power_domain.c.obj)
 .text.process_get_state_request
                0xe210799c       0x98 ..\..\..\module\modules\power-domain\libmodule-power-domain.a(mod_power_domain.c.obj)
 .text.pd_get_state
                0xe2107a34       0x40 ..\..\..\module\modules\power-domain\libmodule-power-domain.a(mod_power_domain.c.obj)
 .text.pd_process_bind_request
                0xe2107a74      0x160 ..\..\..\module\modules\power-domain\libmodule-power-domain.a(mod_power_domain.c.obj)
 .text.pd_reset
                0xe2107bd4       0x90 ..\..\..\module\modules\power-domain\libmodule-power-domain.a(mod_power_domain.c.obj)
 .text.pd_set_state
                0xe2107c64       0xc8 ..\..\..\module\modules\power-domain\libmodule-power-domain.a(mod_power_domain.c.obj)
 .text.pd_system_suspend
                0xe2107d2c      0x100 ..\..\..\module\modules\power-domain\libmodule-power-domain.a(mod_power_domain.c.obj)
 .text.pd_get_domain_parent_id
                0xe2107e2c       0x84 ..\..\..\module\modules\power-domain\libmodule-power-domain.a(mod_power_domain.c.obj)
 .text.pd_get_domain_type
                0xe2107eb0       0x64 ..\..\..\module\modules\power-domain\libmodule-power-domain.a(mod_power_domain.c.obj)
 .text.pd_start
                0xe2107f14       0xec ..\..\..\module\modules\power-domain\libmodule-power-domain.a(mod_power_domain.c.obj)
 .text.pd_bind  0xe2108000       0xe8 ..\..\..\module\modules\power-domain\libmodule-power-domain.a(mod_power_domain.c.obj)
 .text.connect_pd_tree
                0xe21080e8       0x8c ..\..\..\module\modules\power-domain\libmodule-power-domain.a(mod_power_domain.c.obj)
 .text.pd_post_init
                0xe2108174       0x10 ..\..\..\module\modules\power-domain\libmodule-power-domain.a(mod_power_domain.c.obj)
 .text.pd_power_domain_init
                0xe2108184      0x128 ..\..\..\module\modules\power-domain\libmodule-power-domain.a(mod_power_domain.c.obj)
 .text.pd_init  0xe21082ac       0x84 ..\..\..\module\modules\power-domain\libmodule-power-domain.a(mod_power_domain.c.obj)
 .text.initiate_power_state_transition
                0xe2108330       0xdc ..\..\..\module\modules\power-domain\libmodule-power-domain.a(mod_power_domain.c.obj)
                0xe2108330                initiate_power_state_transition
 .text.process_set_state_request
                0xe210840c      0x250 ..\..\..\module\modules\power-domain\libmodule-power-domain.a(mod_power_domain.c.obj)
 .text.complete_system_suspend
                0xe210865c       0xd0 ..\..\..\module\modules\power-domain\libmodule-power-domain.a(mod_power_domain.c.obj)
 .text.process_system_suspend_request
                0xe210872c      0x118 ..\..\..\module\modules\power-domain\libmodule-power-domain.a(mod_power_domain.c.obj)
 .text.process_power_state_transition_report_deeper_state
                0xe2108844       0x54 ..\..\..\module\modules\power-domain\libmodule-power-domain.a(mod_power_domain.c.obj)
                0xe2108844                process_power_state_transition_report_deeper_state
 .text.process_power_state_transition_report_shallower_state
                0xe2108898       0x7c ..\..\..\module\modules\power-domain\libmodule-power-domain.a(mod_power_domain.c.obj)
                0xe2108898                process_power_state_transition_report_shallower_state
 .text.process_power_state_transition_report
                0xe2108914      0x21c ..\..\..\module\modules\power-domain\libmodule-power-domain.a(mod_power_domain.c.obj)
 .text.perform_shutdown
                0xe2108b30      0x158 ..\..\..\module\modules\power-domain\libmodule-power-domain.a(mod_power_domain.c.obj)
                0xe2108b30                perform_shutdown
 .text.process_system_shutdown_request
                0xe2108c88       0xac ..\..\..\module\modules\power-domain\libmodule-power-domain.a(mod_power_domain.c.obj)
 .text.pd_process_event
                0xe2108d34      0x170 ..\..\..\module\modules\power-domain\libmodule-power-domain.a(mod_power_domain.c.obj)
 .text.is_valid_state
                0xe2108ea4       0x30 ..\..\..\module\modules\power-domain\libmodule-power-domain.a(power_domain_state_checks.c.obj)
                0xe2108ea4                is_valid_state
 .text.normalize_state
                0xe2108ed4       0x50 ..\..\..\module\modules\power-domain\libmodule-power-domain.a(power_domain_state_checks.c.obj)
                0xe2108ed4                normalize_state
 .text.is_deeper_state
                0xe2108f24       0x2c ..\..\..\module\modules\power-domain\libmodule-power-domain.a(power_domain_state_checks.c.obj)
                0xe2108f24                is_deeper_state
 .text.is_shallower_state
                0xe2108f50       0x2c ..\..\..\module\modules\power-domain\libmodule-power-domain.a(power_domain_state_checks.c.obj)
                0xe2108f50                is_shallower_state
 .text.is_allowed_by_child
                0xe2108f7c       0x28 ..\..\..\module\modules\power-domain\libmodule-power-domain.a(power_domain_state_checks.c.obj)
                0xe2108f7c                is_allowed_by_child
 .text.is_allowed_by_children
                0xe2108fa4       0x60 ..\..\..\module\modules\power-domain\libmodule-power-domain.a(power_domain_state_checks.c.obj)
                0xe2108fa4                is_allowed_by_children
 .text.get_state_name
                0xe2109004       0x40 ..\..\..\module\modules\power-domain\libmodule-power-domain.a(power_domain_state_checks.c.obj)
                0xe2109004                get_state_name
 .text.number_of_bits_to_shift
                0xe2109044       0x2c ..\..\..\module\modules\power-domain\libmodule-power-domain.a(power_domain_state_checks.c.obj)
                0xe2109044                number_of_bits_to_shift
 .text.retrieve_mapped_state
                0xe2109070       0x20 ..\..\..\module\modules\power-domain\libmodule-power-domain.a(power_domain_state_checks.c.obj)
                0xe2109070                retrieve_mapped_state
 .text.get_level_state_from_composite_state
                0xe2109090       0x24 ..\..\..\module\modules\power-domain\libmodule-power-domain.a(power_domain_state_checks.c.obj)
                0xe2109090                get_level_state_from_composite_state
 .text.get_highest_level_from_composite_state
                0xe21090b4       0x8c ..\..\..\module\modules\power-domain\libmodule-power-domain.a(power_domain_state_checks.c.obj)
                0xe21090b4                get_highest_level_from_composite_state
 .text.is_valid_composite_state
                0xe2109140      0x110 ..\..\..\module\modules\power-domain\libmodule-power-domain.a(power_domain_state_checks.c.obj)
                0xe2109140                is_valid_composite_state
 .text.is_upwards_transition_propagation
                0xe2109250       0x88 ..\..\..\module\modules\power-domain\libmodule-power-domain.a(power_domain_state_checks.c.obj)
                0xe2109250                is_upwards_transition_propagation
 .text.is_allowed_by_parent_and_children
                0xe21092d8       0x84 ..\..\..\module\modules\power-domain\libmodule-power-domain.a(power_domain_state_checks.c.obj)
                0xe21092d8                is_allowed_by_parent_and_children
 .text.is_state_in_transition
                0xe210935c       0x44 ..\..\..\module\modules\power-domain\libmodule-power-domain.a(power_domain_state_checks.c.obj)
                0xe210935c                is_state_in_transition
 .text.check_power_state_pre_transition_notification
                0xe21093a0       0x38 ..\..\..\module\modules\power-domain\libmodule-power-domain.a(power_domain_notifications.c.obj)
 .text.process_pre_shutdown_notification_response
                0xe21093d8       0x54 ..\..\..\module\modules\power-domain\libmodule-power-domain.a(power_domain_notifications.c.obj)
                0xe21093d8                process_pre_shutdown_notification_response
 .text.process_power_state_transition_notification_response
                0xe210942c      0x11c ..\..\..\module\modules\power-domain\libmodule-power-domain.a(power_domain_notifications.c.obj)
                0xe210942c                process_power_state_transition_notification_response
 .text.initiate_power_state_pre_transition_notification
                0xe2109548       0xf4 ..\..\..\module\modules\power-domain\libmodule-power-domain.a(power_domain_notifications.c.obj)
                0xe2109548                initiate_power_state_pre_transition_notification
 .text.process_power_state_pre_transition_notification_response
                0xe210963c       0xd4 ..\..\..\module\modules\power-domain\libmodule-power-domain.a(power_domain_notifications.c.obj)
                0xe210963c                process_power_state_pre_transition_notification_response
 .text.pd_process_notification
                0xe2109710       0xc8 ..\..\..\module\modules\power-domain\libmodule-power-domain.a(power_domain_notifications.c.obj)
                0xe2109710                pd_process_notification
 .text.check_and_notify_system_shutdown
                0xe21097d8       0xb0 ..\..\..\module\modules\power-domain\libmodule-power-domain.a(power_domain_notifications.c.obj)
                0xe21097d8                check_and_notify_system_shutdown
 .text.notify_warm_reset
                0xe2109888       0x88 ..\..\..\module\modules\power-domain\libmodule-power-domain.a(power_domain_notifications.c.obj)
                0xe2109888                notify_warm_reset
 .text.reset_issued_notify
                0xe2109910       0xd4 ..\..\..\module\modules\reset-domain\libmodule-reset-domain.a(mod_reset_domain.c.obj)
 .text.rd_process_event
                0xe21099e4       0x3c ..\..\..\module\modules\reset-domain\libmodule-reset-domain.a(mod_reset_domain.c.obj)
 .text.rd_process_bind_request
                0xe2109a20       0x38 ..\..\..\module\modules\reset-domain\libmodule-reset-domain.a(mod_reset_domain.c.obj)
 .text.set_reset_state
                0xe2109a58       0x50 ..\..\..\module\modules\reset-domain\libmodule-reset-domain.a(mod_reset_domain.c.obj)
 .text.rd_element_init
                0xe2109aa8       0x28 ..\..\..\module\modules\reset-domain\libmodule-reset-domain.a(mod_reset_domain.c.obj)
 .text.rd_bind  0xe2109ad0       0x64 ..\..\..\module\modules\reset-domain\libmodule-reset-domain.a(mod_reset_domain.c.obj)
 .text.rd_init  0xe2109b34       0x34 ..\..\..\module\modules\reset-domain\libmodule-reset-domain.a(mod_reset_domain.c.obj)
 .text.scmi_message_header
                0xe2109b68       0x18 ..\..\..\module\modules\scmi\libmodule-scmi.a(mod_scmi.c.obj)
 .text.read_message_id
                0xe2109b80        0x8 ..\..\..\module\modules\scmi\libmodule-scmi.a(mod_scmi.c.obj)
 .text.read_message_type
                0xe2109b88        0xc ..\..\..\module\modules\scmi\libmodule-scmi.a(mod_scmi.c.obj)
 .text.read_protocol_id
                0xe2109b94        0xc ..\..\..\module\modules\scmi\libmodule-scmi.a(mod_scmi.c.obj)
 .text.read_token
                0xe2109ba0       0x10 ..\..\..\module\modules\scmi\libmodule-scmi.a(mod_scmi.c.obj)
 .text.get_message_type_str
                0xe2109bb0       0x7c ..\..\..\module\modules\scmi\libmodule-scmi.a(mod_scmi.c.obj)
 .text.is_message_type_valid
                0xe2109c2c       0x34 ..\..\..\module\modules\scmi\libmodule-scmi.a(mod_scmi.c.obj)
 .text.get_agent_count
                0xe2109c60       0x30 ..\..\..\module\modules\scmi\libmodule-scmi.a(mod_scmi.c.obj)
 .text.get_agent_type
                0xe2109c90       0x54 ..\..\..\module\modules\scmi\libmodule-scmi.a(mod_scmi.c.obj)
 .text.response_message_handler
                0xe2109ce4       0x38 ..\..\..\module\modules\scmi\libmodule-scmi.a(mod_scmi.c.obj)
                0xe2109ce4                response_message_handler
 .text.get_agent_id
                0xe2109d1c       0x40 ..\..\..\module\modules\scmi\libmodule-scmi.a(mod_scmi.c.obj)
 .text.signal_error
                0xe2109d5c       0x4c ..\..\..\module\modules\scmi\libmodule-scmi.a(mod_scmi.c.obj)
 .text.scmi_notify
                0xe2109da8       0xc8 ..\..\..\module\modules\scmi\libmodule-scmi.a(mod_scmi.c.obj)
 .text.write_payload
                0xe2109e70       0x50 ..\..\..\module\modules\scmi\libmodule-scmi.a(mod_scmi.c.obj)
 .text.get_max_payload_size
                0xe2109ec0       0x4c ..\..\..\module\modules\scmi\libmodule-scmi.a(mod_scmi.c.obj)
 .text.scmi_service_init
                0xe2109f0c       0x60 ..\..\..\module\modules\scmi\libmodule-scmi.a(mod_scmi.c.obj)
 .text.scmi_send_message
                0xe2109f6c       0xe8 ..\..\..\module\modules\scmi\libmodule-scmi.a(mod_scmi.c.obj)
                0xe2109f6c                scmi_send_message
 .text.respond  0xe210a054       0xf4 ..\..\..\module\modules\scmi\libmodule-scmi.a(mod_scmi.c.obj)
 .text.scmi_message_validation
                0xe210a148       0xa8 ..\..\..\module\modules\scmi\libmodule-scmi.a(mod_scmi.c.obj)
 .text.scmi_process_notification
                0xe210a1f0       0xec ..\..\..\module\modules\scmi\libmodule-scmi.a(mod_scmi.c.obj)
 .text.scmi_process_bind_request
                0xe210a2dc      0x17c ..\..\..\module\modules\scmi\libmodule-scmi.a(mod_scmi.c.obj)
 .text.signal_message
                0xe210a458       0x74 ..\..\..\module\modules\scmi\libmodule-scmi.a(mod_scmi.c.obj)
 .text.scmi_start
                0xe210a4cc       0xac ..\..\..\module\modules\scmi\libmodule-scmi.a(mod_scmi.c.obj)
 .text.scmi_bind
                0xe210a578      0x2b4 ..\..\..\module\modules\scmi\libmodule-scmi.a(mod_scmi.c.obj)
 .text.scmi_init
                0xe210a82c       0xf0 ..\..\..\module\modules\scmi\libmodule-scmi.a(mod_scmi.c.obj)
 .text.send_to_message_handler
                0xe210a91c       0x38 ..\..\..\module\modules\scmi\libmodule-scmi.a(mod_scmi.c.obj)
                0xe210a91c                send_to_message_handler
 .text.scmi_process_event
                0xe210a954      0x38c ..\..\..\module\modules\scmi\libmodule-scmi.a(mod_scmi.c.obj)
 .text.scmi_base_protocol_version_handler
                0xe210ace0       0x44 ..\..\..\module\modules\scmi\libmodule-scmi.a(mod_scmi_base.c.obj)
 .text.scmi_base_protocol_message_attributes_handler
                0xe210ad24       0x80 ..\..\..\module\modules\scmi\libmodule-scmi.a(mod_scmi_base.c.obj)
 .text.scmi_base_discover_implementation_version_handler
                0xe210ada4       0x48 ..\..\..\module\modules\scmi\libmodule-scmi.a(mod_scmi_base.c.obj)
 .text.scmi_base_discover_list_protocols_handler
                0xe210adec      0x2dc ..\..\..\module\modules\scmi\libmodule-scmi.a(mod_scmi_base.c.obj)
 .text.scmi_base_protocol_attributes_handler
                0xe210b0c8      0x108 ..\..\..\module\modules\scmi\libmodule-scmi.a(mod_scmi_base.c.obj)
 .text.scmi_base_discover_agent_handler
                0xe210b1d0      0x164 ..\..\..\module\modules\scmi\libmodule-scmi.a(mod_scmi_base.c.obj)
 .text.scmi_base_discover_sub_vendor_handler
                0xe210b334       0x78 ..\..\..\module\modules\scmi\libmodule-scmi.a(mod_scmi_base.c.obj)
 .text.scmi_base_discover_vendor_handler
                0xe210b3ac       0x78 ..\..\..\module\modules\scmi\libmodule-scmi.a(mod_scmi_base.c.obj)
 .text.scmi_base_message_handler
                0xe210b424       0xac ..\..\..\module\modules\scmi\libmodule-scmi.a(mod_scmi_base.c.obj)
                0xe210b424                scmi_base_message_handler
 .text.scmi_base_set_api
                0xe210b4d0       0x10 ..\..\..\module\modules\scmi\libmodule-scmi.a(mod_scmi_base.c.obj)
                0xe210b4d0                scmi_base_set_api
 .text.scmi_base_set_shared_ctx
                0xe210b4e0       0x10 ..\..\..\module\modules\scmi\libmodule-scmi.a(mod_scmi_base.c.obj)
                0xe210b4e0                scmi_base_set_shared_ctx
 .text.protocol_version_handler
                0xe210b4f0       0x44 ..\..\..\module\modules\scmi-reset-domain\libmodule-scmi-reset-domain.a(mod_scmi_reset_domain.c.obj)
 .text.protocol_attributes_handler
                0xe210b534       0x9c ..\..\..\module\modules\scmi-reset-domain\libmodule-scmi-reset-domain.a(mod_scmi_reset_domain.c.obj)
 .text.protocol_message_attributes_handler
                0xe210b5d0       0x80 ..\..\..\module\modules\scmi-reset-domain\libmodule-scmi-reset-domain.a(mod_scmi_reset_domain.c.obj)
 .text.get_agent_id
                0xe210b650       0x50 ..\..\..\module\modules\scmi-reset-domain\libmodule-scmi-reset-domain.a(mod_scmi_reset_domain.c.obj)
 .text.get_agent_entry
                0xe210b6a0       0x4c ..\..\..\module\modules\scmi-reset-domain\libmodule-scmi-reset-domain.a(mod_scmi_reset_domain.c.obj)
 .text.scmi_reset_get_scmi_protocol_id
                0xe210b6ec       0x10 ..\..\..\module\modules\scmi-reset-domain\libmodule-scmi-reset-domain.a(mod_scmi_reset_domain.c.obj)
 .text.scmi_reset_message_handler
                0xe210b6fc       0xa8 ..\..\..\module\modules\scmi-reset-domain\libmodule-scmi-reset-domain.a(mod_scmi_reset_domain.c.obj)
 .text.scmi_reset_init
                0xe210b7a4       0x38 ..\..\..\module\modules\scmi-reset-domain\libmodule-scmi-reset-domain.a(mod_scmi_reset_domain.c.obj)
 .text.scmi_reset_process_bind_request
                0xe210b7dc       0x38 ..\..\..\module\modules\scmi-reset-domain\libmodule-scmi-reset-domain.a(mod_scmi_reset_domain.c.obj)
 .text.get_reset_device
                0xe210b814       0xa8 ..\..\..\module\modules\scmi-reset-domain\libmodule-scmi-reset-domain.a(mod_scmi_reset_domain.c.obj)
 .text.reset_attributes_handler
                0xe210b8bc       0xe4 ..\..\..\module\modules\scmi-reset-domain\libmodule-scmi-reset-domain.a(mod_scmi_reset_domain.c.obj)
 .text.scmi_reset_bind
                0xe210b9a0       0x70 ..\..\..\module\modules\scmi-reset-domain\libmodule-scmi-reset-domain.a(mod_scmi_reset_domain.c.obj)
 .text.scmi_reset_domain_reset_request_policy
                0xe210ba10       0x10 ..\..\..\module\modules\scmi-reset-domain\libmodule-scmi-reset-domain.a(mod_scmi_reset_domain.c.obj)
                0xe210ba10                scmi_reset_domain_reset_request_policy
 .text.reset_request_handler
                0xe210ba20      0x220 ..\..\..\module\modules\scmi-reset-domain\libmodule-scmi-reset-domain.a(mod_scmi_reset_domain.c.obj)
 .text.header_is_valid
                0xe210bc40       0x94 ..\..\..\module\modules\sds\libmodule-sds.a(mod_sds.c.obj)
 .text.validate_structure_access
                0xe210bcd4       0x40 ..\..\..\module\modules\sds\libmodule-sds.a(mod_sds.c.obj)
 .text.reinitialize_memory_region
                0xe210bd14       0xfc ..\..\..\module\modules\sds\libmodule-sds.a(mod_sds.c.obj)
 .text.sds_element_init
                0xe210be10        0x8 ..\..\..\module\modules\sds\libmodule-sds.a(mod_sds.c.obj)
 .text.create_memory_region
                0xe210be18       0xb0 ..\..\..\module\modules\sds\libmodule-sds.a(mod_sds.c.obj)
 .text.get_structure_info
                0xe210bec8      0x12c ..\..\..\module\modules\sds\libmodule-sds.a(mod_sds.c.obj)
 .text.structure_exists
                0xe210bff4       0x28 ..\..\..\module\modules\sds\libmodule-sds.a(mod_sds.c.obj)
 .text.struct_finalize
                0xe210c01c       0x34 ..\..\..\module\modules\sds\libmodule-sds.a(mod_sds.c.obj)
 .text.sds_struct_finalize
                0xe210c050       0x10 ..\..\..\module\modules\sds\libmodule-sds.a(mod_sds.c.obj)
 .text.sds_struct_read
                0xe210c060       0x98 ..\..\..\module\modules\sds\libmodule-sds.a(mod_sds.c.obj)
 .text.struct_alloc
                0xe210c0f8      0x170 ..\..\..\module\modules\sds\libmodule-sds.a(mod_sds.c.obj)
 .text.struct_write
                0xe210c268       0xc8 ..\..\..\module\modules\sds\libmodule-sds.a(mod_sds.c.obj)
 .text.struct_init
                0xe210c330       0x74 ..\..\..\module\modules\sds\libmodule-sds.a(mod_sds.c.obj)
 .text.sds_struct_write
                0xe210c3a4       0x30 ..\..\..\module\modules\sds\libmodule-sds.a(mod_sds.c.obj)
 .text.mod_sds_clock_changed
                0xe210c3d4       0x60 ..\..\..\module\modules\sds\libmodule-sds.a(mod_sds.c.obj)
 .text.init_sds
                0xe210c434      0x10c ..\..\..\module\modules\sds\libmodule-sds.a(mod_sds.c.obj)
 .text.sds_process_notification
                0xe210c540      0x120 ..\..\..\module\modules\sds\libmodule-sds.a(mod_sds.c.obj)
 .text.sds_process_bind_request
                0xe210c660       0x34 ..\..\..\module\modules\sds\libmodule-sds.a(mod_sds.c.obj)
 .text.sds_start
                0xe210c694      0x128 ..\..\..\module\modules\sds\libmodule-sds.a(mod_sds.c.obj)
 .text.sds_init
                0xe210c7bc       0x84 ..\..\..\module\modules\sds\libmodule-sds.a(mod_sds.c.obj)
 .text.arch_interrupts_enable
                0xe210c840       0x3c ..\..\..\module\modules\transport\libmodule-transport.a(mod_transport.c.obj)
 .text.transport_trigger_interrupt
                0xe210c87c       0x6c ..\..\..\module\modules\transport\libmodule-transport.a(mod_transport.c.obj)
 .text.transport_release_channel_lock
                0xe210c8e8       0x30 ..\..\..\module\modules\transport\libmodule-transport.a(mod_transport.c.obj)
 .text.transport_get_payload
                0xe210c918       0xb8 ..\..\..\module\modules\transport\libmodule-transport.a(mod_transport.c.obj)
 .text.transport_get_message_header
                0xe210c9d0       0x9c ..\..\..\module\modules\transport\libmodule-transport.a(mod_transport.c.obj)
 .text.transport_get_max_payload_size
                0xe210ca6c       0x5c ..\..\..\module\modules\transport\libmodule-transport.a(mod_transport.c.obj)
 .text.transport_get_secure
                0xe210cac8       0x64 ..\..\..\module\modules\transport\libmodule-transport.a(mod_transport.c.obj)
 .text.transport_mailbox_init
                0xe210cb2c       0xb0 ..\..\..\module\modules\transport\libmodule-transport.a(mod_transport.c.obj)
 .text.transport_process_notification
                0xe210cbdc      0x140 ..\..\..\module\modules\transport\libmodule-transport.a(mod_transport.c.obj)
 .text.transport_process_bind_request
                0xe210cd1c      0x138 ..\..\..\module\modules\transport\libmodule-transport.a(mod_transport.c.obj)
 .text.transport_transmit
                0xe210ce54      0x13c ..\..\..\module\modules\transport\libmodule-transport.a(mod_transport.c.obj)
 .text.transport_respond
                0xe210cf90      0x134 ..\..\..\module\modules\transport\libmodule-transport.a(mod_transport.c.obj)
 .text.transport_message_handler
                0xe210d0c4      0x1c4 ..\..\..\module\modules\transport\libmodule-transport.a(mod_transport.c.obj)
 .text.transport_signal_message
                0xe210d288       0x84 ..\..\..\module\modules\transport\libmodule-transport.a(mod_transport.c.obj)
 .text.transport_write_payload
                0xe210d30c       0xcc ..\..\..\module\modules\transport\libmodule-transport.a(mod_transport.c.obj)
 .text.transport_start
                0xe210d3d8      0x138 ..\..\..\module\modules\transport\libmodule-transport.a(mod_transport.c.obj)
 .text.transport_bind
                0xe210d510      0x104 ..\..\..\module\modules\transport\libmodule-transport.a(mod_transport.c.obj)
 .text.transport_channel_init
                0xe210d614      0x118 ..\..\..\module\modules\transport\libmodule-transport.a(mod_transport.c.obj)
 .text.transport_init
                0xe210d72c       0x30 ..\..\..\module\modules\transport\libmodule-transport.a(mod_transport.c.obj)
 .text          0xe210d75c      0x114 C:/PROGRA~2/ARMGNU~1/133167~1.3RE/bin/../lib/gcc/arm-none-eabi/13.3.1\libgcc.a(_udivsi3.o)
                0xe210d75c                __aeabi_uidiv
                0xe210d75c                __udivsi3
                0xe210d850                __aeabi_uidivmod
 .text          0xe210d870        0x4 C:/PROGRA~2/ARMGNU~1/133167~1.3RE/bin/../lib/gcc/arm-none-eabi/13.3.1\libgcc.a(_dvmd_tls.o)
                0xe210d870                __aeabi_idiv0
                0xe210d870                __aeabi_ldiv0
 .text          0xe210d874       0x3c C:/PROGRA~2/ARMGNU~1/133167~1.3RE/bin/../lib/gcc/arm-none-eabi/13.3.1\libgcc.a(_aeabi_uldivmod.o)
                0xe210d874                __aeabi_uldivmod
 .text.__udivmoddi4
                0xe210d8b0      0x128 C:/PROGRA~2/ARMGNU~1/133167~1.3RE/bin/../lib/gcc/arm-none-eabi/13.3.1\libgcc.a(_udivmoddi4.o)
                0xe210d8b0                __udivmoddi4
 .text          0xe210d9d8       0x28 C:/PROGRA~2/ARMGNU~1/133167~1.3RE/bin/../lib/gcc/arm-none-eabi/13.3.1\libgcc.a(_clzdi2.o)
                0xe210d9d8                __clzdi2
 .text          0xe210da00       0x48 C:/PROGRA~2/ARMGNU~1/133167~1.3RE/bin/../lib/gcc/arm-none-eabi/13.3.1\libgcc.a(_clzsi2.o)
                0xe210da00                __clzsi2
 .text.calloc   0xe210da48       0x28 C:/PROGRA~2/ARMGNU~1/133167~1.3RE/bin/../lib/gcc/arm-none-eabi/13.3.1\libg.a(libc_a-calloc.o)
                0xe210da48                calloc
 .text._calloc_r
                0xe210da70       0xd0 C:/PROGRA~2/ARMGNU~1/133167~1.3RE/bin/../lib/gcc/arm-none-eabi/13.3.1\libg.a(libc_a-callocr.o)
                0xe210da70                _calloc_r
 .text.malloc   0xe210db40       0x20 C:/PROGRA~2/ARMGNU~1/133167~1.3RE/bin/../lib/gcc/arm-none-eabi/13.3.1\libg.a(libc_a-malloc.o)
                0xe210db40                malloc
 .text.free     0xe210db60       0x20 C:/PROGRA~2/ARMGNU~1/133167~1.3RE/bin/../lib/gcc/arm-none-eabi/13.3.1\libg.a(libc_a-malloc.o)
                0xe210db60                free
 .text._malloc_r
                0xe210db80      0x7b4 C:/PROGRA~2/ARMGNU~1/133167~1.3RE/bin/../lib/gcc/arm-none-eabi/13.3.1\libg.a(libc_a-mallocr.o)
                0xe210db80                _malloc_r
 .text.__malloc_lock
                0xe210e334       0x18 C:/PROGRA~2/ARMGNU~1/133167~1.3RE/bin/../lib/gcc/arm-none-eabi/13.3.1\libg.a(libc_a-mlock.o)
                0xe210e334                __malloc_lock
 .text.__malloc_unlock
                0xe210e34c       0x18 C:/PROGRA~2/ARMGNU~1/133167~1.3RE/bin/../lib/gcc/arm-none-eabi/13.3.1\libg.a(libc_a-mlock.o)
                0xe210e34c                __malloc_unlock
 .text._realloc_r
                0xe210e364      0x4b8 C:/PROGRA~2/ARMGNU~1/133167~1.3RE/bin/../lib/gcc/arm-none-eabi/13.3.1\libg.a(libc_a-reallocr.o)
                0xe210e364                _realloc_r
 .text.snprintf
                0xe210e81c       0xd8 C:/PROGRA~2/ARMGNU~1/133167~1.3RE/bin/../lib/gcc/arm-none-eabi/13.3.1\libg.a(libc_a-snprintf.o)
                0xe210e81c                snprintf
 .text.vsnprintf
                0xe210e8f4       0xb8 C:/PROGRA~2/ARMGNU~1/133167~1.3RE/bin/../lib/gcc/arm-none-eabi/13.3.1\libg.a(libc_a-vsnprintf.o)
                0xe210e8f4                vsnprintf
 .text.memmove  0xe210e9ac      0x154 C:/PROGRA~2/ARMGNU~1/133167~1.3RE/bin/../lib/gcc/arm-none-eabi/13.3.1\libg.a(libc_a-memmove.o)
                0xe210e9ac                memmove
 .text.memset   0xe210eb00       0xfc C:/PROGRA~2/ARMGNU~1/133167~1.3RE/bin/../lib/gcc/arm-none-eabi/13.3.1\libg.a(libc_a-memset.o)
                0xe210eb00                memset
 .text.strncpy  0xe210ebfc       0xd0 C:/PROGRA~2/ARMGNU~1/133167~1.3RE/bin/../lib/gcc/arm-none-eabi/13.3.1\libg.a(libc_a-strncpy.o)
                0xe210ebfc                strncpy
 .text._sbrk_r  0xe210eccc       0x44 C:/PROGRA~2/ARMGNU~1/133167~1.3RE/bin/../lib/gcc/arm-none-eabi/13.3.1\libg.a(libc_a-sbrkr.o)
                0xe210eccc                _sbrk_r
 .text.__errno  0xe210ed10       0x10 C:/PROGRA~2/ARMGNU~1/133167~1.3RE/bin/../lib/gcc/arm-none-eabi/13.3.1\libg.a(libc_a-errno.o)
                0xe210ed10                __errno
 .text.__retarget_lock_acquire_recursive
                0xe210ed20        0x4 C:/PROGRA~2/ARMGNU~1/133167~1.3RE/bin/../lib/gcc/arm-none-eabi/13.3.1\libg.a(libc_a-lock.o)
                0xe210ed20                __retarget_lock_acquire_recursive
 .text.__retarget_lock_release_recursive
                0xe210ed24        0x4 C:/PROGRA~2/ARMGNU~1/133167~1.3RE/bin/../lib/gcc/arm-none-eabi/13.3.1\libg.a(libc_a-lock.o)
                0xe210ed24                __retarget_lock_release_recursive
 .text.sysconf  0xe210ed28       0x30 C:/PROGRA~2/ARMGNU~1/133167~1.3RE/bin/../lib/gcc/arm-none-eabi/13.3.1\libg.a(libc_a-sysconf.o)
                0xe210ed28                sysconf
 .text.memcpy   0xe210ed58      0x114 C:/PROGRA~2/ARMGNU~1/133167~1.3RE/bin/../lib/gcc/arm-none-eabi/13.3.1\libg.a(libc_a-memcpy-stub.o)
                0xe210ed58                memcpy
 .text.strlen   0xe210ee6c       0x60 C:/PROGRA~2/ARMGNU~1/133167~1.3RE/bin/../lib/gcc/arm-none-eabi/13.3.1\libg.a(libc_a-strlen-stub.o)
                0xe210ee6c                strlen
 .text.startup.register_fini
                0xe210eecc       0x28 C:/PROGRA~2/ARMGNU~1/133167~1.3RE/bin/../lib/gcc/arm-none-eabi/13.3.1\libg.a(libc_a-__call_atexit.o)
 .text.atexit   0xe210eef4       0x20 C:/PROGRA~2/ARMGNU~1/133167~1.3RE/bin/../lib/gcc/arm-none-eabi/13.3.1\libg.a(libc_a-atexit.o)
                0xe210eef4                atexit
 .text._malloc_trim_r
                0xe210ef14      0x114 C:/PROGRA~2/ARMGNU~1/133167~1.3RE/bin/../lib/gcc/arm-none-eabi/13.3.1\libg.a(libc_a-freer.o)
                0xe210ef14                _malloc_trim_r
 .text._free_r  0xe210f028      0x2e8 C:/PROGRA~2/ARMGNU~1/133167~1.3RE/bin/../lib/gcc/arm-none-eabi/13.3.1\libg.a(libc_a-freer.o)
                0xe210f028                _free_r
 .text._svfprintf_r
                0xe210f310     0x2bf4 C:/PROGRA~2/ARMGNU~1/133167~1.3RE/bin/../lib/gcc/arm-none-eabi/13.3.1\libg.a(libc_a-svfprintf.o)
                0xe210f310                _svfprintf_r
 .text.__ssprint_r
                0xe2111f04       0xa8 C:/PROGRA~2/ARMGNU~1/133167~1.3RE/bin/../lib/gcc/arm-none-eabi/13.3.1\libg.a(libc_a-ssprint_r.o)
                0xe2111f04                __ssprint_r
 .text.__locale_mb_cur_max
                0xe2111fac       0x10 C:/PROGRA~2/ARMGNU~1/133167~1.3RE/bin/../lib/gcc/arm-none-eabi/13.3.1\libg.a(libc_a-locale.o)
                0xe2111fac                __locale_mb_cur_max
 .text._localeconv_r
                0xe2111fbc        0xc C:/PROGRA~2/ARMGNU~1/133167~1.3RE/bin/../lib/gcc/arm-none-eabi/13.3.1\libg.a(libc_a-localeconv.o)
                0xe2111fbc                _localeconv_r
 .text.__libc_fini_array
                0xe2111fc8       0x44 C:/PROGRA~2/ARMGNU~1/133167~1.3RE/bin/../lib/gcc/arm-none-eabi/13.3.1\libg.a(libc_a-fini.o)
                0xe2111fc8                __libc_fini_array
 .text.memchr   0xe211200c       0xf0 C:/PROGRA~2/ARMGNU~1/133167~1.3RE/bin/../lib/gcc/arm-none-eabi/13.3.1\libg.a(libc_a-memchr-stub.o)
                0xe211200c                memchr
 .text.frexp    0xe21120fc       0xa4 C:/PROGRA~2/ARMGNU~1/133167~1.3RE/bin/../lib/gcc/arm-none-eabi/13.3.1\libg.a(libm_a-s_frexp.o)
                0xe21120fc                frexp
 .text.__register_exitproc
                0xe21121a0       0xb8 C:/PROGRA~2/ARMGNU~1/133167~1.3RE/bin/../lib/gcc/arm-none-eabi/13.3.1\libg.a(libc_a-__atexit.o)
                0xe21121a0                __register_exitproc
 .text.quorem   0xe2112258      0x1d8 C:/PROGRA~2/ARMGNU~1/133167~1.3RE/bin/../lib/gcc/arm-none-eabi/13.3.1\libg.a(libc_a-dtoa.o)
 .text._dtoa_r  0xe2112430     0x16cc C:/PROGRA~2/ARMGNU~1/133167~1.3RE/bin/../lib/gcc/arm-none-eabi/13.3.1\libg.a(libc_a-dtoa.o)
                0xe2112430                _dtoa_r
 .text.__ascii_mbtowc
                0xe2113afc       0x44 C:/PROGRA~2/ARMGNU~1/133167~1.3RE/bin/../lib/gcc/arm-none-eabi/13.3.1\libg.a(libc_a-mbtowc_r.o)
                0xe2113afc                __ascii_mbtowc
 .text._Balloc  0xe2113b40       0x8c C:/PROGRA~2/ARMGNU~1/133167~1.3RE/bin/../lib/gcc/arm-none-eabi/13.3.1\libg.a(libc_a-mprec.o)
                0xe2113b40                _Balloc
 .text._Bfree   0xe2113bcc       0x1c C:/PROGRA~2/ARMGNU~1/133167~1.3RE/bin/../lib/gcc/arm-none-eabi/13.3.1\libg.a(libc_a-mprec.o)
                0xe2113bcc                _Bfree
 .text.__multadd
                0xe2113be8      0x100 C:/PROGRA~2/ARMGNU~1/133167~1.3RE/bin/../lib/gcc/arm-none-eabi/13.3.1\libg.a(libc_a-mprec.o)
                0xe2113be8                __multadd
 .text.__hi0bits
                0xe2113ce8       0x60 C:/PROGRA~2/ARMGNU~1/133167~1.3RE/bin/../lib/gcc/arm-none-eabi/13.3.1\libg.a(libc_a-mprec.o)
                0xe2113ce8                __hi0bits
 .text.__lo0bits
                0xe2113d48       0xa0 C:/PROGRA~2/ARMGNU~1/133167~1.3RE/bin/../lib/gcc/arm-none-eabi/13.3.1\libg.a(libc_a-mprec.o)
                0xe2113d48                __lo0bits
 .text.__i2b    0xe2113de8       0xac C:/PROGRA~2/ARMGNU~1/133167~1.3RE/bin/../lib/gcc/arm-none-eabi/13.3.1\libg.a(libc_a-mprec.o)
                0xe2113de8                __i2b
 .text.__multiply
                0xe2113e94      0x218 C:/PROGRA~2/ARMGNU~1/133167~1.3RE/bin/../lib/gcc/arm-none-eabi/13.3.1\libg.a(libc_a-mprec.o)
                0xe2113e94                __multiply
 .text.__pow5mult
                0xe21140ac      0x12c C:/PROGRA~2/ARMGNU~1/133167~1.3RE/bin/../lib/gcc/arm-none-eabi/13.3.1\libg.a(libc_a-mprec.o)
                0xe21140ac                __pow5mult
 .text.__lshift
                0xe21141d8      0x144 C:/PROGRA~2/ARMGNU~1/133167~1.3RE/bin/../lib/gcc/arm-none-eabi/13.3.1\libg.a(libc_a-mprec.o)
                0xe21141d8                __lshift
 .text.__mcmp   0xe211431c       0x54 C:/PROGRA~2/ARMGNU~1/133167~1.3RE/bin/../lib/gcc/arm-none-eabi/13.3.1\libg.a(libc_a-mprec.o)
                0xe211431c                __mcmp
 .text.__mdiff  0xe2114370      0x214 C:/PROGRA~2/ARMGNU~1/133167~1.3RE/bin/../lib/gcc/arm-none-eabi/13.3.1\libg.a(libc_a-mprec.o)
                0xe2114370                __mdiff
 .text.__d2b    0xe2114584      0x128 C:/PROGRA~2/ARMGNU~1/133167~1.3RE/bin/../lib/gcc/arm-none-eabi/13.3.1\libg.a(libc_a-mprec.o)
                0xe2114584                __d2b
 .text.__ascii_wctomb
                0xe21146ac       0x30 C:/PROGRA~2/ARMGNU~1/133167~1.3RE/bin/../lib/gcc/arm-none-eabi/13.3.1\libg.a(libc_a-wctomb_r.o)
                0xe21146ac                __ascii_wctomb
 .text._wcrtomb_r
                0xe21146dc       0x5c C:/PROGRA~2/ARMGNU~1/133167~1.3RE/bin/../lib/gcc/arm-none-eabi/13.3.1\libg.a(libc_a-wcrtomb.o)
                0xe21146dc                _wcrtomb_r
 .text._wcsrtombs_r
                0xe2114738       0x2c C:/PROGRA~2/ARMGNU~1/133167~1.3RE/bin/../lib/gcc/arm-none-eabi/13.3.1\libg.a(libc_a-wcsrtombs.o)
                0xe2114738                _wcsrtombs_r
 .text.__ssputs_r
                0xe2114764      0x12c C:/PROGRA~2/ARMGNU~1/133167~1.3RE/bin/../lib/gcc/arm-none-eabi/13.3.1\libg.a(libc_a-ssputs_r.o)
                0xe2114764                __ssputs_r
 .text._wcsnrtombs_l
                0xe2114890      0x198 C:/PROGRA~2/ARMGNU~1/133167~1.3RE/bin/../lib/gcc/arm-none-eabi/13.3.1\libg.a(libc_a-wcsnrtombs.o)
                0xe2114890                _wcsnrtombs_l
 .text._wcsnrtombs_r
                0xe2114a28       0x40 C:/PROGRA~2/ARMGNU~1/133167~1.3RE/bin/../lib/gcc/arm-none-eabi/13.3.1\libg.a(libc_a-wcsnrtombs.o)
                0xe2114a28                _wcsnrtombs_r
 .text          0xe2114a68      0x424 C:/PROGRA~2/ARMGNU~1/133167~1.3RE/bin/../lib/gcc/arm-none-eabi/13.3.1\libgcc.a(_arm_addsubdf3.o)
                0xe2114a68                __aeabi_drsub
                0xe2114a70                __aeabi_dsub
                0xe2114a70                __subdf3
                0xe2114a74                __aeabi_dadd
                0xe2114a74                __adddf3
                0xe2114d84                __floatunsidf
                0xe2114d84                __aeabi_ui2d
                0xe2114da8                __floatsidf
                0xe2114da8                __aeabi_i2d
                0xe2114dd0                __aeabi_f2d
                0xe2114dd0                __extendsfdf2
                0xe2114e18                __floatundidf
                0xe2114e18                __aeabi_ul2d
                0xe2114e2c                __floatdidf
                0xe2114e2c                __aeabi_l2d
 .text          0xe2114e8c      0x49c C:/PROGRA~2/ARMGNU~1/133167~1.3RE/bin/../lib/gcc/arm-none-eabi/13.3.1\libgcc.a(_arm_muldivdf3.o)
                0xe2114e8c                __aeabi_dmul
                0xe2114e8c                __muldf3
                0xe211511c                __divdf3
                0xe211511c                __aeabi_ddiv
 .text          0xe2115328      0x144 C:/PROGRA~2/ARMGNU~1/133167~1.3RE/bin/../lib/gcc/arm-none-eabi/13.3.1\libgcc.a(_arm_cmpdf2.o)
                0xe2115328                __gtdf2
                0xe2115328                __gedf2
                0xe2115330                __ltdf2
                0xe2115330                __ledf2
                0xe2115338                __nedf2
                0xe2115338                __eqdf2
                0xe2115338                __cmpdf2
                0xe21153c0                __aeabi_cdrcmple
                0xe21153dc                __aeabi_cdcmpeq
                0xe21153dc                __aeabi_cdcmple
                0xe21153f4                __aeabi_dcmpeq
                0xe211540c                __aeabi_dcmplt
                0xe2115424                __aeabi_dcmple
                0xe211543c                __aeabi_dcmpge
                0xe2115454                __aeabi_dcmpgt
 .text          0xe211546c       0x38 C:/PROGRA~2/ARMGNU~1/133167~1.3RE/bin/../lib/gcc/arm-none-eabi/13.3.1\libgcc.a(_arm_unorddf2.o)
                0xe211546c                __unorddf2
                0xe211546c                __aeabi_dcmpun
 .text          0xe21154a4       0x5c C:/PROGRA~2/ARMGNU~1/133167~1.3RE/bin/../lib/gcc/arm-none-eabi/13.3.1\libgcc.a(_arm_fixdfsi.o)
                0xe21154a4                __aeabi_d2iz
                0xe21154a4                __fixdfsi
 *(.rodata*)
 .rodata.str1.4
                0xe2115500     0x1df2 CMakeFiles/rcar4-bl.dir/config_power_domain.c.obj
                                 0x5f (size before relaxing)
 *fill*         0xe21172f2        0x2 
 .rodata.rcar4_power_domain_config
                0xe21172f4        0xc CMakeFiles/rcar4-bl.dir/config_power_domain.c.obj
 .rodata.core_pd_allowed_state_mask_table
                0xe2117300        0xc CMakeFiles/rcar4-bl.dir/config_power_domain.c.obj
 .rodata.cluster_pd_allowed_state_mask_table
                0xe211730c       0x20 CMakeFiles/rcar4-bl.dir/config_power_domain.c.obj
 .rodata.toplevel_allowed_state_mask_table
                0xe211732c       0x20 CMakeFiles/rcar4-bl.dir/config_power_domain.c.obj
 .rodata.systop_allowed_state_mask_table
                0xe211734c        0x4 CMakeFiles/rcar4-bl.dir/config_power_domain.c.obj
 .rodata.config_rcar4_pd_sysc
                0xe2117350        0xc CMakeFiles/rcar4-bl.dir/config_rcar4_pd_sysc.c.obj
                0xe2117350                config_rcar4_pd_sysc
 .rodata.str1.4
                0xe211735c       0x56 CMakeFiles/rcar4-bl.dir/config_rcar4_pd_sysc.c.obj
 .rodata.config_rcar4_pd_core
                0xe211735c        0xc CMakeFiles/rcar4-bl.dir/config_rcar4_pd_core.c.obj
                0xe211735c                config_rcar4_pd_core
 .rodata.str1.4
                0xe2117368       0x7f CMakeFiles/rcar4-bl.dir/config_rcar4_pd_core.c.obj
 .rodata.cluster_pd_name_table
                0xe2117368        0x8 CMakeFiles/rcar4-bl.dir/config_rcar4_pd_core.c.obj
 .rodata.core_pd_name_table
                0xe2117370       0x20 CMakeFiles/rcar4-bl.dir/config_rcar4_pd_core.c.obj
 .rodata.str1.4
                0xe2117390       0x21 CMakeFiles/rcar4-bl.dir/config_clock.c.obj
 .rodata.str1.4
                0xe2117390       0x2b CMakeFiles/rcar4-bl.dir/config_rcar4_clock.c.obj
 .rodata.rcar4_clock_element_table
                0xe2117390       0x48 CMakeFiles/rcar4-bl.dir/config_rcar4_clock.c.obj
 .rodata.str1.4
                0xe21173d8       0x3c CMakeFiles/rcar4-bl.dir/config_rcar4_mfismh.c.obj
 .rodata.mfismh_element_table
                0xe21173d8       0x48 CMakeFiles/rcar4-bl.dir/config_rcar4_mfismh.c.obj
 .rodata.str1.4
                0xe2117420       0x1c CMakeFiles/rcar4-bl.dir/config_transport.c.obj
 .rodata.transport_element_table
                0xe2117420       0x48 CMakeFiles/rcar4-bl.dir/config_transport.c.obj
 .rodata.str1.4
                0xe2117468       0x24 CMakeFiles/rcar4-bl.dir/config_scmi.c.obj
 .rodata.agent_table
                0xe2117468       0x30 CMakeFiles/rcar4-bl.dir/config_scmi.c.obj
 .rodata.element_table
                0xe2117498       0x48 CMakeFiles/rcar4-bl.dir/config_scmi.c.obj
 .rodata.config_rcar4_system_power
                0xe21174e0        0xc CMakeFiles/rcar4-bl.dir/config_rcar4_system_power.c.obj
                0xe21174e0                config_rcar4_system_power
 .rodata.str1.4
                0xe21174ec        0x8 CMakeFiles/rcar4-bl.dir/config_rcar4_system.c.obj
 .rodata.str1.4
                0xe21174ec       0x21 CMakeFiles/rcar4-bl.dir/config_sds.c.obj
 .rodata.sds_element_table
                0xe21174ec       0x24 CMakeFiles/rcar4-bl.dir/config_sds.c.obj
 .rodata.sds_module_config
                0xe2117510       0x14 CMakeFiles/rcar4-bl.dir/config_sds.c.obj
                0xe2117510                sds_module_config
 .rodata.sds_module_regions
                0xe2117524        0x8 CMakeFiles/rcar4-bl.dir/config_sds.c.obj
 .rodata.version_packed
                0xe211752c        0x4 CMakeFiles/rcar4-bl.dir/config_sds.c.obj
 .rodata.feature_flags
                0xe2117530        0x4 CMakeFiles/rcar4-bl.dir/config_sds.c.obj
 .rodata.rcar4_reset_config
                0xe2117534        0x4 CMakeFiles/rcar4-bl.dir/config_rcar4_reset.c.obj
 .rodata.str1.4
                0xe2117538        0x6 CMakeFiles/rcar4-bl.dir/config_rcar4_reset.c.obj
 .rodata.rcar4_reset_element_table
                0xe2117538       0x18 CMakeFiles/rcar4-bl.dir/config_rcar4_reset.c.obj
                0xe2117538                rcar4_reset_element_table
 .rodata.reset_domain_config
                0xe2117550        0x4 CMakeFiles/rcar4-bl.dir/config_reset_domain.c.obj
 .rodata.str1.4
                0xe2117554        0x6 CMakeFiles/rcar4-bl.dir/config_reset_domain.c.obj
 .rodata.reset_domain_element_table
                0xe2117554       0x18 CMakeFiles/rcar4-bl.dir/config_reset_domain.c.obj
                0xe2117554                reset_domain_element_table
 .rodata.config_scmi_reset_domain
                0xe211756c        0xc CMakeFiles/rcar4-bl.dir/config_scmi_reset_domain.c.obj
                0xe211756c                config_scmi_reset_domain
 .rodata.agent_table
                0xe2117578       0x30 CMakeFiles/rcar4-bl.dir/config_scmi_reset_domain.c.obj
 .rodata.agent_device_table_ospm
                0xe21175a8        0x8 CMakeFiles/rcar4-bl.dir/config_scmi_reset_domain.c.obj
 .rodata.arm_gic_driver
                0xe21175b0       0x3c ..\..\..\arch\armv8-r\libarch-armv8r.a(arch_gic.c.obj)
 .rodata.rcar4_system_process_notification.str1.4
                0xe21175ec       0xb7 ..\..\..\module\modules\rcar4-system\libmodule-rcar4-system.a(mod_rcar4_system.c.obj)
 .rodata.__func__.2
                0xe21175ec       0x22 ..\..\..\module\modules\rcar4-system\libmodule-rcar4-system.a(mod_rcar4_system.c.obj)
 *fill*         0xe211760e        0x2 
 .rodata.module_rcar4_system
                0xe2117610       0x44 ..\..\..\module\modules\rcar4-system\libmodule-rcar4-system.a(mod_rcar4_system.c.obj)
                0xe2117610                module_rcar4_system
 .rodata.rcar4_system_system_power_driver_api
                0xe2117654        0x8 ..\..\..\module\modules\rcar4-system\libmodule-rcar4-system.a(mod_rcar4_system.c.obj)
 .rodata.scmi_notification_table
                0xe211765c       0x14 ..\..\..\module\modules\rcar4-system\libmodule-rcar4-system.a(mod_rcar4_system.c.obj)
 .rodata.create_core_cluster_pd_element_table.str1.4
                0xe2117670       0x17 ..\..\..\module\modules\power-domain\libmodule-power-domain.a(power_domain_utils.c.obj)
 .rodata.__assert_func.str1.4
                0xe2117670       0x21 ..\..\..\framework\libframework.a(assert.c.obj)
 .rodata.fwk_arch_init.str1.4
                0xe2117670       0x6b ..\..\..\framework\libframework.a(fwk_arch.c.obj)
 .rodata.__func__.1
                0xe2117670        0xe ..\..\..\framework\libframework.a(fwk_arch.c.obj)
 .rodata.fwk_id_format.str1.4
                0xe211767e       0x8a ..\..\..\framework\libframework.a(fwk_id.c.obj)
 .rodata.fwk_id_is_type.str1.4
                0xe211767e       0x4d ..\..\..\framework\libframework.a(fwk_id.c.obj)
 .rodata.fwk_id_is_equal.str1.4
                0xe211767e       0x53 ..\..\..\framework\libframework.a(fwk_id.c.obj)
 .rodata.fwk_id_get_element_idx.str1.4
                0xe211767e       0x6b ..\..\..\framework\libframework.a(fwk_id.c.obj)
 .rodata.fwk_id_get_sub_element_idx.str1.4
                0xe211767e       0x38 ..\..\..\framework\libframework.a(fwk_id.c.obj)
 .rodata.fwk_id_get_api_idx.str1.4
                0xe211767e       0x28 ..\..\..\framework\libframework.a(fwk_id.c.obj)
 .rodata.fwk_id_get_event_idx.str1.4
                0xe211767e       0x2c ..\..\..\framework\libframework.a(fwk_id.c.obj)
 .rodata.fwk_id_get_notification_idx.str1.4
                0xe211767e       0x3a ..\..\..\framework\libframework.a(fwk_id.c.obj)
 *fill*         0xe211767e        0x2 
 .rodata.__func__.0
                0xe2117680       0x1c ..\..\..\framework\libframework.a(fwk_id.c.obj)
 .rodata.__func__.1
                0xe211769c       0x15 ..\..\..\framework\libframework.a(fwk_id.c.obj)
 *fill*         0xe21176b1        0x3 
 .rodata.__func__.2
                0xe21176b4       0x13 ..\..\..\framework\libframework.a(fwk_id.c.obj)
 *fill*         0xe21176c7        0x1 
 .rodata.__func__.3
                0xe21176c8       0x1b ..\..\..\framework\libframework.a(fwk_id.c.obj)
 *fill*         0xe21176e3        0x1 
 .rodata.__func__.4
                0xe21176e4       0x17 ..\..\..\framework\libframework.a(fwk_id.c.obj)
 *fill*         0xe21176fb        0x1 
 .rodata.__func__.5
                0xe21176fc       0x16 ..\..\..\framework\libframework.a(fwk_id.c.obj)
 *fill*         0xe2117712        0x2 
 .rodata.__func__.8
                0xe2117714       0x18 ..\..\..\framework\libframework.a(fwk_id.c.obj)
 .rodata.__func__.9
                0xe211772c       0x17 ..\..\..\framework\libframework.a(fwk_id.c.obj)
 *fill*         0xe2117743        0x1 
 .rodata.__func__.10
                0xe2117744       0x1b ..\..\..\framework\libframework.a(fwk_id.c.obj)
 *fill*         0xe211775f        0x1 
 .rodata.__func__.11
                0xe2117760       0x10 ..\..\..\framework\libframework.a(fwk_id.c.obj)
 .rodata.__func__.12
                0xe2117770       0x10 ..\..\..\framework\libframework.a(fwk_id.c.obj)
 .rodata.__func__.13
                0xe2117780        0xf ..\..\..\framework\libframework.a(fwk_id.c.obj)
 .rodata.str1.4
                0xe211778f       0x1c ..\..\..\framework\libframework.a(fwk_id.c.obj)
 *fill*         0xe211778f        0x1 
 .rodata.types.14
                0xe2117790       0x20 ..\..\..\framework\libframework.a(fwk_id.c.obj)
 .rodata.__func__.15
                0xe21177b0        0xe ..\..\..\framework\libframework.a(fwk_id.c.obj)
 *fill*         0xe21177be        0x2 
 .rodata        0xe21177c0       0x14 ..\..\..\framework\libframework.a(fwk_id.c.obj)
 .rodata.fwk_io_init.str1.4
                0xe21177d4       0x69 ..\..\..\framework\libframework.a(fwk_io.c.obj)
 .rodata.__func__.1
                0xe21177d4        0xc ..\..\..\framework\libframework.a(fwk_io.c.obj)
 .rodata.__compound_literal.0
                0xe21177e0       0x10 ..\..\..\framework\libframework.a(fwk_io.c.obj)
 .rodata.fwk_log_vsnprintf.str1.4
                0xe21177f0       0x8b ..\..\..\framework\libframework.a(fwk_log.c.obj)
 .rodata.fwk_log_banner.str1.4
                0xe21177f0        0x3 ..\..\..\framework\libframework.a(fwk_log.c.obj)
 .rodata.fwk_log_init.str1.4
                0xe21177f0        0xc ..\..\..\framework\libframework.a(fwk_log.c.obj)
 .rodata.__func__.0
                0xe21177f0       0x12 ..\..\..\framework\libframework.a(fwk_log.c.obj)
 .rodata.str1.4
                0xe2117802       0xe0 ..\..\..\framework\libframework.a(fwk_log.c.obj)
 *fill*         0xe2117802        0x2 
 .rodata.__func__.2
                0xe2117804        0xd ..\..\..\framework\libframework.a(fwk_log.c.obj)
 *fill*         0xe2117811        0x3 
 .rodata        0xe2117814       0x1c ..\..\..\framework\libframework.a(fwk_log.c.obj)
 .rodata.fwk_module_bind_elements.str1.4
                0xe2117830       0x6d ..\..\..\framework\libframework.a(fwk_module.c.obj)
 .rodata.fwk_module_init.str1.4
                0xe2117830       0x37 ..\..\..\framework\libframework.a(fwk_module.c.obj)
 .rodata.fwk_module_start.str1.4
                0xe2117830       0x26 ..\..\..\framework\libframework.a(fwk_module.c.obj)
 .rodata.fwk_module_get_element_name.str1.4